=== Job started ===
Job ID: 3740550
Host: gnode23
Date: Sat May  9 04:47:24 PM CEST 2026
=== Loaded modules ===
=== Python environment ===
CWD: /storage/homefs/eb19p026/DL_Project
Python: /storage/homefs/eb19p026/DL_Project/venv/bin/python
Python 3.11.3
Requirement already satisfied: pip in ./venv/lib/python3.11/site-packages (26.1.1)
Looking in indexes: https://download.pytorch.org/whl/cu126, https://pypi.org/simple
Requirement already satisfied: torch in ./venv/lib/python3.11/site-packages (from -r requirements.txt (line 2)) (2.11.0+cu126)
Requirement already satisfied: torchvision in ./venv/lib/python3.11/site-packages (from -r requirements.txt (line 3)) (0.26.0+cu126)
Requirement already satisfied: torchaudio in ./venv/lib/python3.11/site-packages (from -r requirements.txt (line 4)) (2.11.0+cu126)
Requirement already satisfied: timm in ./venv/lib/python3.11/site-packages (from -r requirements.txt (line 7)) (1.0.26)
Requirement already satisfied: optuna in ./venv/lib/python3.11/site-packages (from -r requirements.txt (line 8)) (4.8.0)
Requirement already satisfied: numpy in ./venv/lib/python3.11/site-packages (from -r requirements.txt (line 9)) (2.4.4)
Requirement already satisfied: pandas in ./venv/lib/python3.11/site-packages (from -r requirements.txt (line 10)) (3.0.2)
Requirement already satisfied: scikit-learn in ./venv/lib/python3.11/site-packages (from -r requirements.txt (line 11)) (1.8.0)
Requirement already satisfied: matplotlib in ./venv/lib/python3.11/site-packages (from -r requirements.txt (line 12)) (3.10.9)
Requirement already satisfied: pillow in ./venv/lib/python3.11/site-packages (from -r requirements.txt (line 13)) (12.2.0)
Requirement already satisfied: tqdm in ./venv/lib/python3.11/site-packages (from -r requirements.txt (line 14)) (4.67.3)
Requirement already satisfied: filelock in ./venv/lib/python3.11/site-packages (from torch->-r requirements.txt (line 2)) (3.29.0)
Requirement already satisfied: typing-extensions>=4.10.0 in ./venv/lib/python3.11/site-packages (from torch->-r requirements.txt (line 2)) (4.15.0)
Requirement already satisfied: setuptools<82 in ./venv/lib/python3.11/site-packages (from torch->-r requirements.txt (line 2)) (65.5.0)
Requirement already satisfied: sympy>=1.13.3 in ./venv/lib/python3.11/site-packages (from torch->-r requirements.txt (line 2)) (1.14.0)
Requirement already satisfied: networkx>=2.5.1 in ./venv/lib/python3.11/site-packages (from torch->-r requirements.txt (line 2)) (3.6.1)
Requirement already satisfied: jinja2 in ./venv/lib/python3.11/site-packages (from torch->-r requirements.txt (line 2)) (3.1.6)
Requirement already satisfied: fsspec>=0.8.5 in ./venv/lib/python3.11/site-packages (from torch->-r requirements.txt (line 2)) (2026.4.0)
Requirement already satisfied: cuda-toolkit==12.6.3 in ./venv/lib/python3.11/site-packages (from cuda-toolkit[cublas,cudart,cufft,cufile,cupti,curand,cusolver,cusparse,nvjitlink,nvrtc,nvtx]==12.6.3; platform_system == "Linux"->torch->-r requirements.txt (line 2)) (12.6.3)
Requirement already satisfied: cuda-bindings<13,>=12.9.4 in ./venv/lib/python3.11/site-packages (from torch->-r requirements.txt (line 2)) (12.9.6)
Requirement already satisfied: nvidia-cudnn-cu12==9.10.2.21 in ./venv/lib/python3.11/site-packages (from torch->-r requirements.txt (line 2)) (9.10.2.21)
Requirement already satisfied: nvidia-cusparselt-cu12==0.7.1 in ./venv/lib/python3.11/site-packages (from torch->-r requirements.txt (line 2)) (0.7.1)
Requirement already satisfied: nvidia-nccl-cu12==2.28.9 in ./venv/lib/python3.11/site-packages (from torch->-r requirements.txt (line 2)) (2.28.9)
Requirement already satisfied: nvidia-nvshmem-cu12==3.4.5 in ./venv/lib/python3.11/site-packages (from torch->-r requirements.txt (line 2)) (3.4.5)
Requirement already satisfied: triton==3.6.0 in ./venv/lib/python3.11/site-packages (from torch->-r requirements.txt (line 2)) (3.6.0)
Requirement already satisfied: nvidia-cublas-cu12==12.6.4.1.* in ./venv/lib/python3.11/site-packages (from cuda-toolkit[cublas,cudart,cufft,cufile,cupti,curand,cusolver,cusparse,nvjitlink,nvrtc,nvtx]==12.6.3; platform_system == "Linux"->torch->-r requirements.txt (line 2)) (12.6.4.1)
Requirement already satisfied: nvidia-cuda-runtime-cu12==12.6.77.* in ./venv/lib/python3.11/site-packages (from cuda-toolkit[cublas,cudart,cufft,cufile,cupti,curand,cusolver,cusparse,nvjitlink,nvrtc,nvtx]==12.6.3; platform_system == "Linux"->torch->-r requirements.txt (line 2)) (12.6.77)
Requirement already satisfied: nvidia-cufft-cu12==11.3.0.4.* in ./venv/lib/python3.11/site-packages (from cuda-toolkit[cublas,cudart,cufft,cufile,cupti,curand,cusolver,cusparse,nvjitlink,nvrtc,nvtx]==12.6.3; platform_system == "Linux"->torch->-r requirements.txt (line 2)) (11.3.0.4)
Requirement already satisfied: nvidia-cufile-cu12==1.11.1.6.* in ./venv/lib/python3.11/site-packages (from cuda-toolkit[cublas,cudart,cufft,cufile,cupti,curand,cusolver,cusparse,nvjitlink,nvrtc,nvtx]==12.6.3; platform_system == "Linux"->torch->-r requirements.txt (line 2)) (1.11.1.6)
Requirement already satisfied: nvidia-cuda-cupti-cu12==12.6.80.* in ./venv/lib/python3.11/site-packages (from cuda-toolkit[cublas,cudart,cufft,cufile,cupti,curand,cusolver,cusparse,nvjitlink,nvrtc,nvtx]==12.6.3; platform_system == "Linux"->torch->-r requirements.txt (line 2)) (12.6.80)
Requirement already satisfied: nvidia-curand-cu12==10.3.7.77.* in ./venv/lib/python3.11/site-packages (from cuda-toolkit[cublas,cudart,cufft,cufile,cupti,curand,cusolver,cusparse,nvjitlink,nvrtc,nvtx]==12.6.3; platform_system == "Linux"->torch->-r requirements.txt (line 2)) (10.3.7.77)
Requirement already satisfied: nvidia-cusolver-cu12==11.7.1.2.* in ./venv/lib/python3.11/site-packages (from cuda-toolkit[cublas,cudart,cufft,cufile,cupti,curand,cusolver,cusparse,nvjitlink,nvrtc,nvtx]==12.6.3; platform_system == "Linux"->torch->-r requirements.txt (line 2)) (11.7.1.2)
Requirement already satisfied: nvidia-cusparse-cu12==12.5.4.2.* in ./venv/lib/python3.11/site-packages (from cuda-toolkit[cublas,cudart,cufft,cufile,cupti,curand,cusolver,cusparse,nvjitlink,nvrtc,nvtx]==12.6.3; platform_system == "Linux"->torch->-r requirements.txt (line 2)) (12.5.4.2)
Requirement already satisfied: nvidia-nvjitlink-cu12==12.6.85.* in ./venv/lib/python3.11/site-packages (from cuda-toolkit[cublas,cudart,cufft,cufile,cupti,curand,cusolver,cusparse,nvjitlink,nvrtc,nvtx]==12.6.3; platform_system == "Linux"->torch->-r requirements.txt (line 2)) (12.6.85)
Requirement already satisfied: nvidia-cuda-nvrtc-cu12==12.6.85.* in ./venv/lib/python3.11/site-packages (from cuda-toolkit[cublas,cudart,cufft,cufile,cupti,curand,cusolver,cusparse,nvjitlink,nvrtc,nvtx]==12.6.3; platform_system == "Linux"->torch->-r requirements.txt (line 2)) (12.6.85)
Requirement already satisfied: nvidia-nvtx-cu12==12.6.77.* in ./venv/lib/python3.11/site-packages (from cuda-toolkit[cublas,cudart,cufft,cufile,cupti,curand,cusolver,cusparse,nvjitlink,nvrtc,nvtx]==12.6.3; platform_system == "Linux"->torch->-r requirements.txt (line 2)) (12.6.77)
Requirement already satisfied: cuda-pathfinder~=1.1 in ./venv/lib/python3.11/site-packages (from cuda-bindings<13,>=12.9.4->torch->-r requirements.txt (line 2)) (1.5.4)
Requirement already satisfied: pyyaml in ./venv/lib/python3.11/site-packages (from timm->-r requirements.txt (line 7)) (6.0.3)
Requirement already satisfied: huggingface_hub in ./venv/lib/python3.11/site-packages (from timm->-r requirements.txt (line 7)) (1.13.0)
Requirement already satisfied: safetensors in ./venv/lib/python3.11/site-packages (from timm->-r requirements.txt (line 7)) (0.7.0)
Requirement already satisfied: alembic>=1.5.0 in ./venv/lib/python3.11/site-packages (from optuna->-r requirements.txt (line 8)) (1.18.4)
Requirement already satisfied: colorlog in ./venv/lib/python3.11/site-packages (from optuna->-r requirements.txt (line 8)) (6.10.1)
Requirement already satisfied: packaging>=20.0 in ./venv/lib/python3.11/site-packages (from optuna->-r requirements.txt (line 8)) (26.2)
Requirement already satisfied: sqlalchemy>=1.4.2 in ./venv/lib/python3.11/site-packages (from optuna->-r requirements.txt (line 8)) (2.0.49)
Requirement already satisfied: python-dateutil>=2.8.2 in ./venv/lib/python3.11/site-packages (from pandas->-r requirements.txt (line 10)) (2.9.0.post0)
Requirement already satisfied: scipy>=1.10.0 in ./venv/lib/python3.11/site-packages (from scikit-learn->-r requirements.txt (line 11)) (1.17.1)
Requirement already satisfied: joblib>=1.3.0 in ./venv/lib/python3.11/site-packages (from scikit-learn->-r requirements.txt (line 11)) (1.5.3)
Requirement already satisfied: threadpoolctl>=3.2.0 in ./venv/lib/python3.11/site-packages (from scikit-learn->-r requirements.txt (line 11)) (3.6.0)
Requirement already satisfied: contourpy>=1.0.1 in ./venv/lib/python3.11/site-packages (from matplotlib->-r requirements.txt (line 12)) (1.3.3)
Requirement already satisfied: cycler>=0.10 in ./venv/lib/python3.11/site-packages (from matplotlib->-r requirements.txt (line 12)) (0.12.1)
Requirement already satisfied: fonttools>=4.22.0 in ./venv/lib/python3.11/site-packages (from matplotlib->-r requirements.txt (line 12)) (4.62.1)
Requirement already satisfied: kiwisolver>=1.3.1 in ./venv/lib/python3.11/site-packages (from matplotlib->-r requirements.txt (line 12)) (1.5.0)
Requirement already satisfied: pyparsing>=3 in ./venv/lib/python3.11/site-packages (from matplotlib->-r requirements.txt (line 12)) (3.3.2)
Requirement already satisfied: Mako in ./venv/lib/python3.11/site-packages (from alembic>=1.5.0->optuna->-r requirements.txt (line 8)) (1.3.12)
Requirement already satisfied: six>=1.5 in ./venv/lib/python3.11/site-packages (from python-dateutil>=2.8.2->pandas->-r requirements.txt (line 10)) (1.17.0)
Requirement already satisfied: greenlet>=1 in ./venv/lib/python3.11/site-packages (from sqlalchemy>=1.4.2->optuna->-r requirements.txt (line 8)) (3.5.0)
Requirement already satisfied: mpmath<1.4,>=1.1.0 in ./venv/lib/python3.11/site-packages (from sympy>=1.13.3->torch->-r requirements.txt (line 2)) (1.3.0)
Requirement already satisfied: hf-xet<2.0.0,>=1.4.3 in ./venv/lib/python3.11/site-packages (from huggingface_hub->timm->-r requirements.txt (line 7)) (1.5.0)
Requirement already satisfied: httpx<1,>=0.23.0 in ./venv/lib/python3.11/site-packages (from huggingface_hub->timm->-r requirements.txt (line 7)) (0.28.1)
Requirement already satisfied: typer in ./venv/lib/python3.11/site-packages (from huggingface_hub->timm->-r requirements.txt (line 7)) (0.25.1)
Requirement already satisfied: anyio in ./venv/lib/python3.11/site-packages (from httpx<1,>=0.23.0->huggingface_hub->timm->-r requirements.txt (line 7)) (4.13.0)
Requirement already satisfied: certifi in ./venv/lib/python3.11/site-packages (from httpx<1,>=0.23.0->huggingface_hub->timm->-r requirements.txt (line 7)) (2026.4.22)
Requirement already satisfied: httpcore==1.* in ./venv/lib/python3.11/site-packages (from httpx<1,>=0.23.0->huggingface_hub->timm->-r requirements.txt (line 7)) (1.0.9)
Requirement already satisfied: idna in ./venv/lib/python3.11/site-packages (from httpx<1,>=0.23.0->huggingface_hub->timm->-r requirements.txt (line 7)) (3.13)
Requirement already satisfied: h11>=0.16 in ./venv/lib/python3.11/site-packages (from httpcore==1.*->httpx<1,>=0.23.0->huggingface_hub->timm->-r requirements.txt (line 7)) (0.16.0)
Requirement already satisfied: MarkupSafe>=2.0 in ./venv/lib/python3.11/site-packages (from jinja2->torch->-r requirements.txt (line 2)) (3.0.3)
Requirement already satisfied: click>=8.2.1 in ./venv/lib/python3.11/site-packages (from typer->huggingface_hub->timm->-r requirements.txt (line 7)) (8.3.3)
Requirement already satisfied: shellingham>=1.3.0 in ./venv/lib/python3.11/site-packages (from typer->huggingface_hub->timm->-r requirements.txt (line 7)) (1.5.4)
Requirement already satisfied: rich>=13.8.0 in ./venv/lib/python3.11/site-packages (from typer->huggingface_hub->timm->-r requirements.txt (line 7)) (15.0.0)
Requirement already satisfied: annotated-doc>=0.0.2 in ./venv/lib/python3.11/site-packages (from typer->huggingface_hub->timm->-r requirements.txt (line 7)) (0.0.4)
Requirement already satisfied: markdown-it-py>=2.2.0 in ./venv/lib/python3.11/site-packages (from rich>=13.8.0->typer->huggingface_hub->timm->-r requirements.txt (line 7)) (4.0.0)
Requirement already satisfied: pygments<3.0.0,>=2.13.0 in ./venv/lib/python3.11/site-packages (from rich>=13.8.0->typer->huggingface_hub->timm->-r requirements.txt (line 7)) (2.20.0)
Requirement already satisfied: mdurl~=0.1 in ./venv/lib/python3.11/site-packages (from markdown-it-py>=2.2.0->rich>=13.8.0->typer->huggingface_hub->timm->-r requirements.txt (line 7)) (0.1.2)
=== CUDA / PyTorch check ===
torch: 2.11.0+cu126
torch.version.cuda: 12.6
cuda available: True
gpu: NVIDIA GeForce RTX 4090
gpu memory GB: 22.15
=== timm ConvNeXtV2 check ===
Requested model: convnextv2_tiny
Model available: True
Trying to instantiate model with pretrained=True...
Model created successfully.
Feature dim: 768
=== nvidia-smi ===
Sat May  9 16:47:36 2026       
+-----------------------------------------------------------------------------------------+
| NVIDIA-SMI 550.163.01             Driver Version: 550.163.01     CUDA Version: 12.4     |
|-----------------------------------------+------------------------+----------------------+
| GPU  Name                 Persistence-M | Bus-Id          Disp.A | Volatile Uncorr. ECC |
| Fan  Temp   Perf          Pwr:Usage/Cap |           Memory-Usage | GPU-Util  Compute M. |
|                                         |                        |               MIG M. |
|=========================================+========================+======================|
|   0  NVIDIA GeForce RTX 4090        On  |   00000000:41:00.0 Off |                    0 |
| 30%   33C    P8             15W /  450W |       2MiB /  23028MiB |      0%      Default |
|                                         |                        |                  N/A |
+-----------------------------------------+------------------------+----------------------+
|   1  NVIDIA GeForce RTX 4090        On  |   00000000:61:00.0 Off |                    0 |
| 30%   33C    P8             11W /  450W |       2MiB /  23028MiB |      0%      Default |
|                                         |                        |                  N/A |
+-----------------------------------------+------------------------+----------------------+
                                                                                         
+-----------------------------------------------------------------------------------------+
| Processes:                                                                              |
|  GPU   GI   CI        PID   Type   Process name                              GPU Memory |
|        ID   ID                                                               Usage      |
|=========================================================================================|
|  No running processes found                                                             |
+-----------------------------------------------------------------------------------------+
=== Starting ConvNeXtV2-Tiny ROI fine-tuning ===
================================================================================
Bone Age Fine-Tuning - ConvNeXtV2-Tiny on Grad-CAM ROI crops
================================================================================
Project directory: /storage/homefs/eb19p026/DL_Project
CSV path: /storage/homefs/eb19p026/DL_Project/boneage-training-dataset.csv
ROI image directory: /storage/homefs/eb19p026/DL_Project/RSNA_gradCAMcropped_dataset_512x512
Train ROI directory: /storage/homefs/eb19p026/DL_Project/RSNA_gradCAMcropped_dataset_512x512/train
Validation ROI directory: /storage/homefs/eb19p026/DL_Project/RSNA_gradCAMcropped_dataset_512x512/validation
Base checkpoint: /storage/homefs/eb19p026/DL_Project/convnextv2_tiny_training/convnextv2_tiny_best.pth
Output directory: /storage/homefs/eb19p026/DL_Project/convnextv2_tiny_gradcam_roi_finetuning
Model: convnextv2_tiny
Image size: 512x512
Batch size: 32
Gradient accumulation steps: 1
Effective batch size: 32
Backbone LR: 2.8902932713260653e-06
Head LR: 2.890293271326065e-05
Weight decay: 2.3686574806450328e-05
Drop path: 0.1
Head dropout: 0.0
Hidden dim: 2048
Smooth L1 beta: 7.0
Augmentation preset: light
Max ROIs per original: None
Using device: cuda
Using AMP: True
================================================================================
Matched 14614 train ROI images from: /storage/homefs/eb19p026/DL_Project/RSNA_gradCAMcropped_dataset_512x512/train
Unique train original images represented: 5145
Train ROI count report saved to: /storage/homefs/eb19p026/DL_Project/convnextv2_tiny_gradcam_roi_finetuning/plots/train_roi_counts_per_original.csv
Matched 3622 validation ROI images from: /storage/homefs/eb19p026/DL_Project/RSNA_gradCAMcropped_dataset_512x512/validation
Unique validation original images represented: 1287
Validation ROI count report saved to: /storage/homefs/eb19p026/DL_Project/convnextv2_tiny_gradcam_roi_finetuning/plots/validation_roi_counts_per_original.csv
Split leakage check passed: no original_id overlap between train and validation.
Train original images: 5145
Validation original images: 1287
Train ROI samples: 14614
Validation ROI samples: 3622
Loaded base model checkpoint from: /storage/homefs/eb19p026/DL_Project/convnextv2_tiny_training/convnextv2_tiny_best.pth
Base checkpoint best validation MAE: 6.32

Epoch 1/80
Epoch 1 | Train ROI MAE: 12.57 | Val aggregated MAE: 7.76 | Val ROI MAE: 9.07 | Val RMSE: 10.44 | Backbone LR: 1.927e-06 | Head LR: 1.927e-05
New best fine-tuned model saved. Best aggregated Val MAE: 7.76

Epoch 2/80
Epoch 2 | Train ROI MAE: 8.83 | Val aggregated MAE: 6.94 | Val ROI MAE: 7.90 | Val RMSE: 9.35 | Backbone LR: 2.890e-06 | Head LR: 2.890e-05
New best fine-tuned model saved. Best aggregated Val MAE: 6.94

Epoch 3/80
Epoch 3 | Train ROI MAE: 8.07 | Val aggregated MAE: 6.93 | Val ROI MAE: 7.73 | Val RMSE: 9.30 | Backbone LR: 2.890e-06 | Head LR: 2.890e-05
New best fine-tuned model saved. Best aggregated Val MAE: 6.93

Epoch 4/80
Epoch 4 | Train ROI MAE: 7.76 | Val aggregated MAE: 6.78 | Val ROI MAE: 7.41 | Val RMSE: 9.14 | Backbone LR: 2.889e-06 | Head LR: 2.889e-05
New best fine-tuned model saved. Best aggregated Val MAE: 6.78

Epoch 5/80
Epoch 5 | Train ROI MAE: 7.46 | Val aggregated MAE: 6.67 | Val ROI MAE: 7.27 | Val RMSE: 8.97 | Backbone LR: 2.885e-06 | Head LR: 2.885e-05
New best fine-tuned model saved. Best aggregated Val MAE: 6.67

Epoch 6/80
Epoch 6 | Train ROI MAE: 7.34 | Val aggregated MAE: 6.79 | Val ROI MAE: 7.39 | Val RMSE: 9.14 | Backbone LR: 2.879e-06 | Head LR: 2.879e-05
No improvement. Patience: 1/12

Epoch 7/80
Epoch 7 | Train ROI MAE: 7.19 | Val aggregated MAE: 6.76 | Val ROI MAE: 7.38 | Val RMSE: 9.06 | Backbone LR: 2.871e-06 | Head LR: 2.871e-05
No improvement. Patience: 2/12

Epoch 8/80
Epoch 8 | Train ROI MAE: 7.08 | Val aggregated MAE: 6.68 | Val ROI MAE: 7.21 | Val RMSE: 8.92 | Backbone LR: 2.860e-06 | Head LR: 2.860e-05
No improvement. Patience: 3/12

Epoch 9/80
Epoch 9 | Train ROI MAE: 6.97 | Val aggregated MAE: 7.10 | Val ROI MAE: 7.59 | Val RMSE: 9.40 | Backbone LR: 2.847e-06 | Head LR: 2.847e-05
No improvement. Patience: 4/12

Epoch 10/80
Epoch 10 | Train ROI MAE: 6.95 | Val aggregated MAE: 6.78 | Val ROI MAE: 7.28 | Val RMSE: 8.99 | Backbone LR: 2.832e-06 | Head LR: 2.832e-05
No improvement. Patience: 5/12

Epoch 11/80
Epoch 11 | Train ROI MAE: 6.84 | Val aggregated MAE: 6.61 | Val ROI MAE: 7.14 | Val RMSE: 8.87 | Backbone LR: 2.814e-06 | Head LR: 2.814e-05
New best fine-tuned model saved. Best aggregated Val MAE: 6.61

Epoch 12/80
Epoch 12 | Train ROI MAE: 6.77 | Val aggregated MAE: 6.88 | Val ROI MAE: 7.38 | Val RMSE: 9.14 | Backbone LR: 2.794e-06 | Head LR: 2.794e-05
No improvement. Patience: 1/12

Epoch 13/80
Epoch 13 | Train ROI MAE: 6.71 | Val aggregated MAE: 6.59 | Val ROI MAE: 7.10 | Val RMSE: 8.85 | Backbone LR: 2.772e-06 | Head LR: 2.772e-05
New best fine-tuned model saved. Best aggregated Val MAE: 6.59

Epoch 14/80
Epoch 14 | Train ROI MAE: 6.66 | Val aggregated MAE: 6.60 | Val ROI MAE: 7.09 | Val RMSE: 8.88 | Backbone LR: 2.747e-06 | Head LR: 2.747e-05
No improvement. Patience: 1/12

Epoch 15/80
Epoch 15 | Train ROI MAE: 6.55 | Val aggregated MAE: 6.64 | Val ROI MAE: 7.13 | Val RMSE: 8.89 | Backbone LR: 2.721e-06 | Head LR: 2.721e-05
No improvement. Patience: 2/12

Epoch 16/80
Epoch 16 | Train ROI MAE: 6.51 | Val aggregated MAE: 6.57 | Val ROI MAE: 7.04 | Val RMSE: 8.80 | Backbone LR: 2.692e-06 | Head LR: 2.692e-05
New best fine-tuned model saved. Best aggregated Val MAE: 6.57

Epoch 17/80
Epoch 17 | Train ROI MAE: 6.46 | Val aggregated MAE: 6.61 | Val ROI MAE: 7.06 | Val RMSE: 8.88 | Backbone LR: 2.661e-06 | Head LR: 2.661e-05
No improvement. Patience: 1/12

Epoch 18/80
Epoch 18 | Train ROI MAE: 6.42 | Val aggregated MAE: 6.53 | Val ROI MAE: 7.00 | Val RMSE: 8.77 | Backbone LR: 2.628e-06 | Head LR: 2.628e-05
New best fine-tuned model saved. Best aggregated Val MAE: 6.53

Epoch 19/80
Epoch 19 | Train ROI MAE: 6.36 | Val aggregated MAE: 6.80 | Val ROI MAE: 7.33 | Val RMSE: 9.07 | Backbone LR: 2.593e-06 | Head LR: 2.593e-05
No improvement. Patience: 1/12

Epoch 20/80
Epoch 20 | Train ROI MAE: 6.29 | Val aggregated MAE: 6.62 | Val ROI MAE: 7.13 | Val RMSE: 8.90 | Backbone LR: 2.556e-06 | Head LR: 2.556e-05
No improvement. Patience: 2/12

Epoch 21/80
Epoch 21 | Train ROI MAE: 6.29 | Val aggregated MAE: 6.73 | Val ROI MAE: 7.20 | Val RMSE: 8.99 | Backbone LR: 2.518e-06 | Head LR: 2.518e-05
No improvement. Patience: 3/12

Epoch 22/80
Epoch 22 | Train ROI MAE: 6.21 | Val aggregated MAE: 6.51 | Val ROI MAE: 7.01 | Val RMSE: 8.76 | Backbone LR: 2.477e-06 | Head LR: 2.477e-05
New best fine-tuned model saved. Best aggregated Val MAE: 6.51

Epoch 23/80
Epoch 23 | Train ROI MAE: 6.15 | Val aggregated MAE: 6.51 | Val ROI MAE: 7.01 | Val RMSE: 8.76 | Backbone LR: 2.435e-06 | Head LR: 2.435e-05
New best fine-tuned model saved. Best aggregated Val MAE: 6.51

Epoch 24/80
Epoch 24 | Train ROI MAE: 6.13 | Val aggregated MAE: 6.86 | Val ROI MAE: 7.35 | Val RMSE: 9.09 | Backbone LR: 2.392e-06 | Head LR: 2.392e-05
No improvement. Patience: 1/12

Epoch 25/80
Epoch 25 | Train ROI MAE: 6.06 | Val aggregated MAE: 6.57 | Val ROI MAE: 7.08 | Val RMSE: 8.83 | Backbone LR: 2.346e-06 | Head LR: 2.346e-05
No improvement. Patience: 2/12

Epoch 26/80
Epoch 26 | Train ROI MAE: 6.04 | Val aggregated MAE: 6.64 | Val ROI MAE: 7.17 | Val RMSE: 8.96 | Backbone LR: 2.299e-06 | Head LR: 2.299e-05
No improvement. Patience: 3/12

Epoch 27/80
Epoch 27 | Train ROI MAE: 5.95 | Val aggregated MAE: 6.49 | Val ROI MAE: 6.98 | Val RMSE: 8.71 | Backbone LR: 2.251e-06 | Head LR: 2.251e-05
New best fine-tuned model saved. Best aggregated Val MAE: 6.49

Epoch 28/80
Epoch 28 | Train ROI MAE: 5.95 | Val aggregated MAE: 6.57 | Val ROI MAE: 7.07 | Val RMSE: 8.84 | Backbone LR: 2.201e-06 | Head LR: 2.201e-05
No improvement. Patience: 1/12

Epoch 29/80
Epoch 29 | Train ROI MAE: 5.89 | Val aggregated MAE: 6.60 | Val ROI MAE: 7.10 | Val RMSE: 8.82 | Backbone LR: 2.151e-06 | Head LR: 2.151e-05
No improvement. Patience: 2/12

Epoch 30/80
Epoch 30 | Train ROI MAE: 5.89 | Val aggregated MAE: 6.56 | Val ROI MAE: 7.07 | Val RMSE: 8.83 | Backbone LR: 2.099e-06 | Head LR: 2.099e-05
No improvement. Patience: 3/12

Epoch 31/80
Epoch 31 | Train ROI MAE: 5.82 | Val aggregated MAE: 6.50 | Val ROI MAE: 6.99 | Val RMSE: 8.78 | Backbone LR: 2.045e-06 | Head LR: 2.045e-05
No improvement. Patience: 4/12

Epoch 32/80
Epoch 32 | Train ROI MAE: 5.79 | Val aggregated MAE: 6.54 | Val ROI MAE: 7.02 | Val RMSE: 8.79 | Backbone LR: 1.991e-06 | Head LR: 1.991e-05
No improvement. Patience: 5/12

Epoch 33/80
Epoch 33 | Train ROI MAE: 5.71 | Val aggregated MAE: 6.53 | Val ROI MAE: 7.06 | Val RMSE: 8.82 | Backbone LR: 1.936e-06 | Head LR: 1.936e-05
No improvement. Patience: 6/12

Epoch 34/80
Epoch 34 | Train ROI MAE: 5.70 | Val aggregated MAE: 6.60 | Val ROI MAE: 7.11 | Val RMSE: 8.86 | Backbone LR: 1.880e-06 | Head LR: 1.880e-05
No improvement. Patience: 7/12

Epoch 35/80
Epoch 35 | Train ROI MAE: 5.62 | Val aggregated MAE: 6.59 | Val ROI MAE: 7.09 | Val RMSE: 8.82 | Backbone LR: 1.824e-06 | Head LR: 1.824e-05
No improvement. Patience: 8/12

Epoch 36/80
Epoch 36 | Train ROI MAE: 5.66 | Val aggregated MAE: 6.50 | Val ROI MAE: 7.01 | Val RMSE: 8.78 | Backbone LR: 1.767e-06 | Head LR: 1.767e-05
No improvement. Patience: 9/12

Epoch 37/80
Epoch 37 | Train ROI MAE: 5.60 | Val aggregated MAE: 6.51 | Val ROI MAE: 7.02 | Val RMSE: 8.77 | Backbone LR: 1.709e-06 | Head LR: 1.709e-05
No improvement. Patience: 10/12

Epoch 38/80
Epoch 38 | Train ROI MAE: 5.53 | Val aggregated MAE: 6.50 | Val ROI MAE: 7.01 | Val RMSE: 8.74 | Backbone LR: 1.651e-06 | Head LR: 1.651e-05
No improvement. Patience: 11/12

Epoch 39/80
Epoch 39 | Train ROI MAE: 5.56 | Val aggregated MAE: 6.85 | Val ROI MAE: 7.40 | Val RMSE: 9.15 | Backbone LR: 1.592e-06 | Head LR: 1.592e-05
No improvement. Patience: 12/12
Early stopping triggered. Best aggregated Val MAE: 6.49

Fine-tuning finished.
Best aggregated validation MAE: 6.49
Best checkpoint saved to: /storage/homefs/eb19p026/DL_Project/convnextv2_tiny_gradcam_roi_finetuning/convnextv2_tiny_roi_finetuned_best.pth
Latest checkpoint saved to: /storage/homefs/eb19p026/DL_Project/convnextv2_tiny_gradcam_roi_finetuning/convnextv2_tiny_roi_finetuned_latest.pth
Plots saved to: /storage/homefs/eb19p026/DL_Project/convnextv2_tiny_gradcam_roi_finetuning/plots
=== ConvNeXtV2-Tiny ROI fine-tuning finished ===
Date: Sat May  9 06:56:28 PM CEST 2026
