=== Job started ===
Job ID: 3771839
Host: gnode34
Date: Sun May 10 11:40:41 AM CEST 2026
=== Loaded modules ===
=== Python environment ===
CWD: /storage/homefs/eb19p026/DL_Project
Python: /storage/homefs/eb19p026/DL_Project/venv/bin/python
Python 3.11.3
Requirement already satisfied: pip in ./venv/lib/python3.11/site-packages (26.1.1)
Looking in indexes: https://download.pytorch.org/whl/cu126, https://pypi.org/simple
Requirement already satisfied: torch in ./venv/lib/python3.11/site-packages (from -r requirements.txt (line 2)) (2.11.0+cu126)
Requirement already satisfied: torchvision in ./venv/lib/python3.11/site-packages (from -r requirements.txt (line 3)) (0.26.0+cu126)
Requirement already satisfied: torchaudio in ./venv/lib/python3.11/site-packages (from -r requirements.txt (line 4)) (2.11.0+cu126)
Requirement already satisfied: timm in ./venv/lib/python3.11/site-packages (from -r requirements.txt (line 7)) (1.0.26)
Requirement already satisfied: optuna in ./venv/lib/python3.11/site-packages (from -r requirements.txt (line 8)) (4.8.0)
Requirement already satisfied: numpy in ./venv/lib/python3.11/site-packages (from -r requirements.txt (line 9)) (2.4.4)
Requirement already satisfied: pandas in ./venv/lib/python3.11/site-packages (from -r requirements.txt (line 10)) (3.0.2)
Requirement already satisfied: scikit-learn in ./venv/lib/python3.11/site-packages (from -r requirements.txt (line 11)) (1.8.0)
Requirement already satisfied: matplotlib in ./venv/lib/python3.11/site-packages (from -r requirements.txt (line 12)) (3.10.9)
Requirement already satisfied: pillow in ./venv/lib/python3.11/site-packages (from -r requirements.txt (line 13)) (12.2.0)
Requirement already satisfied: tqdm in ./venv/lib/python3.11/site-packages (from -r requirements.txt (line 14)) (4.67.3)
Requirement already satisfied: filelock in ./venv/lib/python3.11/site-packages (from torch->-r requirements.txt (line 2)) (3.29.0)
Requirement already satisfied: typing-extensions>=4.10.0 in ./venv/lib/python3.11/site-packages (from torch->-r requirements.txt (line 2)) (4.15.0)
Requirement already satisfied: setuptools<82 in ./venv/lib/python3.11/site-packages (from torch->-r requirements.txt (line 2)) (65.5.0)
Requirement already satisfied: sympy>=1.13.3 in ./venv/lib/python3.11/site-packages (from torch->-r requirements.txt (line 2)) (1.14.0)
Requirement already satisfied: networkx>=2.5.1 in ./venv/lib/python3.11/site-packages (from torch->-r requirements.txt (line 2)) (3.6.1)
Requirement already satisfied: jinja2 in ./venv/lib/python3.11/site-packages (from torch->-r requirements.txt (line 2)) (3.1.6)
Requirement already satisfied: fsspec>=0.8.5 in ./venv/lib/python3.11/site-packages (from torch->-r requirements.txt (line 2)) (2026.4.0)
Requirement already satisfied: cuda-toolkit==12.6.3 in ./venv/lib/python3.11/site-packages (from cuda-toolkit[cublas,cudart,cufft,cufile,cupti,curand,cusolver,cusparse,nvjitlink,nvrtc,nvtx]==12.6.3; platform_system == "Linux"->torch->-r requirements.txt (line 2)) (12.6.3)
Requirement already satisfied: cuda-bindings<13,>=12.9.4 in ./venv/lib/python3.11/site-packages (from torch->-r requirements.txt (line 2)) (12.9.6)
Requirement already satisfied: nvidia-cudnn-cu12==9.10.2.21 in ./venv/lib/python3.11/site-packages (from torch->-r requirements.txt (line 2)) (9.10.2.21)
Requirement already satisfied: nvidia-cusparselt-cu12==0.7.1 in ./venv/lib/python3.11/site-packages (from torch->-r requirements.txt (line 2)) (0.7.1)
Requirement already satisfied: nvidia-nccl-cu12==2.28.9 in ./venv/lib/python3.11/site-packages (from torch->-r requirements.txt (line 2)) (2.28.9)
Requirement already satisfied: nvidia-nvshmem-cu12==3.4.5 in ./venv/lib/python3.11/site-packages (from torch->-r requirements.txt (line 2)) (3.4.5)
Requirement already satisfied: triton==3.6.0 in ./venv/lib/python3.11/site-packages (from torch->-r requirements.txt (line 2)) (3.6.0)
Requirement already satisfied: nvidia-cublas-cu12==12.6.4.1.* in ./venv/lib/python3.11/site-packages (from cuda-toolkit[cublas,cudart,cufft,cufile,cupti,curand,cusolver,cusparse,nvjitlink,nvrtc,nvtx]==12.6.3; platform_system == "Linux"->torch->-r requirements.txt (line 2)) (12.6.4.1)
Requirement already satisfied: nvidia-cuda-runtime-cu12==12.6.77.* in ./venv/lib/python3.11/site-packages (from cuda-toolkit[cublas,cudart,cufft,cufile,cupti,curand,cusolver,cusparse,nvjitlink,nvrtc,nvtx]==12.6.3; platform_system == "Linux"->torch->-r requirements.txt (line 2)) (12.6.77)
Requirement already satisfied: nvidia-cufft-cu12==11.3.0.4.* in ./venv/lib/python3.11/site-packages (from cuda-toolkit[cublas,cudart,cufft,cufile,cupti,curand,cusolver,cusparse,nvjitlink,nvrtc,nvtx]==12.6.3; platform_system == "Linux"->torch->-r requirements.txt (line 2)) (11.3.0.4)
Requirement already satisfied: nvidia-cufile-cu12==1.11.1.6.* in ./venv/lib/python3.11/site-packages (from cuda-toolkit[cublas,cudart,cufft,cufile,cupti,curand,cusolver,cusparse,nvjitlink,nvrtc,nvtx]==12.6.3; platform_system == "Linux"->torch->-r requirements.txt (line 2)) (1.11.1.6)
Requirement already satisfied: nvidia-cuda-cupti-cu12==12.6.80.* in ./venv/lib/python3.11/site-packages (from cuda-toolkit[cublas,cudart,cufft,cufile,cupti,curand,cusolver,cusparse,nvjitlink,nvrtc,nvtx]==12.6.3; platform_system == "Linux"->torch->-r requirements.txt (line 2)) (12.6.80)
Requirement already satisfied: nvidia-curand-cu12==10.3.7.77.* in ./venv/lib/python3.11/site-packages (from cuda-toolkit[cublas,cudart,cufft,cufile,cupti,curand,cusolver,cusparse,nvjitlink,nvrtc,nvtx]==12.6.3; platform_system == "Linux"->torch->-r requirements.txt (line 2)) (10.3.7.77)
Requirement already satisfied: nvidia-cusolver-cu12==11.7.1.2.* in ./venv/lib/python3.11/site-packages (from cuda-toolkit[cublas,cudart,cufft,cufile,cupti,curand,cusolver,cusparse,nvjitlink,nvrtc,nvtx]==12.6.3; platform_system == "Linux"->torch->-r requirements.txt (line 2)) (11.7.1.2)
Requirement already satisfied: nvidia-cusparse-cu12==12.5.4.2.* in ./venv/lib/python3.11/site-packages (from cuda-toolkit[cublas,cudart,cufft,cufile,cupti,curand,cusolver,cusparse,nvjitlink,nvrtc,nvtx]==12.6.3; platform_system == "Linux"->torch->-r requirements.txt (line 2)) (12.5.4.2)
Requirement already satisfied: nvidia-nvjitlink-cu12==12.6.85.* in ./venv/lib/python3.11/site-packages (from cuda-toolkit[cublas,cudart,cufft,cufile,cupti,curand,cusolver,cusparse,nvjitlink,nvrtc,nvtx]==12.6.3; platform_system == "Linux"->torch->-r requirements.txt (line 2)) (12.6.85)
Requirement already satisfied: nvidia-cuda-nvrtc-cu12==12.6.85.* in ./venv/lib/python3.11/site-packages (from cuda-toolkit[cublas,cudart,cufft,cufile,cupti,curand,cusolver,cusparse,nvjitlink,nvrtc,nvtx]==12.6.3; platform_system == "Linux"->torch->-r requirements.txt (line 2)) (12.6.85)
Requirement already satisfied: nvidia-nvtx-cu12==12.6.77.* in ./venv/lib/python3.11/site-packages (from cuda-toolkit[cublas,cudart,cufft,cufile,cupti,curand,cusolver,cusparse,nvjitlink,nvrtc,nvtx]==12.6.3; platform_system == "Linux"->torch->-r requirements.txt (line 2)) (12.6.77)
Requirement already satisfied: cuda-pathfinder~=1.1 in ./venv/lib/python3.11/site-packages (from cuda-bindings<13,>=12.9.4->torch->-r requirements.txt (line 2)) (1.5.4)
Requirement already satisfied: pyyaml in ./venv/lib/python3.11/site-packages (from timm->-r requirements.txt (line 7)) (6.0.3)
Requirement already satisfied: huggingface_hub in ./venv/lib/python3.11/site-packages (from timm->-r requirements.txt (line 7)) (1.13.0)
Requirement already satisfied: safetensors in ./venv/lib/python3.11/site-packages (from timm->-r requirements.txt (line 7)) (0.7.0)
Requirement already satisfied: alembic>=1.5.0 in ./venv/lib/python3.11/site-packages (from optuna->-r requirements.txt (line 8)) (1.18.4)
Requirement already satisfied: colorlog in ./venv/lib/python3.11/site-packages (from optuna->-r requirements.txt (line 8)) (6.10.1)
Requirement already satisfied: packaging>=20.0 in ./venv/lib/python3.11/site-packages (from optuna->-r requirements.txt (line 8)) (26.2)
Requirement already satisfied: sqlalchemy>=1.4.2 in ./venv/lib/python3.11/site-packages (from optuna->-r requirements.txt (line 8)) (2.0.49)
Requirement already satisfied: python-dateutil>=2.8.2 in ./venv/lib/python3.11/site-packages (from pandas->-r requirements.txt (line 10)) (2.9.0.post0)
Requirement already satisfied: scipy>=1.10.0 in ./venv/lib/python3.11/site-packages (from scikit-learn->-r requirements.txt (line 11)) (1.17.1)
Requirement already satisfied: joblib>=1.3.0 in ./venv/lib/python3.11/site-packages (from scikit-learn->-r requirements.txt (line 11)) (1.5.3)
Requirement already satisfied: threadpoolctl>=3.2.0 in ./venv/lib/python3.11/site-packages (from scikit-learn->-r requirements.txt (line 11)) (3.6.0)
Requirement already satisfied: contourpy>=1.0.1 in ./venv/lib/python3.11/site-packages (from matplotlib->-r requirements.txt (line 12)) (1.3.3)
Requirement already satisfied: cycler>=0.10 in ./venv/lib/python3.11/site-packages (from matplotlib->-r requirements.txt (line 12)) (0.12.1)
Requirement already satisfied: fonttools>=4.22.0 in ./venv/lib/python3.11/site-packages (from matplotlib->-r requirements.txt (line 12)) (4.62.1)
Requirement already satisfied: kiwisolver>=1.3.1 in ./venv/lib/python3.11/site-packages (from matplotlib->-r requirements.txt (line 12)) (1.5.0)
Requirement already satisfied: pyparsing>=3 in ./venv/lib/python3.11/site-packages (from matplotlib->-r requirements.txt (line 12)) (3.3.2)
Requirement already satisfied: Mako in ./venv/lib/python3.11/site-packages (from alembic>=1.5.0->optuna->-r requirements.txt (line 8)) (1.3.12)
Requirement already satisfied: six>=1.5 in ./venv/lib/python3.11/site-packages (from python-dateutil>=2.8.2->pandas->-r requirements.txt (line 10)) (1.17.0)
Requirement already satisfied: greenlet>=1 in ./venv/lib/python3.11/site-packages (from sqlalchemy>=1.4.2->optuna->-r requirements.txt (line 8)) (3.5.0)
Requirement already satisfied: mpmath<1.4,>=1.1.0 in ./venv/lib/python3.11/site-packages (from sympy>=1.13.3->torch->-r requirements.txt (line 2)) (1.3.0)
Requirement already satisfied: hf-xet<2.0.0,>=1.4.3 in ./venv/lib/python3.11/site-packages (from huggingface_hub->timm->-r requirements.txt (line 7)) (1.5.0)
Requirement already satisfied: httpx<1,>=0.23.0 in ./venv/lib/python3.11/site-packages (from huggingface_hub->timm->-r requirements.txt (line 7)) (0.28.1)
Requirement already satisfied: typer in ./venv/lib/python3.11/site-packages (from huggingface_hub->timm->-r requirements.txt (line 7)) (0.25.1)
Requirement already satisfied: anyio in ./venv/lib/python3.11/site-packages (from httpx<1,>=0.23.0->huggingface_hub->timm->-r requirements.txt (line 7)) (4.13.0)
Requirement already satisfied: certifi in ./venv/lib/python3.11/site-packages (from httpx<1,>=0.23.0->huggingface_hub->timm->-r requirements.txt (line 7)) (2026.4.22)
Requirement already satisfied: httpcore==1.* in ./venv/lib/python3.11/site-packages (from httpx<1,>=0.23.0->huggingface_hub->timm->-r requirements.txt (line 7)) (1.0.9)
Requirement already satisfied: idna in ./venv/lib/python3.11/site-packages (from httpx<1,>=0.23.0->huggingface_hub->timm->-r requirements.txt (line 7)) (3.13)
Requirement already satisfied: h11>=0.16 in ./venv/lib/python3.11/site-packages (from httpcore==1.*->httpx<1,>=0.23.0->huggingface_hub->timm->-r requirements.txt (line 7)) (0.16.0)
Requirement already satisfied: MarkupSafe>=2.0 in ./venv/lib/python3.11/site-packages (from jinja2->torch->-r requirements.txt (line 2)) (3.0.3)
Requirement already satisfied: click>=8.2.1 in ./venv/lib/python3.11/site-packages (from typer->huggingface_hub->timm->-r requirements.txt (line 7)) (8.3.3)
Requirement already satisfied: shellingham>=1.3.0 in ./venv/lib/python3.11/site-packages (from typer->huggingface_hub->timm->-r requirements.txt (line 7)) (1.5.4)
Requirement already satisfied: rich>=13.8.0 in ./venv/lib/python3.11/site-packages (from typer->huggingface_hub->timm->-r requirements.txt (line 7)) (15.0.0)
Requirement already satisfied: annotated-doc>=0.0.2 in ./venv/lib/python3.11/site-packages (from typer->huggingface_hub->timm->-r requirements.txt (line 7)) (0.0.4)
Requirement already satisfied: markdown-it-py>=2.2.0 in ./venv/lib/python3.11/site-packages (from rich>=13.8.0->typer->huggingface_hub->timm->-r requirements.txt (line 7)) (4.0.0)
Requirement already satisfied: pygments<3.0.0,>=2.13.0 in ./venv/lib/python3.11/site-packages (from rich>=13.8.0->typer->huggingface_hub->timm->-r requirements.txt (line 7)) (2.20.0)
Requirement already satisfied: mdurl~=0.1 in ./venv/lib/python3.11/site-packages (from markdown-it-py>=2.2.0->rich>=13.8.0->typer->huggingface_hub->timm->-r requirements.txt (line 7)) (0.1.2)
=== CUDA / PyTorch check ===
torch: 2.11.0+cu126
torch.version.cuda: 12.6
cuda available: True
gpu: NVIDIA H100 NVL
gpu memory GB: 93.0
=== timm Swin-T check ===
Requested model: swin_tiny_patch4_window7_224
Model available: True
=== nvidia-smi ===
Sun May 10 11:41:37 2026       
+-----------------------------------------------------------------------------------------+
| NVIDIA-SMI 550.163.01             Driver Version: 550.163.01     CUDA Version: 12.4     |
|-----------------------------------------+------------------------+----------------------+
| GPU  Name                 Persistence-M | Bus-Id          Disp.A | Volatile Uncorr. ECC |
| Fan  Temp   Perf          Pwr:Usage/Cap |           Memory-Usage | GPU-Util  Compute M. |
|                                         |                        |               MIG M. |
|=========================================+========================+======================|
|   0  NVIDIA H100 NVL                On  |   00000000:A1:00.0 Off |                    0 |
| N/A   35C    P0             62W /  400W |       1MiB /  95830MiB |      0%      Default |
|                                         |                        |             Disabled |
+-----------------------------------------+------------------------+----------------------+
                                                                                         
+-----------------------------------------------------------------------------------------+
| Processes:                                                                              |
|  GPU   GI   CI        PID   Type   Process name                              GPU Memory |
|        ID   ID                                                               Usage      |
|=========================================================================================|
|  No running processes found                                                             |
+-----------------------------------------------------------------------------------------+
=== Starting Swin-T HPO ===
============================================================
HPO configuration
============================================================
Using device: cuda
Model: swin_tiny_patch4_window7_224
Using pretrained: True
Using AMP: True
Project dir: /storage/homefs/eb19p026/DL_Project
CSV path: /storage/homefs/eb19p026/DL_Project/boneage-training-dataset.csv
Image dir: /storage/homefs/eb19p026/DL_Project/cropped_overlayed_RSNA_dataset_1024x1024
HPO dir: /storage/homefs/eb19p026/DL_Project/hpo_swin_t_boneage_HPOV1
Study name: hpo_swin_t_boneage_HPOV1
Storage: sqlite:////storage/homefs/eb19p026/DL_Project/hpo_swin_t_boneage_HPOV1/optuna_study.db
Batch size: 32
Grad accum steps: 1
Effective batch size: 32
Target trials: 30
HPO epochs per trial: 25
HPO steps per epoch: 250
============================================================
GPU: NVIDIA H100 NVL
GPU memory GB: 93.0
Warning: 27 rows missing images. Saved to: /storage/homefs/eb19p026/DL_Project/hpo_swin_t_boneage_HPOV1/missing_images.csv
Existing trials in study: 1
Remaining trials to run: 29
Saved HPO partial result to: /storage/homefs/eb19p026/DL_Project/hpo_swin_t_boneage_HPOV1/best_hpo_result_partial.json
Saved HPO partial trials to: /storage/homefs/eb19p026/DL_Project/hpo_swin_t_boneage_HPOV1/optuna_trials_partial.csv
Trial 000 | Epoch 001/25 | Img 1024 | Train MAE: 90.76 | Val MAE: 37.97 | Val RMSE: 44.67 | Best Trial MAE: 37.97
Trial 000 | Epoch 002/25 | Img 1024 | Train MAE: 32.70 | Val MAE: 21.69 | Val RMSE: 27.45 | Best Trial MAE: 21.69
Trial 000 | Epoch 003/25 | Img 1024 | Train MAE: 16.47 | Val MAE: 12.78 | Val RMSE: 16.17 | Best Trial MAE: 12.78
Trial 000 | Epoch 004/25 | Img 1024 | Train MAE: 12.92 | Val MAE: 11.96 | Val RMSE: 15.08 | Best Trial MAE: 11.96
Trial 000 | Epoch 005/25 | Img 1024 | Train MAE: 12.22 | Val MAE: 10.89 | Val RMSE: 13.74 | Best Trial MAE: 10.89
Trial 000 | Epoch 006/25 | Img 1024 | Train MAE: 11.63 | Val MAE: 11.11 | Val RMSE: 14.00 | Best Trial MAE: 10.89
Trial 000 | Epoch 007/25 | Img 1024 | Train MAE: 11.04 | Val MAE: 10.27 | Val RMSE: 13.04 | Best Trial MAE: 10.27
Trial 000 | Epoch 008/25 | Img 1024 | Train MAE: 11.15 | Val MAE: 11.33 | Val RMSE: 14.44 | Best Trial MAE: 10.27
Trial 000 | Epoch 009/25 | Img 1024 | Train MAE: 10.85 | Val MAE: 10.06 | Val RMSE: 12.78 | Best Trial MAE: 10.06
Trial 000 | Epoch 010/25 | Img 1024 | Train MAE: 10.58 | Val MAE: 11.18 | Val RMSE: 14.16 | Best Trial MAE: 10.06
Trial 000 | Epoch 011/25 | Img 1024 | Train MAE: 9.95 | Val MAE: 9.51 | Val RMSE: 12.12 | Best Trial MAE: 9.51
Trial 000 | Epoch 012/25 | Img 1024 | Train MAE: 10.03 | Val MAE: 9.61 | Val RMSE: 12.15 | Best Trial MAE: 9.51
Trial 000 | Epoch 013/25 | Img 1024 | Train MAE: 9.89 | Val MAE: 9.31 | Val RMSE: 11.83 | Best Trial MAE: 9.31
Trial 000 | Epoch 014/25 | Img 1024 | Train MAE: 9.58 | Val MAE: 9.23 | Val RMSE: 11.83 | Best Trial MAE: 9.23
Trial 000 | Epoch 015/25 | Img 1024 | Train MAE: 9.53 | Val MAE: 9.26 | Val RMSE: 11.81 | Best Trial MAE: 9.23
Trial 000 | Epoch 016/25 | Img 1024 | Train MAE: 9.49 | Val MAE: 9.05 | Val RMSE: 11.64 | Best Trial MAE: 9.05
Trial 000 | Epoch 017/25 | Img 1024 | Train MAE: 9.40 | Val MAE: 9.11 | Val RMSE: 11.63 | Best Trial MAE: 9.05
Trial 000 | Epoch 018/25 | Img 1024 | Train MAE: 9.28 | Val MAE: 9.00 | Val RMSE: 11.44 | Best Trial MAE: 9.00
Trial 000 | Epoch 019/25 | Img 1024 | Train MAE: 9.17 | Val MAE: 8.92 | Val RMSE: 11.38 | Best Trial MAE: 8.92
Trial 000 | Epoch 020/25 | Img 1024 | Train MAE: 9.10 | Val MAE: 8.84 | Val RMSE: 11.32 | Best Trial MAE: 8.84
Trial 000 | Epoch 021/25 | Img 1024 | Train MAE: 9.02 | Val MAE: 8.82 | Val RMSE: 11.33 | Best Trial MAE: 8.82
Trial 000 | Epoch 022/25 | Img 1024 | Train MAE: 9.01 | Val MAE: 8.83 | Val RMSE: 11.34 | Best Trial MAE: 8.82
Trial 000 | Epoch 023/25 | Img 1024 | Train MAE: 8.95 | Val MAE: 8.79 | Val RMSE: 11.29 | Best Trial MAE: 8.79
Trial 000 | Epoch 024/25 | Img 1024 | Train MAE: 8.97 | Val MAE: 8.80 | Val RMSE: 11.30 | Best Trial MAE: 8.79
Trial 000 | Epoch 025/25 | Img 1024 | Train MAE: 8.98 | Val MAE: 8.79 | Val RMSE: 11.29 | Best Trial MAE: 8.79
Saved HPO partial result to: /storage/homefs/eb19p026/DL_Project/hpo_swin_t_boneage_HPOV1/best_hpo_result_partial.json
Saved HPO partial trials to: /storage/homefs/eb19p026/DL_Project/hpo_swin_t_boneage_HPOV1/optuna_trials_partial.csv
Trial 001 | Epoch 001/25 | Img 1024 | Train MAE: 97.86 | Val MAE: 64.39 | Val RMSE: 73.24 | Best Trial MAE: 64.39
Trial 001 | Epoch 002/25 | Img 1024 | Train MAE: 39.71 | Val MAE: 33.20 | Val RMSE: 41.94 | Best Trial MAE: 33.20
Trial 001 | Epoch 003/25 | Img 1024 | Train MAE: 33.25 | Val MAE: 32.89 | Val RMSE: 41.43 | Best Trial MAE: 32.89
Trial 001 | Epoch 004/25 | Img 1024 | Train MAE: 24.24 | Val MAE: 16.10 | Val RMSE: 20.42 | Best Trial MAE: 16.10
Trial 001 | Epoch 005/25 | Img 1024 | Train MAE: 16.01 | Val MAE: 13.19 | Val RMSE: 16.80 | Best Trial MAE: 13.19
Trial 001 | Epoch 006/25 | Img 1024 | Train MAE: 13.55 | Val MAE: 12.29 | Val RMSE: 15.51 | Best Trial MAE: 12.29
Trial 001 | Epoch 007/25 | Img 1024 | Train MAE: 12.54 | Val MAE: 11.99 | Val RMSE: 15.05 | Best Trial MAE: 11.99
Trial 001 | Epoch 008/25 | Img 1024 | Train MAE: 12.02 | Val MAE: 11.19 | Val RMSE: 14.15 | Best Trial MAE: 11.19
Trial 001 | Epoch 009/25 | Img 1024 | Train MAE: 11.59 | Val MAE: 10.61 | Val RMSE: 13.29 | Best Trial MAE: 10.61
Trial 001 | Epoch 010/25 | Img 1024 | Train MAE: 11.12 | Val MAE: 10.21 | Val RMSE: 12.96 | Best Trial MAE: 10.21
Trial 001 | Epoch 011/25 | Img 1024 | Train MAE: 10.76 | Val MAE: 10.37 | Val RMSE: 13.09 | Best Trial MAE: 10.21
Trial 001 | Epoch 012/25 | Img 1024 | Train MAE: 10.46 | Val MAE: 9.73 | Val RMSE: 12.26 | Best Trial MAE: 9.73
Trial 001 | Epoch 013/25 | Img 1024 | Train MAE: 10.28 | Val MAE: 9.92 | Val RMSE: 12.51 | Best Trial MAE: 9.73
Trial 001 | Epoch 014/25 | Img 1024 | Train MAE: 10.08 | Val MAE: 10.46 | Val RMSE: 13.30 | Best Trial MAE: 9.73
Trial 001 | Epoch 015/25 | Img 1024 | Train MAE: 9.79 | Val MAE: 9.56 | Val RMSE: 12.07 | Best Trial MAE: 9.56
Trial 001 | Epoch 016/25 | Img 1024 | Train MAE: 9.56 | Val MAE: 9.79 | Val RMSE: 12.44 | Best Trial MAE: 9.56
Trial 001 | Epoch 017/25 | Img 1024 | Train MAE: 9.42 | Val MAE: 9.55 | Val RMSE: 12.11 | Best Trial MAE: 9.55
Trial 001 | Epoch 018/25 | Img 1024 | Train MAE: 9.31 | Val MAE: 9.67 | Val RMSE: 12.27 | Best Trial MAE: 9.55
Trial 001 | Epoch 019/25 | Img 1024 | Train MAE: 9.25 | Val MAE: 9.60 | Val RMSE: 12.18 | Best Trial MAE: 9.55
Trial 001 | Epoch 020/25 | Img 1024 | Train MAE: 9.01 | Val MAE: 9.77 | Val RMSE: 12.40 | Best Trial MAE: 9.55
Trial 001 | Epoch 021/25 | Img 1024 | Train MAE: 8.98 | Val MAE: 9.62 | Val RMSE: 12.22 | Best Trial MAE: 9.55
Trial 001 | Epoch 022/25 | Img 1024 | Train MAE: 8.97 | Val MAE: 9.54 | Val RMSE: 12.10 | Best Trial MAE: 9.54
Trial 001 | Epoch 023/25 | Img 1024 | Train MAE: 8.91 | Val MAE: 9.59 | Val RMSE: 12.19 | Best Trial MAE: 9.54
Trial 001 | Epoch 024/25 | Img 1024 | Train MAE: 8.75 | Val MAE: 9.59 | Val RMSE: 12.20 | Best Trial MAE: 9.54
Trial 001 | Epoch 025/25 | Img 1024 | Train MAE: 8.79 | Val MAE: 9.58 | Val RMSE: 12.18 | Best Trial MAE: 9.54
Saved HPO partial result to: /storage/homefs/eb19p026/DL_Project/hpo_swin_t_boneage_HPOV1/best_hpo_result_partial.json
Saved HPO partial trials to: /storage/homefs/eb19p026/DL_Project/hpo_swin_t_boneage_HPOV1/optuna_trials_partial.csv
Trial 002 | Epoch 001/25 | Img 1024 | Train MAE: 110.69 | Val MAE: 74.52 | Val RMSE: 83.39 | Best Trial MAE: 74.52
Trial 002 | Epoch 002/25 | Img 1024 | Train MAE: 37.82 | Val MAE: 29.15 | Val RMSE: 36.52 | Best Trial MAE: 29.15
Trial 002 | Epoch 003/25 | Img 1024 | Train MAE: 23.44 | Val MAE: 16.90 | Val RMSE: 21.56 | Best Trial MAE: 16.90
Trial 002 | Epoch 004/25 | Img 1024 | Train MAE: 17.25 | Val MAE: 14.02 | Val RMSE: 17.97 | Best Trial MAE: 14.02
Trial 002 | Epoch 005/25 | Img 1024 | Train MAE: 14.66 | Val MAE: 12.41 | Val RMSE: 15.91 | Best Trial MAE: 12.41
Trial 002 | Epoch 006/25 | Img 1024 | Train MAE: 13.49 | Val MAE: 11.78 | Val RMSE: 14.97 | Best Trial MAE: 11.78
Trial 002 | Epoch 007/25 | Img 1024 | Train MAE: 12.75 | Val MAE: 14.34 | Val RMSE: 17.72 | Best Trial MAE: 11.78
Trial 002 | Epoch 008/25 | Img 1024 | Train MAE: 12.15 | Val MAE: 10.92 | Val RMSE: 13.69 | Best Trial MAE: 10.92
Trial 002 | Epoch 009/25 | Img 1024 | Train MAE: 11.84 | Val MAE: 11.49 | Val RMSE: 14.45 | Best Trial MAE: 10.92
Trial 002 | Epoch 010/25 | Img 1024 | Train MAE: 11.45 | Val MAE: 10.90 | Val RMSE: 13.78 | Best Trial MAE: 10.90
Trial 002 | Epoch 011/25 | Img 1024 | Train MAE: 11.02 | Val MAE: 10.90 | Val RMSE: 13.77 | Best Trial MAE: 10.90
Trial 002 | Epoch 012/25 | Img 1024 | Train MAE: 10.78 | Val MAE: 10.27 | Val RMSE: 12.89 | Best Trial MAE: 10.27
Trial 002 | Epoch 013/25 | Img 1024 | Train MAE: 10.83 | Val MAE: 10.08 | Val RMSE: 12.71 | Best Trial MAE: 10.08
Trial 002 | Epoch 014/25 | Img 1024 | Train MAE: 10.48 | Val MAE: 10.10 | Val RMSE: 12.80 | Best Trial MAE: 10.08
Trial 002 | Epoch 015/25 | Img 1024 | Train MAE: 10.39 | Val MAE: 10.65 | Val RMSE: 13.50 | Best Trial MAE: 10.08
Trial 002 | Epoch 016/25 | Img 1024 | Train MAE: 10.42 | Val MAE: 10.15 | Val RMSE: 12.86 | Best Trial MAE: 10.08
Trial 002 | Epoch 017/25 | Img 1024 | Train MAE: 10.14 | Val MAE: 10.01 | Val RMSE: 12.70 | Best Trial MAE: 10.01
Trial 002 | Epoch 018/25 | Img 1024 | Train MAE: 10.23 | Val MAE: 10.03 | Val RMSE: 12.72 | Best Trial MAE: 10.01
Trial 002 | Epoch 019/25 | Img 1024 | Train MAE: 10.03 | Val MAE: 9.82 | Val RMSE: 12.45 | Best Trial MAE: 9.82
Trial 002 | Epoch 020/25 | Img 1024 | Train MAE: 10.04 | Val MAE: 9.78 | Val RMSE: 12.39 | Best Trial MAE: 9.78
Trial 002 | Epoch 021/25 | Img 1024 | Train MAE: 10.00 | Val MAE: 9.86 | Val RMSE: 12.49 | Best Trial MAE: 9.78
Trial 002 | Epoch 022/25 | Img 1024 | Train MAE: 9.96 | Val MAE: 9.74 | Val RMSE: 12.33 | Best Trial MAE: 9.74
Trial 002 | Epoch 023/25 | Img 1024 | Train MAE: 9.89 | Val MAE: 9.76 | Val RMSE: 12.36 | Best Trial MAE: 9.74
Trial 002 | Epoch 024/25 | Img 1024 | Train MAE: 9.85 | Val MAE: 9.78 | Val RMSE: 12.39 | Best Trial MAE: 9.74
Trial 002 | Epoch 025/25 | Img 1024 | Train MAE: 9.99 | Val MAE: 9.78 | Val RMSE: 12.39 | Best Trial MAE: 9.74
Saved HPO partial result to: /storage/homefs/eb19p026/DL_Project/hpo_swin_t_boneage_HPOV1/best_hpo_result_partial.json
Saved HPO partial trials to: /storage/homefs/eb19p026/DL_Project/hpo_swin_t_boneage_HPOV1/optuna_trials_partial.csv
Trial 003 | Epoch 001/25 | Img 1024 | Train MAE: 108.07 | Val MAE: 69.64 | Val RMSE: 78.57 | Best Trial MAE: 69.64
Trial 003 | Epoch 002/25 | Img 1024 | Train MAE: 39.52 | Val MAE: 33.66 | Val RMSE: 43.39 | Best Trial MAE: 33.66
Trial 003 | Epoch 003/25 | Img 1024 | Train MAE: 26.99 | Val MAE: 17.33 | Val RMSE: 22.05 | Best Trial MAE: 17.33
Trial 003 | Epoch 004/25 | Img 1024 | Train MAE: 18.22 | Val MAE: 14.03 | Val RMSE: 18.18 | Best Trial MAE: 14.03
Trial 003 | Epoch 005/25 | Img 1024 | Train MAE: 15.28 | Val MAE: 12.41 | Val RMSE: 15.84 | Best Trial MAE: 12.41
Trial 003 | Epoch 006/25 | Img 1024 | Train MAE: 13.99 | Val MAE: 12.66 | Val RMSE: 16.18 | Best Trial MAE: 12.41
Trial 003 | Epoch 007/25 | Img 1024 | Train MAE: 12.94 | Val MAE: 12.11 | Val RMSE: 15.36 | Best Trial MAE: 12.11
Trial 003 | Epoch 008/25 | Img 1024 | Train MAE: 12.75 | Val MAE: 11.84 | Val RMSE: 15.04 | Best Trial MAE: 11.84
Trial 003 | Epoch 009/25 | Img 1024 | Train MAE: 12.31 | Val MAE: 10.97 | Val RMSE: 13.93 | Best Trial MAE: 10.97
Trial 003 | Epoch 010/25 | Img 1024 | Train MAE: 12.05 | Val MAE: 10.65 | Val RMSE: 13.49 | Best Trial MAE: 10.65
Trial 003 | Epoch 011/25 | Img 1024 | Train MAE: 11.73 | Val MAE: 10.81 | Val RMSE: 13.77 | Best Trial MAE: 10.65
Trial 003 | Epoch 012/25 | Img 1024 | Train MAE: 11.77 | Val MAE: 10.54 | Val RMSE: 13.34 | Best Trial MAE: 10.54
Trial 003 | Epoch 013/25 | Img 1024 | Train MAE: 11.32 | Val MAE: 10.72 | Val RMSE: 13.58 | Best Trial MAE: 10.54
Trial 003 | Epoch 014/25 | Img 1024 | Train MAE: 11.23 | Val MAE: 10.14 | Val RMSE: 12.90 | Best Trial MAE: 10.14
Trial 003 | Epoch 015/25 | Img 1024 | Train MAE: 11.07 | Val MAE: 10.65 | Val RMSE: 13.55 | Best Trial MAE: 10.14
Trial 003 | Epoch 016/25 | Img 1024 | Train MAE: 10.90 | Val MAE: 10.37 | Val RMSE: 13.18 | Best Trial MAE: 10.14
Trial 003 | Epoch 017/25 | Img 1024 | Train MAE: 10.98 | Val MAE: 10.69 | Val RMSE: 13.56 | Best Trial MAE: 10.14
Trial 003 | Epoch 018/25 | Img 1024 | Train MAE: 10.80 | Val MAE: 10.13 | Val RMSE: 12.87 | Best Trial MAE: 10.13
Trial 003 | Epoch 019/25 | Img 1024 | Train MAE: 10.59 | Val MAE: 10.36 | Val RMSE: 13.16 | Best Trial MAE: 10.13
Trial 003 | Epoch 020/25 | Img 1024 | Train MAE: 10.54 | Val MAE: 10.31 | Val RMSE: 13.10 | Best Trial MAE: 10.13
Trial 003 | Epoch 021/25 | Img 1024 | Train MAE: 10.51 | Val MAE: 9.93 | Val RMSE: 12.63 | Best Trial MAE: 9.93
Trial 003 | Epoch 022/25 | Img 1024 | Train MAE: 10.57 | Val MAE: 10.09 | Val RMSE: 12.84 | Best Trial MAE: 9.93
Trial 003 | Epoch 023/25 | Img 1024 | Train MAE: 10.40 | Val MAE: 10.05 | Val RMSE: 12.79 | Best Trial MAE: 9.93
Trial 003 | Epoch 024/25 | Img 1024 | Train MAE: 10.58 | Val MAE: 10.29 | Val RMSE: 13.07 | Best Trial MAE: 9.93
Trial 003 | Epoch 025/25 | Img 1024 | Train MAE: 10.33 | Val MAE: 10.32 | Val RMSE: 13.11 | Best Trial MAE: 9.93
Saved HPO partial result to: /storage/homefs/eb19p026/DL_Project/hpo_swin_t_boneage_HPOV1/best_hpo_result_partial.json
Saved HPO partial trials to: /storage/homefs/eb19p026/DL_Project/hpo_swin_t_boneage_HPOV1/optuna_trials_partial.csv
Trial 004 | Epoch 001/25 | Img 1024 | Train MAE: 93.44 | Val MAE: 48.43 | Val RMSE: 56.32 | Best Trial MAE: 48.43
Trial 004 | Epoch 002/25 | Img 1024 | Train MAE: 33.42 | Val MAE: 24.77 | Val RMSE: 30.54 | Best Trial MAE: 24.77
Trial 004 | Epoch 003/25 | Img 1024 | Train MAE: 18.17 | Val MAE: 13.92 | Val RMSE: 17.77 | Best Trial MAE: 13.92
Trial 004 | Epoch 004/25 | Img 1024 | Train MAE: 14.59 | Val MAE: 12.52 | Val RMSE: 15.75 | Best Trial MAE: 12.52
Trial 004 | Epoch 005/25 | Img 1024 | Train MAE: 12.66 | Val MAE: 11.45 | Val RMSE: 14.43 | Best Trial MAE: 11.45
Trial 004 | Epoch 006/25 | Img 1024 | Train MAE: 11.68 | Val MAE: 10.80 | Val RMSE: 13.62 | Best Trial MAE: 10.80
Trial 004 | Epoch 007/25 | Img 1024 | Train MAE: 11.36 | Val MAE: 11.30 | Val RMSE: 14.39 | Best Trial MAE: 10.80
Trial 004 | Epoch 008/25 | Img 1024 | Train MAE: 10.70 | Val MAE: 11.80 | Val RMSE: 14.91 | Best Trial MAE: 10.80
Trial 004 | Epoch 009/25 | Img 1024 | Train MAE: 10.27 | Val MAE: 11.52 | Val RMSE: 14.56 | Best Trial MAE: 10.80
Trial 004 | Epoch 010/25 | Img 1024 | Train MAE: 9.99 | Val MAE: 9.96 | Val RMSE: 12.53 | Best Trial MAE: 9.96
Trial 004 | Epoch 011/25 | Img 1024 | Train MAE: 9.68 | Val MAE: 10.17 | Val RMSE: 12.84 | Best Trial MAE: 9.96
Trial 004 | Epoch 012/25 | Img 1024 | Train MAE: 9.43 | Val MAE: 9.70 | Val RMSE: 12.34 | Best Trial MAE: 9.70
Trial 004 | Epoch 013/25 | Img 1024 | Train MAE: 9.26 | Val MAE: 9.65 | Val RMSE: 12.23 | Best Trial MAE: 9.65
Trial 004 | Epoch 014/25 | Img 1024 | Train MAE: 9.09 | Val MAE: 9.53 | Val RMSE: 12.07 | Best Trial MAE: 9.53
Trial 004 | Epoch 015/25 | Img 1024 | Train MAE: 8.81 | Val MAE: 9.66 | Val RMSE: 12.37 | Best Trial MAE: 9.53
Trial 004 | Epoch 016/25 | Img 1024 | Train MAE: 8.69 | Val MAE: 9.44 | Val RMSE: 12.06 | Best Trial MAE: 9.44
Trial 004 | Epoch 017/25 | Img 1024 | Train MAE: 8.58 | Val MAE: 9.49 | Val RMSE: 12.05 | Best Trial MAE: 9.44
Trial 004 | Epoch 018/25 | Img 1024 | Train MAE: 8.34 | Val MAE: 9.58 | Val RMSE: 12.16 | Best Trial MAE: 9.44
Trial 004 | Epoch 019/25 | Img 1024 | Train MAE: 8.16 | Val MAE: 9.37 | Val RMSE: 11.97 | Best Trial MAE: 9.37
Trial 004 | Epoch 020/25 | Img 1024 | Train MAE: 8.20 | Val MAE: 9.41 | Val RMSE: 12.00 | Best Trial MAE: 9.37
Trial 004 | Epoch 021/25 | Img 1024 | Train MAE: 8.12 | Val MAE: 9.33 | Val RMSE: 11.92 | Best Trial MAE: 9.33
Trial 004 | Epoch 022/25 | Img 1024 | Train MAE: 7.90 | Val MAE: 9.33 | Val RMSE: 11.92 | Best Trial MAE: 9.33
Trial 004 | Epoch 023/25 | Img 1024 | Train MAE: 7.95 | Val MAE: 9.28 | Val RMSE: 11.89 | Best Trial MAE: 9.28
Trial 004 | Epoch 024/25 | Img 1024 | Train MAE: 7.87 | Val MAE: 9.29 | Val RMSE: 11.89 | Best Trial MAE: 9.28
Trial 004 | Epoch 025/25 | Img 1024 | Train MAE: 7.89 | Val MAE: 9.29 | Val RMSE: 11.89 | Best Trial MAE: 9.28
Saved HPO partial result to: /storage/homefs/eb19p026/DL_Project/hpo_swin_t_boneage_HPOV1/best_hpo_result_partial.json
Saved HPO partial trials to: /storage/homefs/eb19p026/DL_Project/hpo_swin_t_boneage_HPOV1/optuna_trials_partial.csv
Trial 005 | Epoch 001/25 | Img 512 | Train MAE: 49.12 | Val MAE: 15.57 | Val RMSE: 19.97 | Best Trial MAE: 15.57
Trial 005 | Epoch 002/25 | Img 512 | Train MAE: 16.06 | Val MAE: 12.05 | Val RMSE: 15.29 | Best Trial MAE: 12.05
Trial 005 | Epoch 003/25 | Img 512 | Train MAE: 12.57 | Val MAE: 10.82 | Val RMSE: 13.80 | Best Trial MAE: 10.82
Trial 005 | Epoch 004/25 | Img 512 | Train MAE: 11.60 | Val MAE: 10.70 | Val RMSE: 13.74 | Best Trial MAE: 10.70
Trial 005 | Epoch 005/25 | Img 512 | Train MAE: 11.05 | Val MAE: 9.33 | Val RMSE: 11.96 | Best Trial MAE: 9.33
Trial 005 | Epoch 006/25 | Img 512 | Train MAE: 10.70 | Val MAE: 9.30 | Val RMSE: 11.97 | Best Trial MAE: 9.30
Trial 005 | Epoch 007/25 | Img 512 | Train MAE: 10.04 | Val MAE: 9.64 | Val RMSE: 12.40 | Best Trial MAE: 9.30
Trial 005 | Epoch 008/25 | Img 512 | Train MAE: 9.97 | Val MAE: 10.25 | Val RMSE: 13.10 | Best Trial MAE: 9.30
Trial 005 | Epoch 009/25 | Img 512 | Train MAE: 9.32 | Val MAE: 8.55 | Val RMSE: 11.04 | Best Trial MAE: 8.55
Trial 005 | Epoch 010/25 | Img 512 | Train MAE: 9.13 | Val MAE: 9.67 | Val RMSE: 12.43 | Best Trial MAE: 8.55
Trial 005 | Epoch 011/25 | Img 512 | Train MAE: 8.77 | Val MAE: 8.78 | Val RMSE: 11.34 | Best Trial MAE: 8.55
Trial 005 | Epoch 012/25 | Img 512 | Train MAE: 8.59 | Val MAE: 8.70 | Val RMSE: 11.24 | Best Trial MAE: 8.55
Trial 005 | Epoch 013/25 | Img 512 | Train MAE: 8.28 | Val MAE: 7.96 | Val RMSE: 10.25 | Best Trial MAE: 7.96
Trial 005 | Epoch 014/25 | Img 512 | Train MAE: 8.17 | Val MAE: 7.79 | Val RMSE: 10.11 | Best Trial MAE: 7.79
Trial 005 | Epoch 015/25 | Img 512 | Train MAE: 8.01 | Val MAE: 7.59 | Val RMSE: 9.87 | Best Trial MAE: 7.59
Trial 005 | Epoch 016/25 | Img 512 | Train MAE: 7.66 | Val MAE: 7.76 | Val RMSE: 10.08 | Best Trial MAE: 7.59
Trial 005 | Epoch 017/25 | Img 512 | Train MAE: 7.51 | Val MAE: 7.58 | Val RMSE: 9.81 | Best Trial MAE: 7.58
Trial 005 | Epoch 018/25 | Img 512 | Train MAE: 7.45 | Val MAE: 7.77 | Val RMSE: 10.10 | Best Trial MAE: 7.58
Trial 005 | Epoch 019/25 | Img 512 | Train MAE: 7.43 | Val MAE: 7.87 | Val RMSE: 10.18 | Best Trial MAE: 7.58
Trial 005 | Epoch 020/25 | Img 512 | Train MAE: 7.22 | Val MAE: 7.45 | Val RMSE: 9.71 | Best Trial MAE: 7.45
Trial 005 | Epoch 021/25 | Img 512 | Train MAE: 7.18 | Val MAE: 7.60 | Val RMSE: 9.92 | Best Trial MAE: 7.45
Trial 005 | Epoch 022/25 | Img 512 | Train MAE: 7.14 | Val MAE: 7.42 | Val RMSE: 9.64 | Best Trial MAE: 7.42
Trial 005 | Epoch 023/25 | Img 512 | Train MAE: 7.13 | Val MAE: 7.36 | Val RMSE: 9.57 | Best Trial MAE: 7.36
Trial 005 | Epoch 024/25 | Img 512 | Train MAE: 6.99 | Val MAE: 7.29 | Val RMSE: 9.50 | Best Trial MAE: 7.29
Trial 005 | Epoch 025/25 | Img 512 | Train MAE: 6.98 | Val MAE: 7.39 | Val RMSE: 9.63 | Best Trial MAE: 7.29
Saved HPO partial result to: /storage/homefs/eb19p026/DL_Project/hpo_swin_t_boneage_HPOV1/best_hpo_result_partial.json
Saved HPO partial trials to: /storage/homefs/eb19p026/DL_Project/hpo_swin_t_boneage_HPOV1/optuna_trials_partial.csv
Trial 006 | Epoch 001/25 | Img 1024 | Train MAE: 93.32 | Val MAE: 44.45 | Val RMSE: 52.01 | Best Trial MAE: 44.45
Trial 006 | Epoch 002/25 | Img 1024 | Train MAE: 31.37 | Val MAE: 19.82 | Val RMSE: 24.95 | Best Trial MAE: 19.82
Trial 006 | Epoch 003/25 | Img 1024 | Train MAE: 17.47 | Val MAE: 13.81 | Val RMSE: 17.61 | Best Trial MAE: 13.81
Trial 006 | Epoch 004/25 | Img 1024 | Train MAE: 14.34 | Val MAE: 13.02 | Val RMSE: 16.44 | Best Trial MAE: 13.02
Trial 006 | Epoch 005/25 | Img 1024 | Train MAE: 12.47 | Val MAE: 10.84 | Val RMSE: 13.69 | Best Trial MAE: 10.84
Trial 006 | Epoch 006/25 | Img 1024 | Train MAE: 11.73 | Val MAE: 10.59 | Val RMSE: 13.43 | Best Trial MAE: 10.59
Trial 006 | Epoch 007/25 | Img 1024 | Train MAE: 10.85 | Val MAE: 11.01 | Val RMSE: 13.99 | Best Trial MAE: 10.59
Trial 006 | Epoch 008/25 | Img 1024 | Train MAE: 10.50 | Val MAE: 10.03 | Val RMSE: 12.66 | Best Trial MAE: 10.03
Trial 006 | Epoch 009/25 | Img 1024 | Train MAE: 10.04 | Val MAE: 9.89 | Val RMSE: 12.61 | Best Trial MAE: 9.89
Trial 006 | Epoch 010/25 | Img 1024 | Train MAE: 9.86 | Val MAE: 10.75 | Val RMSE: 13.65 | Best Trial MAE: 9.89
Trial 006 | Epoch 011/25 | Img 1024 | Train MAE: 9.43 | Val MAE: 9.93 | Val RMSE: 12.67 | Best Trial MAE: 9.89
Trial 006 | Epoch 012/25 | Img 1024 | Train MAE: 9.35 | Val MAE: 9.56 | Val RMSE: 12.14 | Best Trial MAE: 9.56
Trial 006 | Epoch 013/25 | Img 1024 | Train MAE: 9.10 | Val MAE: 9.72 | Val RMSE: 12.43 | Best Trial MAE: 9.56
Trial 006 | Epoch 014/25 | Img 1024 | Train MAE: 8.94 | Val MAE: 9.51 | Val RMSE: 12.17 | Best Trial MAE: 9.51
Trial 006 | Epoch 015/25 | Img 1024 | Train MAE: 8.58 | Val MAE: 9.46 | Val RMSE: 12.08 | Best Trial MAE: 9.46
Trial 006 | Epoch 016/25 | Img 1024 | Train MAE: 8.53 | Val MAE: 9.49 | Val RMSE: 12.19 | Best Trial MAE: 9.46
Trial 006 | Epoch 017/25 | Img 1024 | Train MAE: 8.36 | Val MAE: 9.45 | Val RMSE: 12.13 | Best Trial MAE: 9.45
Trial 006 | Epoch 018/25 | Img 1024 | Train MAE: 8.14 | Val MAE: 9.31 | Val RMSE: 11.91 | Best Trial MAE: 9.31
Trial 006 | Epoch 019/25 | Img 1024 | Train MAE: 8.14 | Val MAE: 9.29 | Val RMSE: 11.85 | Best Trial MAE: 9.29
Trial 006 | Epoch 020/25 | Img 1024 | Train MAE: 7.95 | Val MAE: 9.53 | Val RMSE: 12.27 | Best Trial MAE: 9.29
Trial 006 | Epoch 021/25 | Img 1024 | Train MAE: 7.74 | Val MAE: 9.49 | Val RMSE: 12.20 | Best Trial MAE: 9.29
Trial 006 | Epoch 022/25 | Img 1024 | Train MAE: 7.97 | Val MAE: 9.37 | Val RMSE: 12.02 | Best Trial MAE: 9.29
Trial 006 | Epoch 023/25 | Img 1024 | Train MAE: 7.80 | Val MAE: 9.30 | Val RMSE: 11.88 | Best Trial MAE: 9.29
Trial 006 | Epoch 024/25 | Img 1024 | Train MAE: 7.68 | Val MAE: 9.31 | Val RMSE: 11.91 | Best Trial MAE: 9.29
Trial 006 stopped early. Best Val MAE: 9.29
Saved HPO partial result to: /storage/homefs/eb19p026/DL_Project/hpo_swin_t_boneage_HPOV1/best_hpo_result_partial.json
Saved HPO partial trials to: /storage/homefs/eb19p026/DL_Project/hpo_swin_t_boneage_HPOV1/optuna_trials_partial.csv
Trial 007 | Epoch 001/25 | Img 512 | Train MAE: 71.45 | Val MAE: 32.68 | Val RMSE: 40.03 | Best Trial MAE: 32.68
Trial 007 | Epoch 002/25 | Img 512 | Train MAE: 18.89 | Val MAE: 13.63 | Val RMSE: 17.65 | Best Trial MAE: 13.63
Trial 007 | Epoch 003/25 | Img 512 | Train MAE: 12.84 | Val MAE: 10.72 | Val RMSE: 13.69 | Best Trial MAE: 10.72
Trial 007 | Epoch 004/25 | Img 512 | Train MAE: 10.86 | Val MAE: 12.90 | Val RMSE: 15.90 | Best Trial MAE: 10.72
Trial 007 | Epoch 005/25 | Img 512 | Train MAE: 9.59 | Val MAE: 10.43 | Val RMSE: 13.26 | Best Trial MAE: 10.43
Trial 007 | Epoch 006/25 | Img 512 | Train MAE: 8.96 | Val MAE: 9.58 | Val RMSE: 12.21 | Best Trial MAE: 9.58
Trial 007 | Epoch 007/25 | Img 512 | Train MAE: 8.25 | Val MAE: 9.46 | Val RMSE: 12.05 | Best Trial MAE: 9.46
Trial 007 | Epoch 008/25 | Img 512 | Train MAE: 7.72 | Val MAE: 9.48 | Val RMSE: 12.13 | Best Trial MAE: 9.46
Trial 007 | Epoch 009/25 | Img 512 | Train MAE: 6.86 | Val MAE: 10.95 | Val RMSE: 13.64 | Best Trial MAE: 9.46
Trial 007 | Epoch 010/25 | Img 512 | Train MAE: 6.33 | Val MAE: 9.37 | Val RMSE: 11.92 | Best Trial MAE: 9.37
Trial 007 | Epoch 011/25 | Img 512 | Train MAE: 5.84 | Val MAE: 10.25 | Val RMSE: 12.98 | Best Trial MAE: 9.37
Trial 007 | Epoch 012/25 | Img 512 | Train MAE: 5.12 | Val MAE: 9.55 | Val RMSE: 12.18 | Best Trial MAE: 9.37
Trial 007 | Epoch 013/25 | Img 512 | Train MAE: 4.24 | Val MAE: 9.76 | Val RMSE: 12.42 | Best Trial MAE: 9.37
Trial 007 | Epoch 014/25 | Img 512 | Train MAE: 3.71 | Val MAE: 9.78 | Val RMSE: 12.47 | Best Trial MAE: 9.37
Trial 007 | Epoch 015/25 | Img 512 | Train MAE: 3.32 | Val MAE: 9.75 | Val RMSE: 12.32 | Best Trial MAE: 9.37
Trial 007 stopped early. Best Val MAE: 9.37
Saved HPO partial result to: /storage/homefs/eb19p026/DL_Project/hpo_swin_t_boneage_HPOV1/best_hpo_result_partial.json
Saved HPO partial trials to: /storage/homefs/eb19p026/DL_Project/hpo_swin_t_boneage_HPOV1/optuna_trials_partial.csv
Trial 008 | Epoch 001/25 | Img 512 | Train MAE: 123.60 | Val MAE: 114.78 | Val RMSE: 121.97 | Best Trial MAE: 114.78
Trial 008 | Epoch 002/25 | Img 512 | Train MAE: 98.08 | Val MAE: 75.49 | Val RMSE: 84.33 | Best Trial MAE: 75.49
Trial 008 | Epoch 003/25 | Img 512 | Train MAE: 62.61 | Val MAE: 45.94 | Val RMSE: 53.66 | Best Trial MAE: 45.94
Trial 008 | Epoch 004/25 | Img 512 | Train MAE: 39.71 | Val MAE: 33.76 | Val RMSE: 41.34 | Best Trial MAE: 33.76
Trial 008 | Epoch 005/25 | Img 512 | Train MAE: 33.64 | Val MAE: 32.92 | Val RMSE: 40.93 | Best Trial MAE: 32.92
Saved HPO partial result to: /storage/homefs/eb19p026/DL_Project/hpo_swin_t_boneage_HPOV1/best_hpo_result_partial.json
Saved HPO partial trials to: /storage/homefs/eb19p026/DL_Project/hpo_swin_t_boneage_HPOV1/optuna_trials_partial.csv
Trial 009 | Epoch 001/25 | Img 512 | Train MAE: 121.99 | Val MAE: 112.94 | Val RMSE: 120.24 | Best Trial MAE: 112.94
Trial 009 | Epoch 002/25 | Img 512 | Train MAE: 97.35 | Val MAE: 80.75 | Val RMSE: 89.47 | Best Trial MAE: 80.75
Trial 009 | Epoch 003/25 | Img 512 | Train MAE: 69.31 | Val MAE: 55.36 | Val RMSE: 63.83 | Best Trial MAE: 55.36
Trial 009 | Epoch 004/25 | Img 512 | Train MAE: 46.06 | Val MAE: 37.82 | Val RMSE: 44.50 | Best Trial MAE: 37.82
Trial 009 | Epoch 005/25 | Img 512 | Train MAE: 34.15 | Val MAE: 28.13 | Val RMSE: 34.36 | Best Trial MAE: 28.13
Saved HPO partial result to: /storage/homefs/eb19p026/DL_Project/hpo_swin_t_boneage_HPOV1/best_hpo_result_partial.json
Saved HPO partial trials to: /storage/homefs/eb19p026/DL_Project/hpo_swin_t_boneage_HPOV1/optuna_trials_partial.csv
Trial 010 | Epoch 001/25 | Img 512 | Train MAE: 41.56 | Val MAE: 15.01 | Val RMSE: 18.61 | Best Trial MAE: 15.01
Trial 010 | Epoch 002/25 | Img 512 | Train MAE: 15.28 | Val MAE: 11.52 | Val RMSE: 14.39 | Best Trial MAE: 11.52
Trial 010 | Epoch 003/25 | Img 512 | Train MAE: 12.83 | Val MAE: 10.26 | Val RMSE: 12.85 | Best Trial MAE: 10.26
Trial 010 | Epoch 004/25 | Img 512 | Train MAE: 11.88 | Val MAE: 11.25 | Val RMSE: 14.26 | Best Trial MAE: 10.26
Trial 010 | Epoch 005/25 | Img 512 | Train MAE: 10.80 | Val MAE: 9.49 | Val RMSE: 12.02 | Best Trial MAE: 9.49
Trial 010 | Epoch 006/25 | Img 512 | Train MAE: 10.19 | Val MAE: 11.62 | Val RMSE: 14.49 | Best Trial MAE: 9.49
Trial 010 | Epoch 007/25 | Img 512 | Train MAE: 9.74 | Val MAE: 8.72 | Val RMSE: 11.13 | Best Trial MAE: 8.72
Trial 010 | Epoch 008/25 | Img 512 | Train MAE: 9.38 | Val MAE: 10.91 | Val RMSE: 13.53 | Best Trial MAE: 8.72
Trial 010 | Epoch 009/25 | Img 512 | Train MAE: 9.03 | Val MAE: 7.95 | Val RMSE: 10.17 | Best Trial MAE: 7.95
Trial 010 | Epoch 010/25 | Img 512 | Train MAE: 8.58 | Val MAE: 10.03 | Val RMSE: 12.49 | Best Trial MAE: 7.95
Trial 010 | Epoch 011/25 | Img 512 | Train MAE: 8.39 | Val MAE: 7.44 | Val RMSE: 9.62 | Best Trial MAE: 7.44
Trial 010 | Epoch 012/25 | Img 512 | Train MAE: 7.93 | Val MAE: 7.47 | Val RMSE: 9.50 | Best Trial MAE: 7.44
Trial 010 | Epoch 013/25 | Img 512 | Train MAE: 7.73 | Val MAE: 7.86 | Val RMSE: 10.07 | Best Trial MAE: 7.44
Trial 010 | Epoch 014/25 | Img 512 | Train MAE: 7.61 | Val MAE: 7.25 | Val RMSE: 9.39 | Best Trial MAE: 7.25
Trial 010 | Epoch 015/25 | Img 512 | Train MAE: 7.41 | Val MAE: 7.12 | Val RMSE: 9.28 | Best Trial MAE: 7.12
Trial 010 | Epoch 016/25 | Img 512 | Train MAE: 7.30 | Val MAE: 7.60 | Val RMSE: 9.73 | Best Trial MAE: 7.12
Trial 010 | Epoch 017/25 | Img 512 | Train MAE: 7.21 | Val MAE: 7.62 | Val RMSE: 9.86 | Best Trial MAE: 7.12
Trial 010 | Epoch 018/25 | Img 512 | Train MAE: 6.93 | Val MAE: 7.45 | Val RMSE: 9.66 | Best Trial MAE: 7.12
Trial 010 | Epoch 019/25 | Img 512 | Train MAE: 6.99 | Val MAE: 6.89 | Val RMSE: 9.00 | Best Trial MAE: 6.89
Trial 010 | Epoch 020/25 | Img 512 | Train MAE: 6.93 | Val MAE: 7.17 | Val RMSE: 9.31 | Best Trial MAE: 6.89
Trial 010 | Epoch 021/25 | Img 512 | Train MAE: 6.71 | Val MAE: 6.99 | Val RMSE: 9.07 | Best Trial MAE: 6.89
Trial 010 | Epoch 022/25 | Img 512 | Train MAE: 6.70 | Val MAE: 7.17 | Val RMSE: 9.26 | Best Trial MAE: 6.89
Trial 010 | Epoch 023/25 | Img 512 | Train MAE: 6.69 | Val MAE: 7.12 | Val RMSE: 9.26 | Best Trial MAE: 6.89
Trial 010 | Epoch 024/25 | Img 512 | Train MAE: 6.60 | Val MAE: 6.93 | Val RMSE: 9.04 | Best Trial MAE: 6.89
Trial 010 stopped early. Best Val MAE: 6.89
Saved HPO partial result to: /storage/homefs/eb19p026/DL_Project/hpo_swin_t_boneage_HPOV1/best_hpo_result_partial.json
Saved HPO partial trials to: /storage/homefs/eb19p026/DL_Project/hpo_swin_t_boneage_HPOV1/optuna_trials_partial.csv
Trial 011 | Epoch 001/25 | Img 512 | Train MAE: 37.86 | Val MAE: 17.99 | Val RMSE: 22.37 | Best Trial MAE: 17.99
Trial 011 | Epoch 002/25 | Img 512 | Train MAE: 15.64 | Val MAE: 11.51 | Val RMSE: 14.58 | Best Trial MAE: 11.51
Trial 011 | Epoch 003/25 | Img 512 | Train MAE: 12.70 | Val MAE: 10.54 | Val RMSE: 13.38 | Best Trial MAE: 10.54
Trial 011 | Epoch 004/25 | Img 512 | Train MAE: 11.84 | Val MAE: 9.67 | Val RMSE: 12.41 | Best Trial MAE: 9.67
Trial 011 | Epoch 005/25 | Img 512 | Train MAE: 10.85 | Val MAE: 9.26 | Val RMSE: 11.88 | Best Trial MAE: 9.26
Trial 011 | Epoch 006/25 | Img 512 | Train MAE: 10.02 | Val MAE: 10.10 | Val RMSE: 12.95 | Best Trial MAE: 9.26
Trial 011 | Epoch 007/25 | Img 512 | Train MAE: 9.44 | Val MAE: 11.70 | Val RMSE: 14.45 | Best Trial MAE: 9.26
Trial 011 | Epoch 008/25 | Img 512 | Train MAE: 9.19 | Val MAE: 9.79 | Val RMSE: 12.35 | Best Trial MAE: 9.26
Trial 011 | Epoch 009/25 | Img 512 | Train MAE: 8.79 | Val MAE: 9.05 | Val RMSE: 11.59 | Best Trial MAE: 9.05
Trial 011 | Epoch 010/25 | Img 512 | Train MAE: 8.50 | Val MAE: 8.10 | Val RMSE: 10.40 | Best Trial MAE: 8.10
Trial 011 | Epoch 011/25 | Img 512 | Train MAE: 8.19 | Val MAE: 8.06 | Val RMSE: 10.32 | Best Trial MAE: 8.06
Trial 011 | Epoch 012/25 | Img 512 | Train MAE: 7.88 | Val MAE: 7.36 | Val RMSE: 9.37 | Best Trial MAE: 7.36
Trial 011 | Epoch 013/25 | Img 512 | Train MAE: 7.59 | Val MAE: 7.09 | Val RMSE: 9.24 | Best Trial MAE: 7.09
Trial 011 | Epoch 014/25 | Img 512 | Train MAE: 7.31 | Val MAE: 7.17 | Val RMSE: 9.29 | Best Trial MAE: 7.09
Trial 011 | Epoch 015/25 | Img 512 | Train MAE: 7.38 | Val MAE: 7.05 | Val RMSE: 9.27 | Best Trial MAE: 7.05
Trial 011 | Epoch 016/25 | Img 512 | Train MAE: 7.06 | Val MAE: 8.73 | Val RMSE: 10.99 | Best Trial MAE: 7.05
Trial 011 | Epoch 017/25 | Img 512 | Train MAE: 6.92 | Val MAE: 6.99 | Val RMSE: 9.15 | Best Trial MAE: 6.99
Trial 011 | Epoch 018/25 | Img 512 | Train MAE: 6.92 | Val MAE: 7.21 | Val RMSE: 9.27 | Best Trial MAE: 6.99
Trial 011 | Epoch 019/25 | Img 512 | Train MAE: 6.83 | Val MAE: 6.72 | Val RMSE: 8.78 | Best Trial MAE: 6.72
Trial 011 | Epoch 020/25 | Img 512 | Train MAE: 6.72 | Val MAE: 6.99 | Val RMSE: 9.12 | Best Trial MAE: 6.72
Trial 011 | Epoch 021/25 | Img 512 | Train MAE: 6.56 | Val MAE: 7.59 | Val RMSE: 9.79 | Best Trial MAE: 6.72
Trial 011 | Epoch 022/25 | Img 512 | Train MAE: 6.57 | Val MAE: 6.72 | Val RMSE: 8.80 | Best Trial MAE: 6.72
Trial 011 | Epoch 023/25 | Img 512 | Train MAE: 6.52 | Val MAE: 7.21 | Val RMSE: 9.36 | Best Trial MAE: 6.72
Trial 011 | Epoch 024/25 | Img 512 | Train MAE: 6.46 | Val MAE: 6.95 | Val RMSE: 9.07 | Best Trial MAE: 6.72
Trial 011 stopped early. Best Val MAE: 6.72
Saved HPO partial result to: /storage/homefs/eb19p026/DL_Project/hpo_swin_t_boneage_HPOV1/best_hpo_result_partial.json
Saved HPO partial trials to: /storage/homefs/eb19p026/DL_Project/hpo_swin_t_boneage_HPOV1/optuna_trials_partial.csv
Trial 012 | Epoch 001/25 | Img 512 | Train MAE: 39.79 | Val MAE: 20.05 | Val RMSE: 24.52 | Best Trial MAE: 20.05
Trial 012 | Epoch 002/25 | Img 512 | Train MAE: 15.85 | Val MAE: 11.67 | Val RMSE: 14.39 | Best Trial MAE: 11.67
Trial 012 | Epoch 003/25 | Img 512 | Train MAE: 12.92 | Val MAE: 10.97 | Val RMSE: 14.00 | Best Trial MAE: 10.97
Trial 012 | Epoch 004/25 | Img 512 | Train MAE: 11.84 | Val MAE: 11.20 | Val RMSE: 14.27 | Best Trial MAE: 10.97
Trial 012 | Epoch 005/25 | Img 512 | Train MAE: 10.83 | Val MAE: 9.44 | Val RMSE: 12.11 | Best Trial MAE: 9.44
Trial 012 | Epoch 006/25 | Img 512 | Train MAE: 10.45 | Val MAE: 9.12 | Val RMSE: 11.45 | Best Trial MAE: 9.12
Trial 012 | Epoch 007/25 | Img 512 | Train MAE: 9.68 | Val MAE: 11.34 | Val RMSE: 14.15 | Best Trial MAE: 9.12
Trial 012 | Epoch 008/25 | Img 512 | Train MAE: 9.28 | Val MAE: 7.91 | Val RMSE: 10.24 | Best Trial MAE: 7.91
Trial 012 | Epoch 009/25 | Img 512 | Train MAE: 9.03 | Val MAE: 8.19 | Val RMSE: 10.55 | Best Trial MAE: 7.91
Trial 012 | Epoch 010/25 | Img 512 | Train MAE: 8.50 | Val MAE: 7.69 | Val RMSE: 9.92 | Best Trial MAE: 7.69
Trial 012 | Epoch 011/25 | Img 512 | Train MAE: 8.20 | Val MAE: 9.73 | Val RMSE: 12.33 | Best Trial MAE: 7.69
Trial 012 | Epoch 012/25 | Img 512 | Train MAE: 7.83 | Val MAE: 7.74 | Val RMSE: 10.02 | Best Trial MAE: 7.69
Trial 012 | Epoch 013/25 | Img 512 | Train MAE: 7.81 | Val MAE: 8.24 | Val RMSE: 10.49 | Best Trial MAE: 7.69
Trial 012 | Epoch 014/25 | Img 512 | Train MAE: 7.59 | Val MAE: 7.32 | Val RMSE: 9.52 | Best Trial MAE: 7.32
Trial 012 | Epoch 015/25 | Img 512 | Train MAE: 7.22 | Val MAE: 7.34 | Val RMSE: 9.42 | Best Trial MAE: 7.32
Trial 012 | Epoch 016/25 | Img 512 | Train MAE: 7.19 | Val MAE: 7.15 | Val RMSE: 9.33 | Best Trial MAE: 7.15
Trial 012 | Epoch 017/25 | Img 512 | Train MAE: 7.09 | Val MAE: 7.19 | Val RMSE: 9.33 | Best Trial MAE: 7.15
Trial 012 | Epoch 018/25 | Img 512 | Train MAE: 6.91 | Val MAE: 7.53 | Val RMSE: 9.73 | Best Trial MAE: 7.15
Trial 012 | Epoch 019/25 | Img 512 | Train MAE: 6.76 | Val MAE: 7.43 | Val RMSE: 9.64 | Best Trial MAE: 7.15
Trial 012 | Epoch 020/25 | Img 512 | Train MAE: 6.91 | Val MAE: 7.25 | Val RMSE: 9.46 | Best Trial MAE: 7.15
Trial 012 | Epoch 021/25 | Img 512 | Train MAE: 6.71 | Val MAE: 6.96 | Val RMSE: 9.13 | Best Trial MAE: 6.96
Trial 012 | Epoch 022/25 | Img 512 | Train MAE: 6.67 | Val MAE: 6.99 | Val RMSE: 9.12 | Best Trial MAE: 6.96
Trial 012 | Epoch 023/25 | Img 512 | Train MAE: 6.53 | Val MAE: 6.99 | Val RMSE: 9.12 | Best Trial MAE: 6.96
Trial 012 | Epoch 024/25 | Img 512 | Train MAE: 6.51 | Val MAE: 7.01 | Val RMSE: 9.15 | Best Trial MAE: 6.96
Trial 012 | Epoch 025/25 | Img 512 | Train MAE: 6.48 | Val MAE: 7.14 | Val RMSE: 9.32 | Best Trial MAE: 6.96
Saved HPO partial result to: /storage/homefs/eb19p026/DL_Project/hpo_swin_t_boneage_HPOV1/best_hpo_result_partial.json
Saved HPO partial trials to: /storage/homefs/eb19p026/DL_Project/hpo_swin_t_boneage_HPOV1/optuna_trials_partial.csv
Trial 013 | Epoch 001/25 | Img 512 | Train MAE: 44.37 | Val MAE: 17.80 | Val RMSE: 22.46 | Best Trial MAE: 17.80
Trial 013 | Epoch 002/25 | Img 512 | Train MAE: 16.26 | Val MAE: 12.75 | Val RMSE: 15.84 | Best Trial MAE: 12.75
Trial 013 | Epoch 003/25 | Img 512 | Train MAE: 13.29 | Val MAE: 11.69 | Val RMSE: 15.06 | Best Trial MAE: 11.69
Trial 013 | Epoch 004/25 | Img 512 | Train MAE: 12.32 | Val MAE: 10.77 | Val RMSE: 13.80 | Best Trial MAE: 10.77
Trial 013 | Epoch 005/25 | Img 512 | Train MAE: 11.13 | Val MAE: 13.29 | Val RMSE: 16.55 | Best Trial MAE: 10.77
Trial 013 | Epoch 006/25 | Img 512 | Train MAE: 10.86 | Val MAE: 10.55 | Val RMSE: 13.48 | Best Trial MAE: 10.55
Trial 013 | Epoch 007/25 | Img 512 | Train MAE: 10.09 | Val MAE: 11.79 | Val RMSE: 14.69 | Best Trial MAE: 10.55
Trial 013 | Epoch 008/25 | Img 512 | Train MAE: 9.74 | Val MAE: 8.64 | Val RMSE: 11.12 | Best Trial MAE: 8.64
Trial 013 | Epoch 009/25 | Img 512 | Train MAE: 9.19 | Val MAE: 9.63 | Val RMSE: 12.29 | Best Trial MAE: 8.64
Trial 013 | Epoch 010/25 | Img 512 | Train MAE: 9.12 | Val MAE: 8.12 | Val RMSE: 10.42 | Best Trial MAE: 8.12
Trial 013 | Epoch 011/25 | Img 512 | Train MAE: 8.40 | Val MAE: 8.52 | Val RMSE: 10.84 | Best Trial MAE: 8.12
Trial 013 | Epoch 012/25 | Img 512 | Train MAE: 8.29 | Val MAE: 7.79 | Val RMSE: 10.04 | Best Trial MAE: 7.79
Trial 013 | Epoch 013/25 | Img 512 | Train MAE: 8.06 | Val MAE: 7.58 | Val RMSE: 9.75 | Best Trial MAE: 7.58
Trial 013 | Epoch 014/25 | Img 512 | Train MAE: 7.76 | Val MAE: 7.30 | Val RMSE: 9.41 | Best Trial MAE: 7.30
Trial 013 | Epoch 015/25 | Img 512 | Train MAE: 7.56 | Val MAE: 8.02 | Val RMSE: 10.23 | Best Trial MAE: 7.30
Trial 013 | Epoch 016/25 | Img 512 | Train MAE: 7.35 | Val MAE: 7.87 | Val RMSE: 10.18 | Best Trial MAE: 7.30
Trial 013 | Epoch 017/25 | Img 512 | Train MAE: 7.22 | Val MAE: 7.69 | Val RMSE: 9.92 | Best Trial MAE: 7.30
Trial 013 | Epoch 018/25 | Img 512 | Train MAE: 7.19 | Val MAE: 7.34 | Val RMSE: 9.43 | Best Trial MAE: 7.30
Trial 013 | Epoch 019/25 | Img 512 | Train MAE: 7.32 | Val MAE: 7.88 | Val RMSE: 10.15 | Best Trial MAE: 7.30
Trial 013 stopped early. Best Val MAE: 7.30
Saved HPO partial result to: /storage/homefs/eb19p026/DL_Project/hpo_swin_t_boneage_HPOV1/best_hpo_result_partial.json
Saved HPO partial trials to: /storage/homefs/eb19p026/DL_Project/hpo_swin_t_boneage_HPOV1/optuna_trials_partial.csv
Trial 014 | Epoch 001/25 | Img 512 | Train MAE: 38.36 | Val MAE: 14.00 | Val RMSE: 17.67 | Best Trial MAE: 14.00
Trial 014 | Epoch 002/25 | Img 512 | Train MAE: 16.41 | Val MAE: 12.86 | Val RMSE: 16.25 | Best Trial MAE: 12.86
Trial 014 | Epoch 003/25 | Img 512 | Train MAE: 13.19 | Val MAE: 14.25 | Val RMSE: 17.61 | Best Trial MAE: 12.86
Trial 014 | Epoch 004/25 | Img 512 | Train MAE: 11.98 | Val MAE: 11.24 | Val RMSE: 13.98 | Best Trial MAE: 11.24
Trial 014 | Epoch 005/25 | Img 512 | Train MAE: 11.49 | Val MAE: 9.25 | Val RMSE: 11.80 | Best Trial MAE: 9.25
Trial 014 | Epoch 006/25 | Img 512 | Train MAE: 10.41 | Val MAE: 9.68 | Val RMSE: 12.02 | Best Trial MAE: 9.25
Trial 014 | Epoch 007/25 | Img 512 | Train MAE: 9.83 | Val MAE: 11.19 | Val RMSE: 14.08 | Best Trial MAE: 9.25
Trial 014 | Epoch 008/25 | Img 512 | Train MAE: 9.59 | Val MAE: 9.22 | Val RMSE: 11.88 | Best Trial MAE: 9.22
Trial 014 | Epoch 009/25 | Img 512 | Train MAE: 8.91 | Val MAE: 7.93 | Val RMSE: 10.23 | Best Trial MAE: 7.93
Trial 014 | Epoch 010/25 | Img 512 | Train MAE: 8.61 | Val MAE: 7.75 | Val RMSE: 10.02 | Best Trial MAE: 7.75
Trial 014 | Epoch 011/25 | Img 512 | Train MAE: 8.25 | Val MAE: 9.24 | Val RMSE: 11.74 | Best Trial MAE: 7.75
Trial 014 | Epoch 012/25 | Img 512 | Train MAE: 7.87 | Val MAE: 7.76 | Val RMSE: 9.94 | Best Trial MAE: 7.75
Trial 014 | Epoch 013/25 | Img 512 | Train MAE: 7.90 | Val MAE: 7.62 | Val RMSE: 9.84 | Best Trial MAE: 7.62
Trial 014 | Epoch 014/25 | Img 512 | Train MAE: 7.72 | Val MAE: 7.62 | Val RMSE: 9.79 | Best Trial MAE: 7.62
Trial 014 | Epoch 015/25 | Img 512 | Train MAE: 7.42 | Val MAE: 7.16 | Val RMSE: 9.37 | Best Trial MAE: 7.16
Trial 014 | Epoch 016/25 | Img 512 | Train MAE: 7.35 | Val MAE: 7.10 | Val RMSE: 9.17 | Best Trial MAE: 7.10
Trial 014 | Epoch 017/25 | Img 512 | Train MAE: 7.17 | Val MAE: 8.27 | Val RMSE: 10.45 | Best Trial MAE: 7.10
Trial 014 | Epoch 018/25 | Img 512 | Train MAE: 6.95 | Val MAE: 7.16 | Val RMSE: 9.39 | Best Trial MAE: 7.10
Trial 014 | Epoch 019/25 | Img 512 | Train MAE: 6.91 | Val MAE: 7.25 | Val RMSE: 9.38 | Best Trial MAE: 7.10
Trial 014 | Epoch 020/25 | Img 512 | Train MAE: 6.81 | Val MAE: 7.41 | Val RMSE: 9.58 | Best Trial MAE: 7.10
Trial 014 | Epoch 021/25 | Img 512 | Train MAE: 6.69 | Val MAE: 7.01 | Val RMSE: 9.12 | Best Trial MAE: 7.01
Trial 014 | Epoch 022/25 | Img 512 | Train MAE: 6.72 | Val MAE: 6.95 | Val RMSE: 9.08 | Best Trial MAE: 6.95
Trial 014 | Epoch 023/25 | Img 512 | Train MAE: 6.72 | Val MAE: 7.27 | Val RMSE: 9.40 | Best Trial MAE: 6.95
Trial 014 | Epoch 024/25 | Img 512 | Train MAE: 6.59 | Val MAE: 7.16 | Val RMSE: 9.29 | Best Trial MAE: 6.95
Trial 014 | Epoch 025/25 | Img 512 | Train MAE: 6.60 | Val MAE: 7.09 | Val RMSE: 9.22 | Best Trial MAE: 6.95
Saved HPO partial result to: /storage/homefs/eb19p026/DL_Project/hpo_swin_t_boneage_HPOV1/best_hpo_result_partial.json
Saved HPO partial trials to: /storage/homefs/eb19p026/DL_Project/hpo_swin_t_boneage_HPOV1/optuna_trials_partial.csv
Trial 015 | Epoch 001/25 | Img 512 | Train MAE: 49.15 | Val MAE: 16.33 | Val RMSE: 20.79 | Best Trial MAE: 16.33
Trial 015 | Epoch 002/25 | Img 512 | Train MAE: 16.63 | Val MAE: 11.85 | Val RMSE: 14.79 | Best Trial MAE: 11.85
Trial 015 | Epoch 003/25 | Img 512 | Train MAE: 13.61 | Val MAE: 11.04 | Val RMSE: 13.82 | Best Trial MAE: 11.04
Trial 015 | Epoch 004/25 | Img 512 | Train MAE: 12.57 | Val MAE: 10.47 | Val RMSE: 13.10 | Best Trial MAE: 10.47
Trial 015 | Epoch 005/25 | Img 512 | Train MAE: 11.44 | Val MAE: 12.72 | Val RMSE: 16.06 | Best Trial MAE: 10.47
Trial 015 | Epoch 006/25 | Img 512 | Train MAE: 11.10 | Val MAE: 11.96 | Val RMSE: 15.01 | Best Trial MAE: 10.47
Trial 015 | Epoch 007/25 | Img 512 | Train MAE: 10.53 | Val MAE: 10.66 | Val RMSE: 13.53 | Best Trial MAE: 10.47
Trial 015 | Epoch 008/25 | Img 512 | Train MAE: 10.02 | Val MAE: 9.33 | Val RMSE: 11.98 | Best Trial MAE: 9.33
Trial 015 | Epoch 009/25 | Img 512 | Train MAE: 9.54 | Val MAE: 9.77 | Val RMSE: 12.46 | Best Trial MAE: 9.33
Trial 015 | Epoch 010/25 | Img 512 | Train MAE: 9.47 | Val MAE: 9.45 | Val RMSE: 12.03 | Best Trial MAE: 9.33
Trial 015 | Epoch 011/25 | Img 512 | Train MAE: 9.03 | Val MAE: 8.31 | Val RMSE: 10.59 | Best Trial MAE: 8.31
Trial 015 | Epoch 012/25 | Img 512 | Train MAE: 8.68 | Val MAE: 8.97 | Val RMSE: 11.48 | Best Trial MAE: 8.31
Trial 015 | Epoch 013/25 | Img 512 | Train MAE: 8.46 | Val MAE: 7.82 | Val RMSE: 10.17 | Best Trial MAE: 7.82
Trial 015 | Epoch 014/25 | Img 512 | Train MAE: 8.08 | Val MAE: 8.72 | Val RMSE: 11.20 | Best Trial MAE: 7.82
Trial 015 | Epoch 015/25 | Img 512 | Train MAE: 8.04 | Val MAE: 7.63 | Val RMSE: 9.85 | Best Trial MAE: 7.63
Trial 015 | Epoch 016/25 | Img 512 | Train MAE: 7.85 | Val MAE: 7.89 | Val RMSE: 10.17 | Best Trial MAE: 7.63
Trial 015 | Epoch 017/25 | Img 512 | Train MAE: 7.79 | Val MAE: 7.36 | Val RMSE: 9.55 | Best Trial MAE: 7.36
Trial 015 | Epoch 018/25 | Img 512 | Train MAE: 7.49 | Val MAE: 7.33 | Val RMSE: 9.44 | Best Trial MAE: 7.33
Trial 015 | Epoch 019/25 | Img 512 | Train MAE: 7.52 | Val MAE: 7.34 | Val RMSE: 9.54 | Best Trial MAE: 7.33
Trial 015 | Epoch 020/25 | Img 512 | Train MAE: 7.44 | Val MAE: 7.93 | Val RMSE: 10.20 | Best Trial MAE: 7.33
Trial 015 | Epoch 021/25 | Img 512 | Train MAE: 7.32 | Val MAE: 7.35 | Val RMSE: 9.54 | Best Trial MAE: 7.33
Trial 015 | Epoch 022/25 | Img 512 | Train MAE: 7.25 | Val MAE: 7.37 | Val RMSE: 9.53 | Best Trial MAE: 7.33
Trial 015 | Epoch 023/25 | Img 512 | Train MAE: 7.16 | Val MAE: 7.51 | Val RMSE: 9.74 | Best Trial MAE: 7.33
Trial 015 stopped early. Best Val MAE: 7.33
Saved HPO partial result to: /storage/homefs/eb19p026/DL_Project/hpo_swin_t_boneage_HPOV1/best_hpo_result_partial.json
Saved HPO partial trials to: /storage/homefs/eb19p026/DL_Project/hpo_swin_t_boneage_HPOV1/optuna_trials_partial.csv
Trial 016 | Epoch 001/25 | Img 512 | Train MAE: 57.97 | Val MAE: 25.49 | Val RMSE: 31.34 | Best Trial MAE: 25.49
Trial 016 | Epoch 002/25 | Img 512 | Train MAE: 19.35 | Val MAE: 14.17 | Val RMSE: 17.82 | Best Trial MAE: 14.17
Trial 016 | Epoch 003/25 | Img 512 | Train MAE: 14.41 | Val MAE: 13.61 | Val RMSE: 17.22 | Best Trial MAE: 13.61
Trial 016 | Epoch 004/25 | Img 512 | Train MAE: 13.01 | Val MAE: 11.15 | Val RMSE: 14.11 | Best Trial MAE: 11.15
Trial 016 | Epoch 005/25 | Img 512 | Train MAE: 12.33 | Val MAE: 10.82 | Val RMSE: 13.78 | Best Trial MAE: 10.82
Trial 016 | Epoch 006/25 | Img 512 | Train MAE: 11.81 | Val MAE: 9.75 | Val RMSE: 12.42 | Best Trial MAE: 9.75
Trial 016 | Epoch 007/25 | Img 512 | Train MAE: 11.62 | Val MAE: 11.53 | Val RMSE: 14.65 | Best Trial MAE: 9.75
Trial 016 | Epoch 008/25 | Img 512 | Train MAE: 10.75 | Val MAE: 9.39 | Val RMSE: 12.02 | Best Trial MAE: 9.39
Trial 016 | Epoch 009/25 | Img 512 | Train MAE: 10.55 | Val MAE: 9.75 | Val RMSE: 12.53 | Best Trial MAE: 9.39
Trial 016 | Epoch 010/25 | Img 512 | Train MAE: 10.26 | Val MAE: 10.04 | Val RMSE: 12.84 | Best Trial MAE: 9.39
Trial 016 | Epoch 011/25 | Img 512 | Train MAE: 9.85 | Val MAE: 8.85 | Val RMSE: 11.40 | Best Trial MAE: 8.85
Trial 016 | Epoch 012/25 | Img 512 | Train MAE: 9.58 | Val MAE: 8.57 | Val RMSE: 10.94 | Best Trial MAE: 8.57
Trial 016 | Epoch 013/25 | Img 512 | Train MAE: 9.49 | Val MAE: 8.87 | Val RMSE: 11.46 | Best Trial MAE: 8.57
Trial 016 | Epoch 014/25 | Img 512 | Train MAE: 9.20 | Val MAE: 8.52 | Val RMSE: 10.83 | Best Trial MAE: 8.52
Trial 016 | Epoch 015/25 | Img 512 | Train MAE: 8.98 | Val MAE: 9.52 | Val RMSE: 12.06 | Best Trial MAE: 8.52
Trial 016 | Epoch 016/25 | Img 512 | Train MAE: 8.84 | Val MAE: 11.62 | Val RMSE: 14.43 | Best Trial MAE: 8.52
Trial 016 | Epoch 017/25 | Img 512 | Train MAE: 8.78 | Val MAE: 8.95 | Val RMSE: 11.48 | Best Trial MAE: 8.52
Saved HPO partial result to: /storage/homefs/eb19p026/DL_Project/hpo_swin_t_boneage_HPOV1/best_hpo_result_partial.json
Saved HPO partial trials to: /storage/homefs/eb19p026/DL_Project/hpo_swin_t_boneage_HPOV1/optuna_trials_partial.csv
Trial 017 | Epoch 001/25 | Img 512 | Train MAE: 36.96 | Val MAE: 13.62 | Val RMSE: 17.30 | Best Trial MAE: 13.62
Trial 017 | Epoch 002/25 | Img 512 | Train MAE: 14.17 | Val MAE: 13.80 | Val RMSE: 17.33 | Best Trial MAE: 13.62
Trial 017 | Epoch 003/25 | Img 512 | Train MAE: 11.78 | Val MAE: 10.46 | Val RMSE: 13.51 | Best Trial MAE: 10.46
Trial 017 | Epoch 004/25 | Img 512 | Train MAE: 10.98 | Val MAE: 12.55 | Val RMSE: 15.70 | Best Trial MAE: 10.46
Trial 017 | Epoch 005/25 | Img 512 | Train MAE: 10.47 | Val MAE: 9.08 | Val RMSE: 11.56 | Best Trial MAE: 9.08
Trial 017 | Epoch 006/25 | Img 512 | Train MAE: 9.82 | Val MAE: 9.27 | Val RMSE: 11.91 | Best Trial MAE: 9.08
Trial 017 | Epoch 007/25 | Img 512 | Train MAE: 9.10 | Val MAE: 8.75 | Val RMSE: 11.31 | Best Trial MAE: 8.75
Trial 017 | Epoch 008/25 | Img 512 | Train MAE: 8.80 | Val MAE: 9.81 | Val RMSE: 12.18 | Best Trial MAE: 8.75
Trial 017 | Epoch 009/25 | Img 512 | Train MAE: 8.35 | Val MAE: 7.58 | Val RMSE: 9.74 | Best Trial MAE: 7.58
Trial 017 | Epoch 010/25 | Img 512 | Train MAE: 8.38 | Val MAE: 8.09 | Val RMSE: 10.22 | Best Trial MAE: 7.58
Trial 017 | Epoch 011/25 | Img 512 | Train MAE: 7.72 | Val MAE: 7.76 | Val RMSE: 10.14 | Best Trial MAE: 7.58
Trial 017 | Epoch 012/25 | Img 512 | Train MAE: 7.54 | Val MAE: 7.05 | Val RMSE: 9.19 | Best Trial MAE: 7.05
Trial 017 | Epoch 013/25 | Img 512 | Train MAE: 7.29 | Val MAE: 7.01 | Val RMSE: 9.11 | Best Trial MAE: 7.01
Trial 017 | Epoch 014/25 | Img 512 | Train MAE: 7.14 | Val MAE: 6.84 | Val RMSE: 8.99 | Best Trial MAE: 6.84
Trial 017 | Epoch 015/25 | Img 512 | Train MAE: 7.01 | Val MAE: 6.86 | Val RMSE: 9.01 | Best Trial MAE: 6.84
Trial 017 | Epoch 016/25 | Img 512 | Train MAE: 6.99 | Val MAE: 6.97 | Val RMSE: 9.11 | Best Trial MAE: 6.84
Trial 017 | Epoch 017/25 | Img 512 | Train MAE: 6.65 | Val MAE: 6.76 | Val RMSE: 8.88 | Best Trial MAE: 6.76
Trial 017 | Epoch 018/25 | Img 512 | Train MAE: 6.64 | Val MAE: 6.89 | Val RMSE: 9.05 | Best Trial MAE: 6.76
Trial 017 | Epoch 019/25 | Img 512 | Train MAE: 6.57 | Val MAE: 6.65 | Val RMSE: 8.73 | Best Trial MAE: 6.65
Trial 017 | Epoch 020/25 | Img 512 | Train MAE: 6.43 | Val MAE: 6.69 | Val RMSE: 8.77 | Best Trial MAE: 6.65
Trial 017 | Epoch 021/25 | Img 512 | Train MAE: 6.37 | Val MAE: 6.60 | Val RMSE: 8.67 | Best Trial MAE: 6.60
Trial 017 | Epoch 022/25 | Img 512 | Train MAE: 6.32 | Val MAE: 6.60 | Val RMSE: 8.69 | Best Trial MAE: 6.60
Trial 017 | Epoch 023/25 | Img 512 | Train MAE: 6.32 | Val MAE: 6.66 | Val RMSE: 8.75 | Best Trial MAE: 6.60
Trial 017 | Epoch 024/25 | Img 512 | Train MAE: 6.23 | Val MAE: 6.58 | Val RMSE: 8.66 | Best Trial MAE: 6.58
Trial 017 | Epoch 025/25 | Img 512 | Train MAE: 6.21 | Val MAE: 6.59 | Val RMSE: 8.68 | Best Trial MAE: 6.58
Saved HPO partial result to: /storage/homefs/eb19p026/DL_Project/hpo_swin_t_boneage_HPOV1/best_hpo_result_partial.json
Saved HPO partial trials to: /storage/homefs/eb19p026/DL_Project/hpo_swin_t_boneage_HPOV1/optuna_trials_partial.csv
Trial 018 | Epoch 001/25 | Img 512 | Train MAE: 43.00 | Val MAE: 14.73 | Val RMSE: 18.73 | Best Trial MAE: 14.73
Trial 018 | Epoch 002/25 | Img 512 | Train MAE: 15.57 | Val MAE: 14.60 | Val RMSE: 18.03 | Best Trial MAE: 14.60
Trial 018 | Epoch 003/25 | Img 512 | Train MAE: 12.61 | Val MAE: 10.50 | Val RMSE: 13.06 | Best Trial MAE: 10.50
Trial 018 | Epoch 004/25 | Img 512 | Train MAE: 11.47 | Val MAE: 10.68 | Val RMSE: 13.56 | Best Trial MAE: 10.50
Trial 018 | Epoch 005/25 | Img 512 | Train MAE: 11.27 | Val MAE: 9.76 | Val RMSE: 12.29 | Best Trial MAE: 9.76
Trial 018 | Epoch 006/25 | Img 512 | Train MAE: 10.98 | Val MAE: 9.52 | Val RMSE: 11.92 | Best Trial MAE: 9.52
Trial 018 | Epoch 007/25 | Img 512 | Train MAE: 9.88 | Val MAE: 8.72 | Val RMSE: 11.18 | Best Trial MAE: 8.72
Trial 018 | Epoch 008/25 | Img 512 | Train MAE: 9.80 | Val MAE: 8.62 | Val RMSE: 11.04 | Best Trial MAE: 8.62
Trial 018 | Epoch 009/25 | Img 512 | Train MAE: 9.57 | Val MAE: 8.57 | Val RMSE: 10.82 | Best Trial MAE: 8.57
Trial 018 | Epoch 010/25 | Img 512 | Train MAE: 9.40 | Val MAE: 8.91 | Val RMSE: 11.54 | Best Trial MAE: 8.57
Trial 018 | Epoch 011/25 | Img 512 | Train MAE: 8.89 | Val MAE: 8.20 | Val RMSE: 10.58 | Best Trial MAE: 8.20
Trial 018 | Epoch 012/25 | Img 512 | Train MAE: 8.51 | Val MAE: 8.11 | Val RMSE: 10.42 | Best Trial MAE: 8.11
Trial 018 | Epoch 013/25 | Img 512 | Train MAE: 8.61 | Val MAE: 7.76 | Val RMSE: 9.92 | Best Trial MAE: 7.76
Trial 018 | Epoch 014/25 | Img 512 | Train MAE: 8.18 | Val MAE: 7.76 | Val RMSE: 9.97 | Best Trial MAE: 7.76
Trial 018 | Epoch 015/25 | Img 512 | Train MAE: 8.21 | Val MAE: 7.54 | Val RMSE: 9.66 | Best Trial MAE: 7.54
Trial 018 | Epoch 016/25 | Img 512 | Train MAE: 7.91 | Val MAE: 7.41 | Val RMSE: 9.57 | Best Trial MAE: 7.41
Trial 018 | Epoch 017/25 | Img 512 | Train MAE: 7.72 | Val MAE: 7.33 | Val RMSE: 9.49 | Best Trial MAE: 7.33
Trial 018 | Epoch 018/25 | Img 512 | Train MAE: 7.59 | Val MAE: 7.36 | Val RMSE: 9.47 | Best Trial MAE: 7.33
Trial 018 | Epoch 019/25 | Img 512 | Train MAE: 7.52 | Val MAE: 7.24 | Val RMSE: 9.40 | Best Trial MAE: 7.24
Trial 018 | Epoch 020/25 | Img 512 | Train MAE: 7.40 | Val MAE: 7.27 | Val RMSE: 9.46 | Best Trial MAE: 7.24
Trial 018 | Epoch 021/25 | Img 512 | Train MAE: 7.41 | Val MAE: 7.20 | Val RMSE: 9.36 | Best Trial MAE: 7.20
Trial 018 | Epoch 022/25 | Img 512 | Train MAE: 7.26 | Val MAE: 7.09 | Val RMSE: 9.22 | Best Trial MAE: 7.09
Trial 018 | Epoch 023/25 | Img 512 | Train MAE: 7.29 | Val MAE: 7.21 | Val RMSE: 9.35 | Best Trial MAE: 7.09
Trial 018 | Epoch 024/25 | Img 512 | Train MAE: 7.36 | Val MAE: 7.17 | Val RMSE: 9.31 | Best Trial MAE: 7.09
Trial 018 | Epoch 025/25 | Img 512 | Train MAE: 7.17 | Val MAE: 7.14 | Val RMSE: 9.28 | Best Trial MAE: 7.09
Saved HPO partial result to: /storage/homefs/eb19p026/DL_Project/hpo_swin_t_boneage_HPOV1/best_hpo_result_partial.json
Saved HPO partial trials to: /storage/homefs/eb19p026/DL_Project/hpo_swin_t_boneage_HPOV1/optuna_trials_partial.csv
Trial 019 | Epoch 001/25 | Img 512 | Train MAE: 35.47 | Val MAE: 13.05 | Val RMSE: 16.35 | Best Trial MAE: 13.05
Trial 019 | Epoch 002/25 | Img 512 | Train MAE: 14.08 | Val MAE: 11.75 | Val RMSE: 14.78 | Best Trial MAE: 11.75
Trial 019 | Epoch 003/25 | Img 512 | Train MAE: 12.39 | Val MAE: 9.92 | Val RMSE: 12.61 | Best Trial MAE: 9.92
Trial 019 | Epoch 004/25 | Img 512 | Train MAE: 11.72 | Val MAE: 9.92 | Val RMSE: 12.62 | Best Trial MAE: 9.92
Trial 019 | Epoch 005/25 | Img 512 | Train MAE: 10.63 | Val MAE: 9.51 | Val RMSE: 12.26 | Best Trial MAE: 9.51
Trial 019 | Epoch 006/25 | Img 512 | Train MAE: 9.91 | Val MAE: 8.99 | Val RMSE: 11.59 | Best Trial MAE: 8.99
Trial 019 | Epoch 007/25 | Img 512 | Train MAE: 9.67 | Val MAE: 8.36 | Val RMSE: 10.67 | Best Trial MAE: 8.36
Trial 019 | Epoch 008/25 | Img 512 | Train MAE: 9.22 | Val MAE: 8.89 | Val RMSE: 11.32 | Best Trial MAE: 8.36
Trial 019 | Epoch 009/25 | Img 512 | Train MAE: 8.86 | Val MAE: 9.96 | Val RMSE: 12.47 | Best Trial MAE: 8.36
Trial 019 | Epoch 010/25 | Img 512 | Train MAE: 8.57 | Val MAE: 7.95 | Val RMSE: 10.31 | Best Trial MAE: 7.95
Trial 019 | Epoch 011/25 | Img 512 | Train MAE: 8.00 | Val MAE: 8.04 | Val RMSE: 10.15 | Best Trial MAE: 7.95
Trial 019 | Epoch 012/25 | Img 512 | Train MAE: 8.13 | Val MAE: 8.95 | Val RMSE: 11.23 | Best Trial MAE: 7.95
Trial 019 | Epoch 013/25 | Img 512 | Train MAE: 7.64 | Val MAE: 7.23 | Val RMSE: 9.35 | Best Trial MAE: 7.23
Trial 019 | Epoch 014/25 | Img 512 | Train MAE: 7.60 | Val MAE: 7.42 | Val RMSE: 9.65 | Best Trial MAE: 7.23
Trial 019 | Epoch 015/25 | Img 512 | Train MAE: 7.43 | Val MAE: 6.90 | Val RMSE: 9.00 | Best Trial MAE: 6.90
Trial 019 | Epoch 016/25 | Img 512 | Train MAE: 7.26 | Val MAE: 7.17 | Val RMSE: 9.28 | Best Trial MAE: 6.90
Trial 019 | Epoch 017/25 | Img 512 | Train MAE: 7.12 | Val MAE: 6.93 | Val RMSE: 9.05 | Best Trial MAE: 6.90
Trial 019 | Epoch 018/25 | Img 512 | Train MAE: 6.94 | Val MAE: 6.78 | Val RMSE: 8.89 | Best Trial MAE: 6.78
Trial 019 | Epoch 019/25 | Img 512 | Train MAE: 6.77 | Val MAE: 6.81 | Val RMSE: 8.84 | Best Trial MAE: 6.78
Trial 019 | Epoch 020/25 | Img 512 | Train MAE: 6.77 | Val MAE: 6.81 | Val RMSE: 8.89 | Best Trial MAE: 6.78
Trial 019 | Epoch 021/25 | Img 512 | Train MAE: 6.72 | Val MAE: 6.91 | Val RMSE: 9.00 | Best Trial MAE: 6.78
Trial 019 | Epoch 022/25 | Img 512 | Train MAE: 6.65 | Val MAE: 6.70 | Val RMSE: 8.74 | Best Trial MAE: 6.70
Trial 019 | Epoch 023/25 | Img 512 | Train MAE: 6.67 | Val MAE: 6.71 | Val RMSE: 8.78 | Best Trial MAE: 6.70
Trial 019 | Epoch 024/25 | Img 512 | Train MAE: 6.63 | Val MAE: 6.68 | Val RMSE: 8.72 | Best Trial MAE: 6.68
Trial 019 | Epoch 025/25 | Img 512 | Train MAE: 6.59 | Val MAE: 6.69 | Val RMSE: 8.74 | Best Trial MAE: 6.68
Saved HPO partial result to: /storage/homefs/eb19p026/DL_Project/hpo_swin_t_boneage_HPOV1/best_hpo_result_partial.json
Saved HPO partial trials to: /storage/homefs/eb19p026/DL_Project/hpo_swin_t_boneage_HPOV1/optuna_trials_partial.csv
Trial 020 | Epoch 001/25 | Img 512 | Train MAE: 112.76 | Val MAE: 90.37 | Val RMSE: 98.80 | Best Trial MAE: 90.37
Trial 020 | Epoch 002/25 | Img 512 | Train MAE: 53.52 | Val MAE: 33.21 | Val RMSE: 41.98 | Best Trial MAE: 33.21
Trial 020 | Epoch 003/25 | Img 512 | Train MAE: 27.53 | Val MAE: 16.86 | Val RMSE: 21.34 | Best Trial MAE: 16.86
Trial 020 | Epoch 004/25 | Img 512 | Train MAE: 17.32 | Val MAE: 14.08 | Val RMSE: 17.86 | Best Trial MAE: 14.08
Trial 020 | Epoch 005/25 | Img 512 | Train MAE: 14.83 | Val MAE: 12.22 | Val RMSE: 15.46 | Best Trial MAE: 12.22
Saved HPO partial result to: /storage/homefs/eb19p026/DL_Project/hpo_swin_t_boneage_HPOV1/best_hpo_result_partial.json
Saved HPO partial trials to: /storage/homefs/eb19p026/DL_Project/hpo_swin_t_boneage_HPOV1/optuna_trials_partial.csv
Trial 021 | Epoch 001/25 | Img 512 | Train MAE: 36.55 | Val MAE: 14.01 | Val RMSE: 17.80 | Best Trial MAE: 14.01
Trial 021 | Epoch 002/25 | Img 512 | Train MAE: 15.17 | Val MAE: 12.55 | Val RMSE: 15.30 | Best Trial MAE: 12.55
Trial 021 | Epoch 003/25 | Img 512 | Train MAE: 12.19 | Val MAE: 14.38 | Val RMSE: 17.95 | Best Trial MAE: 12.55
Trial 021 | Epoch 004/25 | Img 512 | Train MAE: 11.78 | Val MAE: 10.39 | Val RMSE: 12.96 | Best Trial MAE: 10.39
Trial 021 | Epoch 005/25 | Img 512 | Train MAE: 10.62 | Val MAE: 9.56 | Val RMSE: 12.03 | Best Trial MAE: 9.56
Trial 021 | Epoch 006/25 | Img 512 | Train MAE: 10.38 | Val MAE: 8.76 | Val RMSE: 11.27 | Best Trial MAE: 8.76
Trial 021 | Epoch 007/25 | Img 512 | Train MAE: 9.71 | Val MAE: 9.93 | Val RMSE: 12.62 | Best Trial MAE: 8.76
Trial 021 | Epoch 008/25 | Img 512 | Train MAE: 9.37 | Val MAE: 8.08 | Val RMSE: 10.47 | Best Trial MAE: 8.08
Trial 021 | Epoch 009/25 | Img 512 | Train MAE: 9.04 | Val MAE: 9.02 | Val RMSE: 11.47 | Best Trial MAE: 8.08
Trial 021 | Epoch 010/25 | Img 512 | Train MAE: 8.64 | Val MAE: 8.46 | Val RMSE: 10.94 | Best Trial MAE: 8.08
Trial 021 | Epoch 011/25 | Img 512 | Train MAE: 8.33 | Val MAE: 8.59 | Val RMSE: 11.02 | Best Trial MAE: 8.08
Trial 021 | Epoch 012/25 | Img 512 | Train MAE: 8.36 | Val MAE: 7.61 | Val RMSE: 9.79 | Best Trial MAE: 7.61
Trial 021 | Epoch 013/25 | Img 512 | Train MAE: 8.00 | Val MAE: 7.54 | Val RMSE: 9.76 | Best Trial MAE: 7.54
Trial 021 | Epoch 014/25 | Img 512 | Train MAE: 7.74 | Val MAE: 7.77 | Val RMSE: 10.01 | Best Trial MAE: 7.54
Trial 021 | Epoch 015/25 | Img 512 | Train MAE: 7.39 | Val MAE: 7.09 | Val RMSE: 9.24 | Best Trial MAE: 7.09
Trial 021 | Epoch 016/25 | Img 512 | Train MAE: 7.34 | Val MAE: 7.32 | Val RMSE: 9.59 | Best Trial MAE: 7.09
Trial 021 | Epoch 017/25 | Img 512 | Train MAE: 7.17 | Val MAE: 6.95 | Val RMSE: 9.12 | Best Trial MAE: 6.95
Trial 021 | Epoch 018/25 | Img 512 | Train MAE: 7.02 | Val MAE: 7.26 | Val RMSE: 9.38 | Best Trial MAE: 6.95
Trial 021 | Epoch 019/25 | Img 512 | Train MAE: 6.88 | Val MAE: 7.07 | Val RMSE: 9.22 | Best Trial MAE: 6.95
Trial 021 | Epoch 020/25 | Img 512 | Train MAE: 6.92 | Val MAE: 7.00 | Val RMSE: 9.17 | Best Trial MAE: 6.95
Trial 021 | Epoch 021/25 | Img 512 | Train MAE: 6.80 | Val MAE: 6.87 | Val RMSE: 9.00 | Best Trial MAE: 6.87
Trial 021 | Epoch 022/25 | Img 512 | Train MAE: 6.75 | Val MAE: 7.00 | Val RMSE: 9.15 | Best Trial MAE: 6.87
Trial 021 | Epoch 023/25 | Img 512 | Train MAE: 6.69 | Val MAE: 6.82 | Val RMSE: 8.92 | Best Trial MAE: 6.82
Trial 021 | Epoch 024/25 | Img 512 | Train MAE: 6.75 | Val MAE: 6.83 | Val RMSE: 8.94 | Best Trial MAE: 6.82
Trial 021 | Epoch 025/25 | Img 512 | Train MAE: 6.65 | Val MAE: 6.86 | Val RMSE: 8.96 | Best Trial MAE: 6.82
Saved HPO partial result to: /storage/homefs/eb19p026/DL_Project/hpo_swin_t_boneage_HPOV1/best_hpo_result_partial.json
Saved HPO partial trials to: /storage/homefs/eb19p026/DL_Project/hpo_swin_t_boneage_HPOV1/optuna_trials_partial.csv
Trial 022 | Epoch 001/25 | Img 512 | Train MAE: 41.53 | Val MAE: 13.87 | Val RMSE: 17.48 | Best Trial MAE: 13.87
Trial 022 | Epoch 002/25 | Img 512 | Train MAE: 14.27 | Val MAE: 11.21 | Val RMSE: 14.24 | Best Trial MAE: 11.21
Trial 022 | Epoch 003/25 | Img 512 | Train MAE: 11.87 | Val MAE: 10.04 | Val RMSE: 12.78 | Best Trial MAE: 10.04
Trial 022 | Epoch 004/25 | Img 512 | Train MAE: 11.59 | Val MAE: 9.83 | Val RMSE: 12.67 | Best Trial MAE: 9.83
Trial 022 | Epoch 005/25 | Img 512 | Train MAE: 10.51 | Val MAE: 9.70 | Val RMSE: 12.57 | Best Trial MAE: 9.70
Trial 022 | Epoch 006/25 | Img 512 | Train MAE: 10.07 | Val MAE: 9.26 | Val RMSE: 12.00 | Best Trial MAE: 9.26
Trial 022 | Epoch 007/25 | Img 512 | Train MAE: 9.75 | Val MAE: 11.24 | Val RMSE: 14.22 | Best Trial MAE: 9.26
Trial 022 | Epoch 008/25 | Img 512 | Train MAE: 9.82 | Val MAE: 9.67 | Val RMSE: 12.28 | Best Trial MAE: 9.26
Trial 022 | Epoch 009/25 | Img 512 | Train MAE: 9.14 | Val MAE: 8.14 | Val RMSE: 10.56 | Best Trial MAE: 8.14
Trial 022 | Epoch 010/25 | Img 512 | Train MAE: 9.11 | Val MAE: 8.46 | Val RMSE: 10.79 | Best Trial MAE: 8.14
Trial 022 | Epoch 011/25 | Img 512 | Train MAE: 8.66 | Val MAE: 8.11 | Val RMSE: 10.52 | Best Trial MAE: 8.11
Trial 022 | Epoch 012/25 | Img 512 | Train MAE: 8.21 | Val MAE: 7.71 | Val RMSE: 9.89 | Best Trial MAE: 7.71
Trial 022 | Epoch 013/25 | Img 512 | Train MAE: 8.13 | Val MAE: 8.28 | Val RMSE: 10.65 | Best Trial MAE: 7.71
Trial 022 | Epoch 014/25 | Img 512 | Train MAE: 7.98 | Val MAE: 7.63 | Val RMSE: 9.88 | Best Trial MAE: 7.63
Trial 022 | Epoch 015/25 | Img 512 | Train MAE: 7.84 | Val MAE: 7.72 | Val RMSE: 10.00 | Best Trial MAE: 7.63
Saved HPO partial result to: /storage/homefs/eb19p026/DL_Project/hpo_swin_t_boneage_HPOV1/best_hpo_result_partial.json
Saved HPO partial trials to: /storage/homefs/eb19p026/DL_Project/hpo_swin_t_boneage_HPOV1/optuna_trials_partial.csv
Trial 023 | Epoch 001/25 | Img 512 | Train MAE: 42.53 | Val MAE: 13.55 | Val RMSE: 17.23 | Best Trial MAE: 13.55
Trial 023 | Epoch 002/25 | Img 512 | Train MAE: 12.67 | Val MAE: 10.89 | Val RMSE: 13.89 | Best Trial MAE: 10.89
Trial 023 | Epoch 003/25 | Img 512 | Train MAE: 12.12 | Val MAE: 10.09 | Val RMSE: 12.95 | Best Trial MAE: 10.09
Trial 023 | Epoch 004/25 | Img 512 | Train MAE: 10.46 | Val MAE: 9.47 | Val RMSE: 12.16 | Best Trial MAE: 9.47
Trial 023 | Epoch 005/25 | Img 512 | Train MAE: 10.27 | Val MAE: 10.14 | Val RMSE: 12.82 | Best Trial MAE: 9.47
Trial 023 | Epoch 006/25 | Img 512 | Train MAE: 9.93 | Val MAE: 8.90 | Val RMSE: 11.47 | Best Trial MAE: 8.90
Trial 023 | Epoch 007/25 | Img 512 | Train MAE: 9.68 | Val MAE: 8.85 | Val RMSE: 11.40 | Best Trial MAE: 8.85
Trial 023 | Epoch 008/25 | Img 512 | Train MAE: 9.67 | Val MAE: 10.26 | Val RMSE: 12.79 | Best Trial MAE: 8.85
Trial 023 | Epoch 009/25 | Img 512 | Train MAE: 8.98 | Val MAE: 9.53 | Val RMSE: 12.14 | Best Trial MAE: 8.85
Trial 023 | Epoch 010/25 | Img 512 | Train MAE: 8.77 | Val MAE: 8.41 | Val RMSE: 10.83 | Best Trial MAE: 8.41
Trial 023 | Epoch 011/25 | Img 512 | Train MAE: 8.48 | Val MAE: 8.36 | Val RMSE: 10.74 | Best Trial MAE: 8.36
Trial 023 | Epoch 012/25 | Img 512 | Train MAE: 8.33 | Val MAE: 8.15 | Val RMSE: 10.44 | Best Trial MAE: 8.15
Trial 023 | Epoch 013/25 | Img 512 | Train MAE: 8.17 | Val MAE: 7.84 | Val RMSE: 10.21 | Best Trial MAE: 7.84
Trial 023 | Epoch 014/25 | Img 512 | Train MAE: 7.94 | Val MAE: 8.02 | Val RMSE: 10.35 | Best Trial MAE: 7.84
Saved HPO partial result to: /storage/homefs/eb19p026/DL_Project/hpo_swin_t_boneage_HPOV1/best_hpo_result_partial.json
Saved HPO partial trials to: /storage/homefs/eb19p026/DL_Project/hpo_swin_t_boneage_HPOV1/optuna_trials_partial.csv
Trial 024 | Epoch 001/25 | Img 512 | Train MAE: 36.20 | Val MAE: 13.22 | Val RMSE: 16.59 | Best Trial MAE: 13.22
Trial 024 | Epoch 002/25 | Img 512 | Train MAE: 14.13 | Val MAE: 12.01 | Val RMSE: 14.74 | Best Trial MAE: 12.01
Trial 024 | Epoch 003/25 | Img 512 | Train MAE: 11.94 | Val MAE: 9.58 | Val RMSE: 12.25 | Best Trial MAE: 9.58
Trial 024 | Epoch 004/25 | Img 512 | Train MAE: 11.23 | Val MAE: 9.90 | Val RMSE: 12.58 | Best Trial MAE: 9.58
Trial 024 | Epoch 005/25 | Img 512 | Train MAE: 10.30 | Val MAE: 9.54 | Val RMSE: 12.25 | Best Trial MAE: 9.54
Trial 024 | Epoch 006/25 | Img 512 | Train MAE: 9.78 | Val MAE: 8.40 | Val RMSE: 10.86 | Best Trial MAE: 8.40
Trial 024 | Epoch 007/25 | Img 512 | Train MAE: 9.36 | Val MAE: 9.69 | Val RMSE: 12.10 | Best Trial MAE: 8.40
Trial 024 | Epoch 008/25 | Img 512 | Train MAE: 8.63 | Val MAE: 7.78 | Val RMSE: 10.13 | Best Trial MAE: 7.78
Trial 024 | Epoch 009/25 | Img 512 | Train MAE: 8.38 | Val MAE: 7.51 | Val RMSE: 9.77 | Best Trial MAE: 7.51
Trial 024 | Epoch 010/25 | Img 512 | Train MAE: 7.88 | Val MAE: 8.06 | Val RMSE: 10.30 | Best Trial MAE: 7.51
Trial 024 | Epoch 011/25 | Img 512 | Train MAE: 7.97 | Val MAE: 7.14 | Val RMSE: 9.23 | Best Trial MAE: 7.14
Trial 024 | Epoch 012/25 | Img 512 | Train MAE: 7.72 | Val MAE: 6.96 | Val RMSE: 9.07 | Best Trial MAE: 6.96
Trial 024 | Epoch 013/25 | Img 512 | Train MAE: 7.36 | Val MAE: 7.88 | Val RMSE: 10.04 | Best Trial MAE: 6.96
Trial 024 | Epoch 014/25 | Img 512 | Train MAE: 7.13 | Val MAE: 7.69 | Val RMSE: 9.96 | Best Trial MAE: 6.96
Trial 024 | Epoch 015/25 | Img 512 | Train MAE: 7.12 | Val MAE: 6.81 | Val RMSE: 8.97 | Best Trial MAE: 6.81
Trial 024 | Epoch 016/25 | Img 512 | Train MAE: 6.94 | Val MAE: 7.02 | Val RMSE: 9.19 | Best Trial MAE: 6.81
Trial 024 | Epoch 017/25 | Img 512 | Train MAE: 6.80 | Val MAE: 6.79 | Val RMSE: 8.87 | Best Trial MAE: 6.79
Trial 024 | Epoch 018/25 | Img 512 | Train MAE: 6.71 | Val MAE: 6.65 | Val RMSE: 8.79 | Best Trial MAE: 6.65
Trial 024 | Epoch 019/25 | Img 512 | Train MAE: 6.66 | Val MAE: 6.57 | Val RMSE: 8.68 | Best Trial MAE: 6.57
Trial 024 | Epoch 020/25 | Img 512 | Train MAE: 6.61 | Val MAE: 6.62 | Val RMSE: 8.71 | Best Trial MAE: 6.57
Trial 024 | Epoch 021/25 | Img 512 | Train MAE: 6.55 | Val MAE: 6.84 | Val RMSE: 8.99 | Best Trial MAE: 6.57
Trial 024 | Epoch 022/25 | Img 512 | Train MAE: 6.40 | Val MAE: 6.57 | Val RMSE: 8.71 | Best Trial MAE: 6.57
Trial 024 | Epoch 023/25 | Img 512 | Train MAE: 6.48 | Val MAE: 6.44 | Val RMSE: 8.55 | Best Trial MAE: 6.44
Trial 024 | Epoch 024/25 | Img 512 | Train MAE: 6.35 | Val MAE: 6.44 | Val RMSE: 8.54 | Best Trial MAE: 6.44
Trial 024 | Epoch 025/25 | Img 512 | Train MAE: 6.34 | Val MAE: 6.44 | Val RMSE: 8.55 | Best Trial MAE: 6.44
Saved HPO partial result to: /storage/homefs/eb19p026/DL_Project/hpo_swin_t_boneage_HPOV1/best_hpo_result_partial.json
Saved HPO partial trials to: /storage/homefs/eb19p026/DL_Project/hpo_swin_t_boneage_HPOV1/optuna_trials_partial.csv
Trial 025 | Epoch 001/25 | Img 512 | Train MAE: 40.34 | Val MAE: 16.08 | Val RMSE: 20.36 | Best Trial MAE: 16.08
Trial 025 | Epoch 002/25 | Img 512 | Train MAE: 14.45 | Val MAE: 11.12 | Val RMSE: 13.92 | Best Trial MAE: 11.12
Trial 025 | Epoch 003/25 | Img 512 | Train MAE: 12.49 | Val MAE: 10.75 | Val RMSE: 13.73 | Best Trial MAE: 10.75
Trial 025 | Epoch 004/25 | Img 512 | Train MAE: 11.60 | Val MAE: 9.46 | Val RMSE: 12.21 | Best Trial MAE: 9.46
Trial 025 | Epoch 005/25 | Img 512 | Train MAE: 10.57 | Val MAE: 9.27 | Val RMSE: 11.81 | Best Trial MAE: 9.27
Trial 025 | Epoch 006/25 | Img 512 | Train MAE: 10.04 | Val MAE: 9.38 | Val RMSE: 11.84 | Best Trial MAE: 9.27
Trial 025 | Epoch 007/25 | Img 512 | Train MAE: 9.61 | Val MAE: 9.24 | Val RMSE: 11.93 | Best Trial MAE: 9.24
Trial 025 | Epoch 008/25 | Img 512 | Train MAE: 9.17 | Val MAE: 10.92 | Val RMSE: 13.39 | Best Trial MAE: 9.24
Trial 025 | Epoch 009/25 | Img 512 | Train MAE: 8.77 | Val MAE: 10.73 | Val RMSE: 13.37 | Best Trial MAE: 9.24
Trial 025 | Epoch 010/25 | Img 512 | Train MAE: 8.41 | Val MAE: 7.91 | Val RMSE: 10.17 | Best Trial MAE: 7.91
Trial 025 | Epoch 011/25 | Img 512 | Train MAE: 8.27 | Val MAE: 7.38 | Val RMSE: 9.52 | Best Trial MAE: 7.38
Trial 025 | Epoch 012/25 | Img 512 | Train MAE: 7.87 | Val MAE: 7.85 | Val RMSE: 10.11 | Best Trial MAE: 7.38
Trial 025 | Epoch 013/25 | Img 512 | Train MAE: 7.67 | Val MAE: 8.14 | Val RMSE: 10.44 | Best Trial MAE: 7.38
Trial 025 | Epoch 014/25 | Img 512 | Train MAE: 7.43 | Val MAE: 6.96 | Val RMSE: 9.05 | Best Trial MAE: 6.96
Trial 025 | Epoch 015/25 | Img 512 | Train MAE: 7.37 | Val MAE: 7.14 | Val RMSE: 9.23 | Best Trial MAE: 6.96
Trial 025 | Epoch 016/25 | Img 512 | Train MAE: 7.26 | Val MAE: 10.17 | Val RMSE: 12.54 | Best Trial MAE: 6.96
Trial 025 | Epoch 017/25 | Img 512 | Train MAE: 7.21 | Val MAE: 7.30 | Val RMSE: 9.43 | Best Trial MAE: 6.96
Trial 025 | Epoch 018/25 | Img 512 | Train MAE: 6.93 | Val MAE: 6.89 | Val RMSE: 9.02 | Best Trial MAE: 6.89
Trial 025 | Epoch 019/25 | Img 512 | Train MAE: 6.95 | Val MAE: 6.99 | Val RMSE: 9.10 | Best Trial MAE: 6.89
Trial 025 | Epoch 020/25 | Img 512 | Train MAE: 6.88 | Val MAE: 6.93 | Val RMSE: 9.08 | Best Trial MAE: 6.89
Trial 025 | Epoch 021/25 | Img 512 | Train MAE: 6.74 | Val MAE: 6.84 | Val RMSE: 8.89 | Best Trial MAE: 6.84
Trial 025 | Epoch 022/25 | Img 512 | Train MAE: 6.68 | Val MAE: 6.71 | Val RMSE: 8.78 | Best Trial MAE: 6.71
Trial 025 | Epoch 023/25 | Img 512 | Train MAE: 6.61 | Val MAE: 6.71 | Val RMSE: 8.78 | Best Trial MAE: 6.71
Trial 025 | Epoch 024/25 | Img 512 | Train MAE: 6.63 | Val MAE: 6.71 | Val RMSE: 8.78 | Best Trial MAE: 6.71
Trial 025 | Epoch 025/25 | Img 512 | Train MAE: 6.58 | Val MAE: 6.71 | Val RMSE: 8.79 | Best Trial MAE: 6.71
Saved HPO partial result to: /storage/homefs/eb19p026/DL_Project/hpo_swin_t_boneage_HPOV1/best_hpo_result_partial.json
Saved HPO partial trials to: /storage/homefs/eb19p026/DL_Project/hpo_swin_t_boneage_HPOV1/optuna_trials_partial.csv
Trial 026 | Epoch 001/25 | Img 512 | Train MAE: 44.12 | Val MAE: 15.42 | Val RMSE: 19.34 | Best Trial MAE: 15.42
Trial 026 | Epoch 002/25 | Img 512 | Train MAE: 15.25 | Val MAE: 11.49 | Val RMSE: 14.33 | Best Trial MAE: 11.49
Trial 026 | Epoch 003/25 | Img 512 | Train MAE: 12.72 | Val MAE: 11.03 | Val RMSE: 13.99 | Best Trial MAE: 11.03
Trial 026 | Epoch 004/25 | Img 512 | Train MAE: 11.74 | Val MAE: 11.35 | Val RMSE: 14.01 | Best Trial MAE: 11.03
Trial 026 | Epoch 005/25 | Img 512 | Train MAE: 11.25 | Val MAE: 9.83 | Val RMSE: 12.61 | Best Trial MAE: 9.83
Saved HPO partial result to: /storage/homefs/eb19p026/DL_Project/hpo_swin_t_boneage_HPOV1/best_hpo_result_partial.json
Saved HPO partial trials to: /storage/homefs/eb19p026/DL_Project/hpo_swin_t_boneage_HPOV1/optuna_trials_partial.csv
Trial 027 | Epoch 001/25 | Img 512 | Train MAE: 52.38 | Val MAE: 16.30 | Val RMSE: 20.76 | Best Trial MAE: 16.30
Trial 027 | Epoch 002/25 | Img 512 | Train MAE: 16.39 | Val MAE: 11.62 | Val RMSE: 14.42 | Best Trial MAE: 11.62
Trial 027 | Epoch 003/25 | Img 512 | Train MAE: 13.26 | Val MAE: 11.69 | Val RMSE: 14.94 | Best Trial MAE: 11.62
Trial 027 | Epoch 004/25 | Img 512 | Train MAE: 12.57 | Val MAE: 10.88 | Val RMSE: 13.92 | Best Trial MAE: 10.88
Trial 027 | Epoch 005/25 | Img 512 | Train MAE: 11.57 | Val MAE: 9.89 | Val RMSE: 12.64 | Best Trial MAE: 9.89
Saved HPO partial result to: /storage/homefs/eb19p026/DL_Project/hpo_swin_t_boneage_HPOV1/best_hpo_result_partial.json
Saved HPO partial trials to: /storage/homefs/eb19p026/DL_Project/hpo_swin_t_boneage_HPOV1/optuna_trials_partial.csv
Trial 028 | Epoch 001/25 | Img 512 | Train MAE: 103.08 | Val MAE: 69.75 | Val RMSE: 78.68 | Best Trial MAE: 69.75
Trial 028 | Epoch 002/25 | Img 512 | Train MAE: 39.07 | Val MAE: 19.51 | Val RMSE: 24.35 | Best Trial MAE: 19.51
Trial 028 | Epoch 003/25 | Img 512 | Train MAE: 17.88 | Val MAE: 14.05 | Val RMSE: 18.04 | Best Trial MAE: 14.05
Trial 028 | Epoch 004/25 | Img 512 | Train MAE: 14.42 | Val MAE: 12.00 | Val RMSE: 15.22 | Best Trial MAE: 12.00
Trial 028 | Epoch 005/25 | Img 512 | Train MAE: 12.75 | Val MAE: 11.47 | Val RMSE: 14.66 | Best Trial MAE: 11.47
Saved HPO partial result to: /storage/homefs/eb19p026/DL_Project/hpo_swin_t_boneage_HPOV1/best_hpo_result_partial.json
Saved HPO partial trials to: /storage/homefs/eb19p026/DL_Project/hpo_swin_t_boneage_HPOV1/optuna_trials_partial.csv
Saved HPO partial result to: /storage/homefs/eb19p026/DL_Project/hpo_swin_t_boneage_HPOV1/best_hpo_result_partial.json
Saved HPO partial trials to: /storage/homefs/eb19p026/DL_Project/hpo_swin_t_boneage_HPOV1/optuna_trials_partial.csv
Saved HPO completed result to: /storage/homefs/eb19p026/DL_Project/hpo_swin_t_boneage_HPOV1/best_hpo_result.json
Saved HPO completed trials to: /storage/homefs/eb19p026/DL_Project/hpo_swin_t_boneage_HPOV1/optuna_trials.csv

HPO finished.
Best Val MAE: 6.4410
Best trial number: 24
Best params:
  image_size: 512
  backbone_lr: 2.995238919621623e-05
  head_lr_multiplier: 10
  weight_decay: 1.8877649687697604e-05
  drop_path: 0.1
  head_dropout: 0.0
  hidden_dim: 2048
  smooth_l1_beta: 10.0
  augmentation_preset: current
  head_lr: 0.00029952389196216233

Final result saved to: /storage/homefs/eb19p026/DL_Project/hpo_swin_t_boneage_HPOV1/best_hpo_result.json
Partial result saved to: /storage/homefs/eb19p026/DL_Project/hpo_swin_t_boneage_HPOV1/best_hpo_result_partial.json
Optuna SQLite storage: /storage/homefs/eb19p026/DL_Project/hpo_swin_t_boneage_HPOV1/optuna_study.db
=== Swin-T HPO finished ===
Date: Sun May 10 09:09:11 PM CEST 2026
