=== Job started ===
Job ID: 3598540
Host: gnode22
Date: Thu May  7 12:13:56 AM CEST 2026S
=== Loaded modules ===
=== Python environment ===
CWD: /storage/homefs/eb19p026/DL_Project
Python: /storage/homefs/eb19p026/DL_Project/venv/bin/python
Python 3.11.3
Requirement already satisfied: pip in ./venv/lib/python3.11/site-packages (26.1.1)
Looking in indexes: https://download.pytorch.org/whl/cu126, https://pypi.org/simple
Requirement already satisfied: torch in ./venv/lib/python3.11/site-packages (from -r requirements.txt (line 2)) (2.11.0+cu126)
Requirement already satisfied: torchvision in ./venv/lib/python3.11/site-packages (from -r requirements.txt (line 3)) (0.26.0+cu126)
Requirement already satisfied: torchaudio in ./venv/lib/python3.11/site-packages (from -r requirements.txt (line 4)) (2.11.0+cu126)
Requirement already satisfied: timm in ./venv/lib/python3.11/site-packages (from -r requirements.txt (line 7)) (1.0.26)
Requirement already satisfied: optuna in ./venv/lib/python3.11/site-packages (from -r requirements.txt (line 8)) (4.8.0)
Requirement already satisfied: numpy in ./venv/lib/python3.11/site-packages (from -r requirements.txt (line 9)) (2.4.4)
Requirement already satisfied: pandas in ./venv/lib/python3.11/site-packages (from -r requirements.txt (line 10)) (3.0.2)
Requirement already satisfied: scikit-learn in ./venv/lib/python3.11/site-packages (from -r requirements.txt (line 11)) (1.8.0)
Requirement already satisfied: matplotlib in ./venv/lib/python3.11/site-packages (from -r requirements.txt (line 12)) (3.10.9)
Requirement already satisfied: pillow in ./venv/lib/python3.11/site-packages (from -r requirements.txt (line 13)) (12.2.0)
Requirement already satisfied: tqdm in ./venv/lib/python3.11/site-packages (from -r requirements.txt (line 14)) (4.67.3)
Requirement already satisfied: filelock in ./venv/lib/python3.11/site-packages (from torch->-r requirements.txt (line 2)) (3.29.0)
Requirement already satisfied: typing-extensions>=4.10.0 in ./venv/lib/python3.11/site-packages (from torch->-r requirements.txt (line 2)) (4.15.0)
Requirement already satisfied: setuptools<82 in ./venv/lib/python3.11/site-packages (from torch->-r requirements.txt (line 2)) (65.5.0)
Requirement already satisfied: sympy>=1.13.3 in ./venv/lib/python3.11/site-packages (from torch->-r requirements.txt (line 2)) (1.14.0)
Requirement already satisfied: networkx>=2.5.1 in ./venv/lib/python3.11/site-packages (from torch->-r requirements.txt (line 2)) (3.6.1)
Requirement already satisfied: jinja2 in ./venv/lib/python3.11/site-packages (from torch->-r requirements.txt (line 2)) (3.1.6)
Requirement already satisfied: fsspec>=0.8.5 in ./venv/lib/python3.11/site-packages (from torch->-r requirements.txt (line 2)) (2026.4.0)
Requirement already satisfied: cuda-toolkit==12.6.3 in ./venv/lib/python3.11/site-packages (from cuda-toolkit[cublas,cudart,cufft,cufile,cupti,curand,cusolver,cusparse,nvjitlink,nvrtc,nvtx]==12.6.3; platform_system == "Linux"->torch->-r requirements.txt (line 2)) (12.6.3)
Requirement already satisfied: cuda-bindings<13,>=12.9.4 in ./venv/lib/python3.11/site-packages (from torch->-r requirements.txt (line 2)) (12.9.6)
Requirement already satisfied: nvidia-cudnn-cu12==9.10.2.21 in ./venv/lib/python3.11/site-packages (from torch->-r requirements.txt (line 2)) (9.10.2.21)
Requirement already satisfied: nvidia-cusparselt-cu12==0.7.1 in ./venv/lib/python3.11/site-packages (from torch->-r requirements.txt (line 2)) (0.7.1)
Requirement already satisfied: nvidia-nccl-cu12==2.28.9 in ./venv/lib/python3.11/site-packages (from torch->-r requirements.txt (line 2)) (2.28.9)
Requirement already satisfied: nvidia-nvshmem-cu12==3.4.5 in ./venv/lib/python3.11/site-packages (from torch->-r requirements.txt (line 2)) (3.4.5)
Requirement already satisfied: triton==3.6.0 in ./venv/lib/python3.11/site-packages (from torch->-r requirements.txt (line 2)) (3.6.0)
Requirement already satisfied: nvidia-cublas-cu12==12.6.4.1.* in ./venv/lib/python3.11/site-packages (from cuda-toolkit[cublas,cudart,cufft,cufile,cupti,curand,cusolver,cusparse,nvjitlink,nvrtc,nvtx]==12.6.3; platform_system == "Linux"->torch->-r requirements.txt (line 2)) (12.6.4.1)
Requirement already satisfied: nvidia-cuda-runtime-cu12==12.6.77.* in ./venv/lib/python3.11/site-packages (from cuda-toolkit[cublas,cudart,cufft,cufile,cupti,curand,cusolver,cusparse,nvjitlink,nvrtc,nvtx]==12.6.3; platform_system == "Linux"->torch->-r requirements.txt (line 2)) (12.6.77)
Requirement already satisfied: nvidia-cufft-cu12==11.3.0.4.* in ./venv/lib/python3.11/site-packages (from cuda-toolkit[cublas,cudart,cufft,cufile,cupti,curand,cusolver,cusparse,nvjitlink,nvrtc,nvtx]==12.6.3; platform_system == "Linux"->torch->-r requirements.txt (line 2)) (11.3.0.4)
Requirement already satisfied: nvidia-cufile-cu12==1.11.1.6.* in ./venv/lib/python3.11/site-packages (from cuda-toolkit[cublas,cudart,cufft,cufile,cupti,curand,cusolver,cusparse,nvjitlink,nvrtc,nvtx]==12.6.3; platform_system == "Linux"->torch->-r requirements.txt (line 2)) (1.11.1.6)
Requirement already satisfied: nvidia-cuda-cupti-cu12==12.6.80.* in ./venv/lib/python3.11/site-packages (from cuda-toolkit[cublas,cudart,cufft,cufile,cupti,curand,cusolver,cusparse,nvjitlink,nvrtc,nvtx]==12.6.3; platform_system == "Linux"->torch->-r requirements.txt (line 2)) (12.6.80)
Requirement already satisfied: nvidia-curand-cu12==10.3.7.77.* in ./venv/lib/python3.11/site-packages (from cuda-toolkit[cublas,cudart,cufft,cufile,cupti,curand,cusolver,cusparse,nvjitlink,nvrtc,nvtx]==12.6.3; platform_system == "Linux"->torch->-r requirements.txt (line 2)) (10.3.7.77)
Requirement already satisfied: nvidia-cusolver-cu12==11.7.1.2.* in ./venv/lib/python3.11/site-packages (from cuda-toolkit[cublas,cudart,cufft,cufile,cupti,curand,cusolver,cusparse,nvjitlink,nvrtc,nvtx]==12.6.3; platform_system == "Linux"->torch->-r requirements.txt (line 2)) (11.7.1.2)
Requirement already satisfied: nvidia-cusparse-cu12==12.5.4.2.* in ./venv/lib/python3.11/site-packages (from cuda-toolkit[cublas,cudart,cufft,cufile,cupti,curand,cusolver,cusparse,nvjitlink,nvrtc,nvtx]==12.6.3; platform_system == "Linux"->torch->-r requirements.txt (line 2)) (12.5.4.2)
Requirement already satisfied: nvidia-nvjitlink-cu12==12.6.85.* in ./venv/lib/python3.11/site-packages (from cuda-toolkit[cublas,cudart,cufft,cufile,cupti,curand,cusolver,cusparse,nvjitlink,nvrtc,nvtx]==12.6.3; platform_system == "Linux"->torch->-r requirements.txt (line 2)) (12.6.85)
Requirement already satisfied: nvidia-cuda-nvrtc-cu12==12.6.85.* in ./venv/lib/python3.11/site-packages (from cuda-toolkit[cublas,cudart,cufft,cufile,cupti,curand,cusolver,cusparse,nvjitlink,nvrtc,nvtx]==12.6.3; platform_system == "Linux"->torch->-r requirements.txt (line 2)) (12.6.85)
Requirement already satisfied: nvidia-nvtx-cu12==12.6.77.* in ./venv/lib/python3.11/site-packages (from cuda-toolkit[cublas,cudart,cufft,cufile,cupti,curand,cusolver,cusparse,nvjitlink,nvrtc,nvtx]==12.6.3; platform_system == "Linux"->torch->-r requirements.txt (line 2)) (12.6.77)
Requirement already satisfied: cuda-pathfinder~=1.1 in ./venv/lib/python3.11/site-packages (from cuda-bindings<13,>=12.9.4->torch->-r requirements.txt (line 2)) (1.5.4)
Requirement already satisfied: pyyaml in ./venv/lib/python3.11/site-packages (from timm->-r requirements.txt (line 7)) (6.0.3)
Requirement already satisfied: huggingface_hub in ./venv/lib/python3.11/site-packages (from timm->-r requirements.txt (line 7)) (1.13.0)
Requirement already satisfied: safetensors in ./venv/lib/python3.11/site-packages (from timm->-r requirements.txt (line 7)) (0.7.0)
Requirement already satisfied: alembic>=1.5.0 in ./venv/lib/python3.11/site-packages (from optuna->-r requirements.txt (line 8)) (1.18.4)
Requirement already satisfied: colorlog in ./venv/lib/python3.11/site-packages (from optuna->-r requirements.txt (line 8)) (6.10.1)
Requirement already satisfied: packaging>=20.0 in ./venv/lib/python3.11/site-packages (from optuna->-r requirements.txt (line 8)) (26.2)
Requirement already satisfied: sqlalchemy>=1.4.2 in ./venv/lib/python3.11/site-packages (from optuna->-r requirements.txt (line 8)) (2.0.49)
Requirement already satisfied: python-dateutil>=2.8.2 in ./venv/lib/python3.11/site-packages (from pandas->-r requirements.txt (line 10)) (2.9.0.post0)
Requirement already satisfied: scipy>=1.10.0 in ./venv/lib/python3.11/site-packages (from scikit-learn->-r requirements.txt (line 11)) (1.17.1)
Requirement already satisfied: joblib>=1.3.0 in ./venv/lib/python3.11/site-packages (from scikit-learn->-r requirements.txt (line 11)) (1.5.3)
Requirement already satisfied: threadpoolctl>=3.2.0 in ./venv/lib/python3.11/site-packages (from scikit-learn->-r requirements.txt (line 11)) (3.6.0)
Requirement already satisfied: contourpy>=1.0.1 in ./venv/lib/python3.11/site-packages (from matplotlib->-r requirements.txt (line 12)) (1.3.3)
Requirement already satisfied: cycler>=0.10 in ./venv/lib/python3.11/site-packages (from matplotlib->-r requirements.txt (line 12)) (0.12.1)
Requirement already satisfied: fonttools>=4.22.0 in ./venv/lib/python3.11/site-packages (from matplotlib->-r requirements.txt (line 12)) (4.62.1)
Requirement already satisfied: kiwisolver>=1.3.1 in ./venv/lib/python3.11/site-packages (from matplotlib->-r requirements.txt (line 12)) (1.5.0)
Requirement already satisfied: pyparsing>=3 in ./venv/lib/python3.11/site-packages (from matplotlib->-r requirements.txt (line 12)) (3.3.2)
Requirement already satisfied: Mako in ./venv/lib/python3.11/site-packages (from alembic>=1.5.0->optuna->-r requirements.txt (line 8)) (1.3.12)
Requirement already satisfied: six>=1.5 in ./venv/lib/python3.11/site-packages (from python-dateutil>=2.8.2->pandas->-r requirements.txt (line 10)) (1.17.0)
Requirement already satisfied: greenlet>=1 in ./venv/lib/python3.11/site-packages (from sqlalchemy>=1.4.2->optuna->-r requirements.txt (line 8)) (3.5.0)
Requirement already satisfied: mpmath<1.4,>=1.1.0 in ./venv/lib/python3.11/site-packages (from sympy>=1.13.3->torch->-r requirements.txt (line 2)) (1.3.0)
Requirement already satisfied: hf-xet<2.0.0,>=1.4.3 in ./venv/lib/python3.11/site-packages (from huggingface_hub->timm->-r requirements.txt (line 7)) (1.5.0)
Requirement already satisfied: httpx<1,>=0.23.0 in ./venv/lib/python3.11/site-packages (from huggingface_hub->timm->-r requirements.txt (line 7)) (0.28.1)
Requirement already satisfied: typer in ./venv/lib/python3.11/site-packages (from huggingface_hub->timm->-r requirements.txt (line 7)) (0.25.1)
Requirement already satisfied: anyio in ./venv/lib/python3.11/site-packages (from httpx<1,>=0.23.0->huggingface_hub->timm->-r requirements.txt (line 7)) (4.13.0)
Requirement already satisfied: certifi in ./venv/lib/python3.11/site-packages (from httpx<1,>=0.23.0->huggingface_hub->timm->-r requirements.txt (line 7)) (2026.4.22)
Requirement already satisfied: httpcore==1.* in ./venv/lib/python3.11/site-packages (from httpx<1,>=0.23.0->huggingface_hub->timm->-r requirements.txt (line 7)) (1.0.9)
Requirement already satisfied: idna in ./venv/lib/python3.11/site-packages (from httpx<1,>=0.23.0->huggingface_hub->timm->-r requirements.txt (line 7)) (3.13)
Requirement already satisfied: h11>=0.16 in ./venv/lib/python3.11/site-packages (from httpcore==1.*->httpx<1,>=0.23.0->huggingface_hub->timm->-r requirements.txt (line 7)) (0.16.0)
Requirement already satisfied: MarkupSafe>=2.0 in ./venv/lib/python3.11/site-packages (from jinja2->torch->-r requirements.txt (line 2)) (3.0.3)
Requirement already satisfied: click>=8.2.1 in ./venv/lib/python3.11/site-packages (from typer->huggingface_hub->timm->-r requirements.txt (line 7)) (8.3.3)
Requirement already satisfied: shellingham>=1.3.0 in ./venv/lib/python3.11/site-packages (from typer->huggingface_hub->timm->-r requirements.txt (line 7)) (1.5.4)
Requirement already satisfied: rich>=13.8.0 in ./venv/lib/python3.11/site-packages (from typer->huggingface_hub->timm->-r requirements.txt (line 7)) (15.0.0)
Requirement already satisfied: annotated-doc>=0.0.2 in ./venv/lib/python3.11/site-packages (from typer->huggingface_hub->timm->-r requirements.txt (line 7)) (0.0.4)
Requirement already satisfied: markdown-it-py>=2.2.0 in ./venv/lib/python3.11/site-packages (from rich>=13.8.0->typer->huggingface_hub->timm->-r requirements.txt (line 7)) (4.0.0)
Requirement already satisfied: pygments<3.0.0,>=2.13.0 in ./venv/lib/python3.11/site-packages (from rich>=13.8.0->typer->huggingface_hub->timm->-r requirements.txt (line 7)) (2.20.0)
Requirement already satisfied: mdurl~=0.1 in ./venv/lib/python3.11/site-packages (from markdown-it-py>=2.2.0->rich>=13.8.0->typer->huggingface_hub->timm->-r requirements.txt (line 7)) (0.1.2)
=== CUDA / PyTorch check ===
torch: 2.11.0+cu126
torch.version.cuda: 12.6
cuda available: True
gpu: NVIDIA GeForce RTX 4090
gpu memory GB: 22.15
=== nvidia-smi ===
Thu May  7 00:15:05 2026       
+-----------------------------------------------------------------------------------------+
| NVIDIA-SMI 550.163.01             Driver Version: 550.163.01     CUDA Version: 12.4     |
|-----------------------------------------+------------------------+----------------------+
| GPU  Name                 Persistence-M | Bus-Id          Disp.A | Volatile Uncorr. ECC |
| Fan  Temp   Perf          Pwr:Usage/Cap |           Memory-Usage | GPU-Util  Compute M. |
|                                         |                        |               MIG M. |
|=========================================+========================+======================|
|   0  NVIDIA GeForce RTX 4090        On  |   00000000:61:00.0 Off |                    0 |
| 30%   35C    P8             18W /  450W |       2MiB /  23028MiB |      0%      Default |
|                                         |                        |                  N/A |
+-----------------------------------------+------------------------+----------------------+
|   1  NVIDIA GeForce RTX 4090        On  |   00000000:C1:00.0 Off |                    0 |
| 30%   35C    P8             22W /  450W |       2MiB /  23028MiB |      0%      Default |
|                                         |                        |                  N/A |
+-----------------------------------------+------------------------+----------------------+
                                                                                         
+-----------------------------------------------------------------------------------------+
| Processes:                                                                              |
|  GPU   GI   CI        PID   Type   Process name                              GPU Memory |
|        ID   ID                                                               Usage      |
|=========================================================================================|
|  No running processes found                                                             |
+-----------------------------------------------------------------------------------------+
=== Starting EfficientNetV2-M final training ===
================================================================================
Bone Age Training - EfficientNetV2-M
================================================================================
Project directory: /storage/homefs/eb19p026/DL_Project
CSV path: /storage/homefs/eb19p026/DL_Project/boneage-training-dataset.csv
Image directory: /storage/homefs/eb19p026/DL_Project/cropped_overlayed_RSNA_dataset_1024x1024
Output directory: /storage/homefs/eb19p026/DL_Project/efficientnetv2-m_training
Model: tf_efficientnetv2_m.in21k
Image size: 1024x1024
Batch size: 32
Gradient accumulation steps: 1
Effective batch size: 32
Backbone LR: 2.6827251621760116e-05
Head LR: 0.00013413625810880059
Weight decay: 2.66986667427446e-05
Drop path: 0.1
Head dropout: 0.0
Hidden dim: 1024
Smooth L1 beta: 3.0
Augmentation preset: medium
Using device: cuda
Using AMP: True
================================================================================
Indexed 12584 images from: /storage/homefs/eb19p026/DL_Project/cropped_overlayed_RSNA_dataset_1024x1024
Warning: 27 CSV rows have no matching image.
Missing image report saved to: /storage/homefs/eb19p026/DL_Project/efficientnetv2-m_training/plots/missing_images.csv
Using 12584 samples after image filtering.
Train samples: 10696
Validation samples: 1888

Epoch 1/200
