=== Job started ===
Job ID: 3735167
Host: gnode22
Date: Sat May  9 12:50:15 PM CEST 2026
=== Loaded modules ===
=== Python environment ===
CWD: /storage/homefs/eb19p026/DL_Project
Python: /storage/homefs/eb19p026/DL_Project/venv/bin/python
Python 3.11.3
Requirement already satisfied: pip in ./venv/lib/python3.11/site-packages (26.1.1)
Looking in indexes: https://download.pytorch.org/whl/cu126, https://pypi.org/simple
Requirement already satisfied: torch in ./venv/lib/python3.11/site-packages (from -r requirements.txt (line 2)) (2.11.0+cu126)
Requirement already satisfied: torchvision in ./venv/lib/python3.11/site-packages (from -r requirements.txt (line 3)) (0.26.0+cu126)
Requirement already satisfied: torchaudio in ./venv/lib/python3.11/site-packages (from -r requirements.txt (line 4)) (2.11.0+cu126)
Requirement already satisfied: timm in ./venv/lib/python3.11/site-packages (from -r requirements.txt (line 7)) (1.0.26)
Requirement already satisfied: optuna in ./venv/lib/python3.11/site-packages (from -r requirements.txt (line 8)) (4.8.0)
Requirement already satisfied: numpy in ./venv/lib/python3.11/site-packages (from -r requirements.txt (line 9)) (2.4.4)
Requirement already satisfied: pandas in ./venv/lib/python3.11/site-packages (from -r requirements.txt (line 10)) (3.0.2)
Requirement already satisfied: scikit-learn in ./venv/lib/python3.11/site-packages (from -r requirements.txt (line 11)) (1.8.0)
Requirement already satisfied: matplotlib in ./venv/lib/python3.11/site-packages (from -r requirements.txt (line 12)) (3.10.9)
Requirement already satisfied: pillow in ./venv/lib/python3.11/site-packages (from -r requirements.txt (line 13)) (12.2.0)
Requirement already satisfied: tqdm in ./venv/lib/python3.11/site-packages (from -r requirements.txt (line 14)) (4.67.3)
Requirement already satisfied: filelock in ./venv/lib/python3.11/site-packages (from torch->-r requirements.txt (line 2)) (3.29.0)
Requirement already satisfied: typing-extensions>=4.10.0 in ./venv/lib/python3.11/site-packages (from torch->-r requirements.txt (line 2)) (4.15.0)
Requirement already satisfied: setuptools<82 in ./venv/lib/python3.11/site-packages (from torch->-r requirements.txt (line 2)) (65.5.0)
Requirement already satisfied: sympy>=1.13.3 in ./venv/lib/python3.11/site-packages (from torch->-r requirements.txt (line 2)) (1.14.0)
Requirement already satisfied: networkx>=2.5.1 in ./venv/lib/python3.11/site-packages (from torch->-r requirements.txt (line 2)) (3.6.1)
Requirement already satisfied: jinja2 in ./venv/lib/python3.11/site-packages (from torch->-r requirements.txt (line 2)) (3.1.6)
Requirement already satisfied: fsspec>=0.8.5 in ./venv/lib/python3.11/site-packages (from torch->-r requirements.txt (line 2)) (2026.4.0)
Requirement already satisfied: cuda-toolkit==12.6.3 in ./venv/lib/python3.11/site-packages (from cuda-toolkit[cublas,cudart,cufft,cufile,cupti,curand,cusolver,cusparse,nvjitlink,nvrtc,nvtx]==12.6.3; platform_system == "Linux"->torch->-r requirements.txt (line 2)) (12.6.3)
Requirement already satisfied: cuda-bindings<13,>=12.9.4 in ./venv/lib/python3.11/site-packages (from torch->-r requirements.txt (line 2)) (12.9.6)
Requirement already satisfied: nvidia-cudnn-cu12==9.10.2.21 in ./venv/lib/python3.11/site-packages (from torch->-r requirements.txt (line 2)) (9.10.2.21)
Requirement already satisfied: nvidia-cusparselt-cu12==0.7.1 in ./venv/lib/python3.11/site-packages (from torch->-r requirements.txt (line 2)) (0.7.1)
Requirement already satisfied: nvidia-nccl-cu12==2.28.9 in ./venv/lib/python3.11/site-packages (from torch->-r requirements.txt (line 2)) (2.28.9)
Requirement already satisfied: nvidia-nvshmem-cu12==3.4.5 in ./venv/lib/python3.11/site-packages (from torch->-r requirements.txt (line 2)) (3.4.5)
Requirement already satisfied: triton==3.6.0 in ./venv/lib/python3.11/site-packages (from torch->-r requirements.txt (line 2)) (3.6.0)
Requirement already satisfied: nvidia-cublas-cu12==12.6.4.1.* in ./venv/lib/python3.11/site-packages (from cuda-toolkit[cublas,cudart,cufft,cufile,cupti,curand,cusolver,cusparse,nvjitlink,nvrtc,nvtx]==12.6.3; platform_system == "Linux"->torch->-r requirements.txt (line 2)) (12.6.4.1)
Requirement already satisfied: nvidia-cuda-runtime-cu12==12.6.77.* in ./venv/lib/python3.11/site-packages (from cuda-toolkit[cublas,cudart,cufft,cufile,cupti,curand,cusolver,cusparse,nvjitlink,nvrtc,nvtx]==12.6.3; platform_system == "Linux"->torch->-r requirements.txt (line 2)) (12.6.77)
Requirement already satisfied: nvidia-cufft-cu12==11.3.0.4.* in ./venv/lib/python3.11/site-packages (from cuda-toolkit[cublas,cudart,cufft,cufile,cupti,curand,cusolver,cusparse,nvjitlink,nvrtc,nvtx]==12.6.3; platform_system == "Linux"->torch->-r requirements.txt (line 2)) (11.3.0.4)
Requirement already satisfied: nvidia-cufile-cu12==1.11.1.6.* in ./venv/lib/python3.11/site-packages (from cuda-toolkit[cublas,cudart,cufft,cufile,cupti,curand,cusolver,cusparse,nvjitlink,nvrtc,nvtx]==12.6.3; platform_system == "Linux"->torch->-r requirements.txt (line 2)) (1.11.1.6)
Requirement already satisfied: nvidia-cuda-cupti-cu12==12.6.80.* in ./venv/lib/python3.11/site-packages (from cuda-toolkit[cublas,cudart,cufft,cufile,cupti,curand,cusolver,cusparse,nvjitlink,nvrtc,nvtx]==12.6.3; platform_system == "Linux"->torch->-r requirements.txt (line 2)) (12.6.80)
Requirement already satisfied: nvidia-curand-cu12==10.3.7.77.* in ./venv/lib/python3.11/site-packages (from cuda-toolkit[cublas,cudart,cufft,cufile,cupti,curand,cusolver,cusparse,nvjitlink,nvrtc,nvtx]==12.6.3; platform_system == "Linux"->torch->-r requirements.txt (line 2)) (10.3.7.77)
Requirement already satisfied: nvidia-cusolver-cu12==11.7.1.2.* in ./venv/lib/python3.11/site-packages (from cuda-toolkit[cublas,cudart,cufft,cufile,cupti,curand,cusolver,cusparse,nvjitlink,nvrtc,nvtx]==12.6.3; platform_system == "Linux"->torch->-r requirements.txt (line 2)) (11.7.1.2)
Requirement already satisfied: nvidia-cusparse-cu12==12.5.4.2.* in ./venv/lib/python3.11/site-packages (from cuda-toolkit[cublas,cudart,cufft,cufile,cupti,curand,cusolver,cusparse,nvjitlink,nvrtc,nvtx]==12.6.3; platform_system == "Linux"->torch->-r requirements.txt (line 2)) (12.5.4.2)
Requirement already satisfied: nvidia-nvjitlink-cu12==12.6.85.* in ./venv/lib/python3.11/site-packages (from cuda-toolkit[cublas,cudart,cufft,cufile,cupti,curand,cusolver,cusparse,nvjitlink,nvrtc,nvtx]==12.6.3; platform_system == "Linux"->torch->-r requirements.txt (line 2)) (12.6.85)
Requirement already satisfied: nvidia-cuda-nvrtc-cu12==12.6.85.* in ./venv/lib/python3.11/site-packages (from cuda-toolkit[cublas,cudart,cufft,cufile,cupti,curand,cusolver,cusparse,nvjitlink,nvrtc,nvtx]==12.6.3; platform_system == "Linux"->torch->-r requirements.txt (line 2)) (12.6.85)
Requirement already satisfied: nvidia-nvtx-cu12==12.6.77.* in ./venv/lib/python3.11/site-packages (from cuda-toolkit[cublas,cudart,cufft,cufile,cupti,curand,cusolver,cusparse,nvjitlink,nvrtc,nvtx]==12.6.3; platform_system == "Linux"->torch->-r requirements.txt (line 2)) (12.6.77)
Requirement already satisfied: cuda-pathfinder~=1.1 in ./venv/lib/python3.11/site-packages (from cuda-bindings<13,>=12.9.4->torch->-r requirements.txt (line 2)) (1.5.4)
Requirement already satisfied: pyyaml in ./venv/lib/python3.11/site-packages (from timm->-r requirements.txt (line 7)) (6.0.3)
Requirement already satisfied: huggingface_hub in ./venv/lib/python3.11/site-packages (from timm->-r requirements.txt (line 7)) (1.13.0)
Requirement already satisfied: safetensors in ./venv/lib/python3.11/site-packages (from timm->-r requirements.txt (line 7)) (0.7.0)
Requirement already satisfied: alembic>=1.5.0 in ./venv/lib/python3.11/site-packages (from optuna->-r requirements.txt (line 8)) (1.18.4)
Requirement already satisfied: colorlog in ./venv/lib/python3.11/site-packages (from optuna->-r requirements.txt (line 8)) (6.10.1)
Requirement already satisfied: packaging>=20.0 in ./venv/lib/python3.11/site-packages (from optuna->-r requirements.txt (line 8)) (26.2)
Requirement already satisfied: sqlalchemy>=1.4.2 in ./venv/lib/python3.11/site-packages (from optuna->-r requirements.txt (line 8)) (2.0.49)
Requirement already satisfied: python-dateutil>=2.8.2 in ./venv/lib/python3.11/site-packages (from pandas->-r requirements.txt (line 10)) (2.9.0.post0)
Requirement already satisfied: scipy>=1.10.0 in ./venv/lib/python3.11/site-packages (from scikit-learn->-r requirements.txt (line 11)) (1.17.1)
Requirement already satisfied: joblib>=1.3.0 in ./venv/lib/python3.11/site-packages (from scikit-learn->-r requirements.txt (line 11)) (1.5.3)
Requirement already satisfied: threadpoolctl>=3.2.0 in ./venv/lib/python3.11/site-packages (from scikit-learn->-r requirements.txt (line 11)) (3.6.0)
Requirement already satisfied: contourpy>=1.0.1 in ./venv/lib/python3.11/site-packages (from matplotlib->-r requirements.txt (line 12)) (1.3.3)
Requirement already satisfied: cycler>=0.10 in ./venv/lib/python3.11/site-packages (from matplotlib->-r requirements.txt (line 12)) (0.12.1)
Requirement already satisfied: fonttools>=4.22.0 in ./venv/lib/python3.11/site-packages (from matplotlib->-r requirements.txt (line 12)) (4.62.1)
Requirement already satisfied: kiwisolver>=1.3.1 in ./venv/lib/python3.11/site-packages (from matplotlib->-r requirements.txt (line 12)) (1.5.0)
Requirement already satisfied: pyparsing>=3 in ./venv/lib/python3.11/site-packages (from matplotlib->-r requirements.txt (line 12)) (3.3.2)
Requirement already satisfied: Mako in ./venv/lib/python3.11/site-packages (from alembic>=1.5.0->optuna->-r requirements.txt (line 8)) (1.3.12)
Requirement already satisfied: six>=1.5 in ./venv/lib/python3.11/site-packages (from python-dateutil>=2.8.2->pandas->-r requirements.txt (line 10)) (1.17.0)
Requirement already satisfied: greenlet>=1 in ./venv/lib/python3.11/site-packages (from sqlalchemy>=1.4.2->optuna->-r requirements.txt (line 8)) (3.5.0)
Requirement already satisfied: mpmath<1.4,>=1.1.0 in ./venv/lib/python3.11/site-packages (from sympy>=1.13.3->torch->-r requirements.txt (line 2)) (1.3.0)
Requirement already satisfied: hf-xet<2.0.0,>=1.4.3 in ./venv/lib/python3.11/site-packages (from huggingface_hub->timm->-r requirements.txt (line 7)) (1.5.0)
Requirement already satisfied: httpx<1,>=0.23.0 in ./venv/lib/python3.11/site-packages (from huggingface_hub->timm->-r requirements.txt (line 7)) (0.28.1)
Requirement already satisfied: typer in ./venv/lib/python3.11/site-packages (from huggingface_hub->timm->-r requirements.txt (line 7)) (0.25.1)
Requirement already satisfied: anyio in ./venv/lib/python3.11/site-packages (from httpx<1,>=0.23.0->huggingface_hub->timm->-r requirements.txt (line 7)) (4.13.0)
Requirement already satisfied: certifi in ./venv/lib/python3.11/site-packages (from httpx<1,>=0.23.0->huggingface_hub->timm->-r requirements.txt (line 7)) (2026.4.22)
Requirement already satisfied: httpcore==1.* in ./venv/lib/python3.11/site-packages (from httpx<1,>=0.23.0->huggingface_hub->timm->-r requirements.txt (line 7)) (1.0.9)
Requirement already satisfied: idna in ./venv/lib/python3.11/site-packages (from httpx<1,>=0.23.0->huggingface_hub->timm->-r requirements.txt (line 7)) (3.13)
Requirement already satisfied: h11>=0.16 in ./venv/lib/python3.11/site-packages (from httpcore==1.*->httpx<1,>=0.23.0->huggingface_hub->timm->-r requirements.txt (line 7)) (0.16.0)
Requirement already satisfied: MarkupSafe>=2.0 in ./venv/lib/python3.11/site-packages (from jinja2->torch->-r requirements.txt (line 2)) (3.0.3)
Requirement already satisfied: click>=8.2.1 in ./venv/lib/python3.11/site-packages (from typer->huggingface_hub->timm->-r requirements.txt (line 7)) (8.3.3)
Requirement already satisfied: shellingham>=1.3.0 in ./venv/lib/python3.11/site-packages (from typer->huggingface_hub->timm->-r requirements.txt (line 7)) (1.5.4)
Requirement already satisfied: rich>=13.8.0 in ./venv/lib/python3.11/site-packages (from typer->huggingface_hub->timm->-r requirements.txt (line 7)) (15.0.0)
Requirement already satisfied: annotated-doc>=0.0.2 in ./venv/lib/python3.11/site-packages (from typer->huggingface_hub->timm->-r requirements.txt (line 7)) (0.0.4)
Requirement already satisfied: markdown-it-py>=2.2.0 in ./venv/lib/python3.11/site-packages (from rich>=13.8.0->typer->huggingface_hub->timm->-r requirements.txt (line 7)) (4.0.0)
Requirement already satisfied: pygments<3.0.0,>=2.13.0 in ./venv/lib/python3.11/site-packages (from rich>=13.8.0->typer->huggingface_hub->timm->-r requirements.txt (line 7)) (2.20.0)
Requirement already satisfied: mdurl~=0.1 in ./venv/lib/python3.11/site-packages (from markdown-it-py>=2.2.0->rich>=13.8.0->typer->huggingface_hub->timm->-r requirements.txt (line 7)) (0.1.2)
=== CUDA / PyTorch check ===
torch: 2.11.0+cu126
torch.version.cuda: 12.6
cuda available: True
gpu: NVIDIA GeForce RTX 4090
gpu memory GB: 22.15
=== timm ConvNeXtV2 check ===
Requested model: convnextv2_tiny
Model available: True
Trying to instantiate model with pretrained=True...
Model created successfully.
Feature dim: 768
=== nvidia-smi ===
Sat May  9 12:51:10 2026       
+-----------------------------------------------------------------------------------------+
| NVIDIA-SMI 550.163.01             Driver Version: 550.163.01     CUDA Version: 12.4     |
|-----------------------------------------+------------------------+----------------------+
| GPU  Name                 Persistence-M | Bus-Id          Disp.A | Volatile Uncorr. ECC |
| Fan  Temp   Perf          Pwr:Usage/Cap |           Memory-Usage | GPU-Util  Compute M. |
|                                         |                        |               MIG M. |
|=========================================+========================+======================|
|   0  NVIDIA GeForce RTX 4090        On  |   00000000:C1:00.0 Off |                    0 |
| 30%   33C    P8             22W /  450W |       2MiB /  23028MiB |      0%      Default |
|                                         |                        |                  N/A |
+-----------------------------------------+------------------------+----------------------+
|   1  NVIDIA GeForce RTX 4090        On  |   00000000:E1:00.0 Off |                    0 |
| 30%   33C    P8             21W /  450W |       2MiB /  23028MiB |      0%      Default |
|                                         |                        |                  N/A |
+-----------------------------------------+------------------------+----------------------+
                                                                                         
+-----------------------------------------------------------------------------------------+
| Processes:                                                                              |
|  GPU   GI   CI        PID   Type   Process name                              GPU Memory |
|        ID   ID                                                               Usage      |
|=========================================================================================|
|  No running processes found                                                             |
+-----------------------------------------------------------------------------------------+
=== Starting ConvNeXtV2-Tiny final training ===
================================================================================
Bone Age Training - ConvNeXtV2-Tiny
================================================================================
Project directory: /storage/homefs/eb19p026/DL_Project
CSV path: /storage/homefs/eb19p026/DL_Project/boneage-training-dataset.csv
Image directory: /storage/homefs/eb19p026/DL_Project/cropped_overlayed_RSNA_dataset_1024x1024
Output directory: /storage/homefs/eb19p026/DL_Project/convnextv2_tiny_training
Model: convnextv2_tiny
Image size: 512x512
Batch size: 32
Gradient accumulation steps: 1
Effective batch size: 32
Backbone LR: 2.890293271326065e-05
Head LR: 0.0002890293271326065
Weight decay: 2.3686574806450328e-05
Drop path: 0.1
Head dropout: 0.0
Hidden dim: 2048
Smooth L1 beta: 7.0
Augmentation preset: light
Using device: cuda
Using AMP: True
================================================================================
Indexed 12584 images from: /storage/homefs/eb19p026/DL_Project/cropped_overlayed_RSNA_dataset_1024x1024
Warning: 27 CSV rows have no matching image.
Missing image report saved to: /storage/homefs/eb19p026/DL_Project/convnextv2_tiny_training/plots/missing_images.csv
Using 12584 samples after image filtering.
Train samples: 10696
Validation samples: 1888

Epoch 1/200
Epoch 1 | Train MAE: 52.51 | Val MAE: 15.50 | Val RMSE: 19.86 | Backbone LR: 1.156e-05 | Head LR: 1.156e-04
New best model saved. Best Val MAE: 15.50

Epoch 2/200
Epoch 2 | Train MAE: 14.23 | Val MAE: 12.21 | Val RMSE: 15.46 | Backbone LR: 1.734e-05 | Head LR: 1.734e-04
New best model saved. Best Val MAE: 12.21

Epoch 3/200
Epoch 3 | Train MAE: 11.76 | Val MAE: 9.78 | Val RMSE: 12.52 | Backbone LR: 2.312e-05 | Head LR: 2.312e-04
New best model saved. Best Val MAE: 9.78

Epoch 4/200
Epoch 4 | Train MAE: 10.84 | Val MAE: 9.70 | Val RMSE: 12.45 | Backbone LR: 2.890e-05 | Head LR: 2.890e-04
New best model saved. Best Val MAE: 9.70

Epoch 5/200
Epoch 5 | Train MAE: 9.77 | Val MAE: 9.58 | Val RMSE: 12.24 | Backbone LR: 2.890e-05 | Head LR: 2.890e-04
New best model saved. Best Val MAE: 9.58

Epoch 6/200
Epoch 6 | Train MAE: 9.06 | Val MAE: 10.61 | Val RMSE: 13.31 | Backbone LR: 2.890e-05 | Head LR: 2.890e-04
No improvement. Patience: 1/20

Epoch 7/200
Epoch 7 | Train MAE: 8.35 | Val MAE: 7.48 | Val RMSE: 9.73 | Backbone LR: 2.890e-05 | Head LR: 2.890e-04
New best model saved. Best Val MAE: 7.48

Epoch 8/200
Epoch 8 | Train MAE: 7.92 | Val MAE: 7.60 | Val RMSE: 9.76 | Backbone LR: 2.889e-05 | Head LR: 2.889e-04
No improvement. Patience: 1/20

Epoch 9/200
Epoch 9 | Train MAE: 7.47 | Val MAE: 8.38 | Val RMSE: 10.38 | Backbone LR: 2.887e-05 | Head LR: 2.887e-04
No improvement. Patience: 2/20

Epoch 10/200
Epoch 10 | Train MAE: 7.13 | Val MAE: 6.90 | Val RMSE: 9.07 | Backbone LR: 2.886e-05 | Head LR: 2.886e-04
New best model saved. Best Val MAE: 6.90

Epoch 11/200
Epoch 11 | Train MAE: 7.00 | Val MAE: 6.79 | Val RMSE: 8.82 | Backbone LR: 2.884e-05 | Head LR: 2.884e-04
New best model saved. Best Val MAE: 6.79

Epoch 12/200
Epoch 12 | Train MAE: 6.71 | Val MAE: 6.63 | Val RMSE: 8.70 | Backbone LR: 2.881e-05 | Head LR: 2.881e-04
New best model saved. Best Val MAE: 6.63

Epoch 13/200
Epoch 13 | Train MAE: 6.55 | Val MAE: 7.87 | Val RMSE: 10.32 | Backbone LR: 2.878e-05 | Head LR: 2.878e-04
No improvement. Patience: 1/20

Epoch 14/200
Epoch 14 | Train MAE: 6.36 | Val MAE: 7.56 | Val RMSE: 9.77 | Backbone LR: 2.875e-05 | Head LR: 2.875e-04
No improvement. Patience: 2/20

Epoch 15/200
Epoch 15 | Train MAE: 6.37 | Val MAE: 6.32 | Val RMSE: 8.39 | Backbone LR: 2.872e-05 | Head LR: 2.872e-04
New best model saved. Best Val MAE: 6.32

Epoch 16/200
Epoch 16 | Train MAE: 6.39 | Val MAE: 8.45 | Val RMSE: 10.86 | Backbone LR: 2.868e-05 | Head LR: 2.868e-04
No improvement. Patience: 1/20

Epoch 17/200
Epoch 17 | Train MAE: 6.08 | Val MAE: 6.65 | Val RMSE: 8.81 | Backbone LR: 2.863e-05 | Head LR: 2.863e-04
No improvement. Patience: 2/20

Epoch 18/200
Epoch 18 | Train MAE: 5.99 | Val MAE: 6.54 | Val RMSE: 8.66 | Backbone LR: 2.859e-05 | Head LR: 2.859e-04
No improvement. Patience: 3/20

Epoch 19/200
Epoch 19 | Train MAE: 5.89 | Val MAE: 7.12 | Val RMSE: 9.41 | Backbone LR: 2.854e-05 | Head LR: 2.854e-04
No improvement. Patience: 4/20

Epoch 20/200
Epoch 20 | Train MAE: 5.65 | Val MAE: 6.34 | Val RMSE: 8.47 | Backbone LR: 2.848e-05 | Head LR: 2.848e-04
No improvement. Patience: 5/20

Epoch 21/200
Epoch 21 | Train MAE: 5.58 | Val MAE: 7.83 | Val RMSE: 10.08 | Backbone LR: 2.843e-05 | Head LR: 2.843e-04
No improvement. Patience: 6/20

Epoch 22/200
Epoch 22 | Train MAE: 5.55 | Val MAE: 6.67 | Val RMSE: 8.93 | Backbone LR: 2.836e-05 | Head LR: 2.836e-04
No improvement. Patience: 7/20

Epoch 23/200
Epoch 23 | Train MAE: 5.31 | Val MAE: 6.68 | Val RMSE: 8.82 | Backbone LR: 2.830e-05 | Head LR: 2.830e-04
No improvement. Patience: 8/20

Epoch 24/200
Epoch 24 | Train MAE: 5.25 | Val MAE: 6.64 | Val RMSE: 8.81 | Backbone LR: 2.823e-05 | Head LR: 2.823e-04
No improvement. Patience: 9/20

Epoch 25/200
Epoch 25 | Train MAE: 5.33 | Val MAE: 6.56 | Val RMSE: 8.85 | Backbone LR: 2.816e-05 | Head LR: 2.816e-04
No improvement. Patience: 10/20

Epoch 26/200
Epoch 26 | Train MAE: 5.00 | Val MAE: 6.70 | Val RMSE: 8.89 | Backbone LR: 2.808e-05 | Head LR: 2.808e-04
No improvement. Patience: 11/20

Epoch 27/200
Epoch 27 | Train MAE: 4.99 | Val MAE: 6.92 | Val RMSE: 9.08 | Backbone LR: 2.800e-05 | Head LR: 2.800e-04
No improvement. Patience: 12/20

Epoch 28/200
Epoch 28 | Train MAE: 4.86 | Val MAE: 6.78 | Val RMSE: 9.00 | Backbone LR: 2.792e-05 | Head LR: 2.792e-04
No improvement. Patience: 13/20

Epoch 29/200
Epoch 29 | Train MAE: 4.90 | Val MAE: 6.97 | Val RMSE: 9.19 | Backbone LR: 2.784e-05 | Head LR: 2.784e-04
No improvement. Patience: 14/20

Epoch 30/200
Epoch 30 | Train MAE: 4.72 | Val MAE: 6.43 | Val RMSE: 8.59 | Backbone LR: 2.775e-05 | Head LR: 2.775e-04
No improvement. Patience: 15/20

Epoch 31/200
Epoch 31 | Train MAE: 4.79 | Val MAE: 7.13 | Val RMSE: 9.36 | Backbone LR: 2.765e-05 | Head LR: 2.765e-04
No improvement. Patience: 16/20

Epoch 32/200
Epoch 32 | Train MAE: 4.57 | Val MAE: 6.96 | Val RMSE: 9.14 | Backbone LR: 2.756e-05 | Head LR: 2.756e-04
No improvement. Patience: 17/20

Epoch 33/200
Epoch 33 | Train MAE: 4.44 | Val MAE: 6.76 | Val RMSE: 8.98 | Backbone LR: 2.746e-05 | Head LR: 2.746e-04
No improvement. Patience: 18/20

Epoch 34/200
Epoch 34 | Train MAE: 4.38 | Val MAE: 6.62 | Val RMSE: 8.88 | Backbone LR: 2.735e-05 | Head LR: 2.735e-04
No improvement. Patience: 19/20

Epoch 35/200
Epoch 35 | Train MAE: 4.23 | Val MAE: 7.43 | Val RMSE: 9.91 | Backbone LR: 2.725e-05 | Head LR: 2.725e-04
No improvement. Patience: 20/20
Early stopping triggered. Best Val MAE: 6.32

Training finished.
Best validation MAE: 6.32
Best checkpoint saved to: /storage/homefs/eb19p026/DL_Project/convnextv2_tiny_training/convnextv2_tiny_best.pth
Latest checkpoint saved to: /storage/homefs/eb19p026/DL_Project/convnextv2_tiny_training/convnextv2_tiny_latest.pth
Plots saved to: /storage/homefs/eb19p026/DL_Project/convnextv2_tiny_training/plots
=== ConvNeXtV2-Tiny final training finished ===
Date: Sat May  9 02:14:44 PM CEST 2026
